Component: ARM Compiler 5.06 update 6 (build 750) Tool: armlink [4d35ed]

==============================================================================

Section Cross References

    startup_stm32f405xx.o(STACK) refers (Special) to heapauxi.o(.text) for __use_two_region_memory
    startup_stm32f405xx.o(HEAP) refers (Special) to heapauxi.o(.text) for __use_two_region_memory
    startup_stm32f405xx.o(RESET) refers (Special) to heapauxi.o(.text) for __use_two_region_memory
    startup_stm32f405xx.o(RESET) refers to startup_stm32f405xx.o(STACK) for __initial_sp
    startup_stm32f405xx.o(RESET) refers to startup_stm32f405xx.o(.text) for Reset_Handler
    startup_stm32f405xx.o(RESET) refers to stm32f4xx_it.o(i.NMI_Handler) for NMI_Handler
    startup_stm32f405xx.o(RESET) refers to stm32f4xx_it.o(i.HardFault_Handler) for HardFault_Handler
    startup_stm32f405xx.o(RESET) refers to stm32f4xx_it.o(i.MemManage_Handler) for MemManage_Handler
    startup_stm32f405xx.o(RESET) refers to stm32f4xx_it.o(i.BusFault_Handler) for BusFault_Handler
    startup_stm32f405xx.o(RESET) refers to stm32f4xx_it.o(i.UsageFault_Handler) for UsageFault_Handler
    startup_stm32f405xx.o(RESET) refers to stm32f4xx_it.o(i.SVC_Handler) for SVC_Handler
    startup_stm32f405xx.o(RESET) refers to stm32f4xx_it.o(i.DebugMon_Handler) for DebugMon_Handler
    startup_stm32f405xx.o(RESET) refers to stm32f4xx_it.o(i.PendSV_Handler) for PendSV_Handler
    startup_stm32f405xx.o(RESET) refers to stm32f4xx_it.o(i.SysTick_Handler) for SysTick_Handler
    startup_stm32f405xx.o(RESET) refers to stm32f4xx_it.o(i.USART1_IRQHandler) for USART1_IRQHandler
    startup_stm32f405xx.o(RESET) refers to stm32f4xx_it.o(i.USART3_IRQHandler) for USART3_IRQHandler
    startup_stm32f405xx.o(RESET) refers to stm32f4xx_it.o(i.UART5_IRQHandler) for UART5_IRQHandler
    startup_stm32f405xx.o(RESET) refers to stm32f4xx_it.o(i.USART6_IRQHandler) for USART6_IRQHandler
    startup_stm32f405xx.o(.text) refers (Special) to heapauxi.o(.text) for __use_two_region_memory
    startup_stm32f405xx.o(.text) refers to system_stm32f4xx.o(i.SystemInit) for SystemInit
    startup_stm32f405xx.o(.text) refers to __main.o(!!!main) for __main
    startup_stm32f405xx.o(.text) refers to startup_stm32f405xx.o(HEAP) for Heap_Mem
    startup_stm32f405xx.o(.text) refers to startup_stm32f405xx.o(STACK) for Stack_Mem
    hal_mpu9250.o(i._Z12MPU9250_InitP19__SPI_HandleTypeDefP14MPU9250TypeDef) refers to hal_mpu9250.o(i._Z16MPU9250_ReadDataP19__SPI_HandleTypeDefPhhh) for MPU9250_ReadData(__SPI_HandleTypeDef*, unsigned char*, unsigned char, unsigned char)
    hal_mpu9250.o(i._Z12MPU9250_InitP19__SPI_HandleTypeDefP14MPU9250TypeDef) refers to hal_mpu9250.o(i._Z17MPU9250_WriteDataP19__SPI_HandleTypeDefhh) for MPU9250_WriteData(__SPI_HandleTypeDef*, unsigned char, unsigned char)
    hal_mpu9250.o(i._Z12MPU9250_InitP19__SPI_HandleTypeDefP14MPU9250TypeDef) refers to stm32f4xx_hal.o(i.HAL_Delay) for HAL_Delay
    hal_mpu9250.o(i._Z16MPU9250_ReadDataP19__SPI_HandleTypeDefPhhh) refers to stm32f4xx_hal_gpio.o(i.HAL_GPIO_WritePin) for HAL_GPIO_WritePin
    hal_mpu9250.o(i._Z16MPU9250_ReadDataP19__SPI_HandleTypeDefPhhh) refers to stm32f4xx_hal_spi.o(i.HAL_SPI_Transmit) for HAL_SPI_Transmit
    hal_mpu9250.o(i._Z16MPU9250_ReadDataP19__SPI_HandleTypeDefPhhh) refers to stm32f4xx_hal_spi.o(i.HAL_SPI_Receive) for HAL_SPI_Receive
    hal_mpu9250.o(i._Z17MPU9250_WriteDataP19__SPI_HandleTypeDefhh) refers to stm32f4xx_hal_gpio.o(i.HAL_GPIO_WritePin) for HAL_GPIO_WritePin
    hal_mpu9250.o(i._Z17MPU9250_WriteDataP19__SPI_HandleTypeDefhh) refers to stm32f4xx_hal_spi.o(i.HAL_SPI_Transmit) for HAL_SPI_Transmit
    hal_mpu9250.o(.ARM.exidx) refers to hal_mpu9250.o(i._Z17MPU9250_WriteDataP19__SPI_HandleTypeDefhh) for i._Z17MPU9250_WriteDataP19__SPI_HandleTypeDefhh
    hal_mpu9250.o(.ARM.exidx) refers to hal_mpu9250.o(i._Z16MPU9250_ReadDataP19__SPI_HandleTypeDefPhhh) for i._Z16MPU9250_ReadDataP19__SPI_HandleTypeDefPhhh
    hal_mpu9250.o(.ARM.exidx) refers to hal_mpu9250.o(i._Z12MPU9250_InitP19__SPI_HandleTypeDefP14MPU9250TypeDef) for i._Z12MPU9250_InitP19__SPI_HandleTypeDefP14MPU9250TypeDef
    eeprom.o(i._Z15EE_ReadVariabletPs) refers to eeprom.o(i._ZN28_INTERNAL_8_eeprom_c_DataVar16EE_FindValidPageEh) for [local to eeprom_c]::EE_FindValidPage(unsigned char)
    eeprom.o(i._Z16EE_WriteVariablets) refers to eeprom.o(i._ZN28_INTERNAL_8_eeprom_c_DataVar30EE_VerifyPageFullWriteVariableEtt) for [local to eeprom_c]::EE_VerifyPageFullWriteVariable(unsigned short, unsigned short)
    eeprom.o(i._Z16EE_WriteVariablets) refers to eeprom.o(i._ZN28_INTERNAL_8_eeprom_c_DataVar15EE_PageTransferEtt) for [local to eeprom_c]::EE_PageTransfer(unsigned short, unsigned short)
    eeprom.o(i._Z7EE_Initv) refers to eeprom.o(i._ZN28_INTERNAL_8_eeprom_c_DataVar24EE_VerifyPageFullyErasedEj) for [local to eeprom_c]::EE_VerifyPageFullyErased(unsigned)
    eeprom.o(i._Z7EE_Initv) refers to stm32f4xx_hal_flash_ex.o(i.HAL_FLASHEx_Erase) for HAL_FLASHEx_Erase
[...]
    $v0                                      0x08008a2c   Number         0  dfixu.o(x$fpl$dfixu)
    x$fpl$dflt                               0x08008a86   Section       46  dflt_clz.o(x$fpl$dflt)
    $v0                                      0x08008a86   Number         0  dflt_clz.o(x$fpl$dflt)
    x$fpl$dfltu                              0x08008ab4   Section       38  dflt_clz.o(x$fpl$dfltu)
    $v0                                      0x08008ab4   Number         0  dflt_clz.o(x$fpl$dfltu)
    x$fpl$dleqf                              0x08008adc   Section      120  dleqf.o(x$fpl$dleqf)
    $v0                                      0x08008adc   Number         0  dleqf.o(x$fpl$dleqf)
    x$fpl$dmul                               0x08008b54   Section      340  dmul.o(x$fpl$dmul)
    $v0                                      0x08008b54   Number         0  dmul.o(x$fpl$dmul)
    x$fpl$dnaninf                            0x08008ca8   Section      156  dnaninf.o(x$fpl$dnaninf)
    $v0                                      0x08008ca8   Number         0  dnaninf.o(x$fpl$dnaninf)
    x$fpl$dretinf                            0x08008d44   Section       12  dretinf.o(x$fpl$dretinf)
    $v0                                      0x08008d44   Number         0  dretinf.o(x$fpl$dretinf)
    x$fpl$drleqf                             0x08008d50   Section      108  drleqf.o(x$fpl$drleqf)
    $v0                                      0x08008d50   Number         0  drleqf.o(x$fpl$drleqf)
    x$fpl$drsb                               0x08008dbc   Section       22  daddsub_clz.o(x$fpl$drsb)
    $v0                                      0x08008dbc   Number         0  daddsub_clz.o(x$fpl$drsb)
    x$fpl$dsqrt                              0x08008dd4   Section      408  dsqrt_umaal.o(x$fpl$dsqrt)
    $v0                                      0x08008dd4   Number         0  dsqrt_umaal.o(x$fpl$dsqrt)
    x$fpl$dsub                               0x08008f6c   Section      468  daddsub_clz.o(x$fpl$dsub)
    $v0                                      0x08008f6c   Number         0  daddsub_clz.o(x$fpl$dsub)
    _dsub1                                   0x08008f7d   Thumb Code     0  daddsub_clz.o(x$fpl$dsub)
    x$fpl$fpinit                             0x08009140   Section       10  fpinit.o(x$fpl$fpinit)
    $v0                                      0x08009140   Number         0  fpinit.o(x$fpl$fpinit)
    .constdata                               0x0800914a   Section       16  system_stm32f4xx.o(.constdata)
    x$fpl$usenofp                            0x0800914a   Section        0  usenofp.o(x$fpl$usenofp)
    .constdata                               0x0800915a   Section        8  system_stm32f4xx.o(.constdata)
    .constdata                               0x08009168   Section       80  asin.o(.constdata)
    pS                                       0x08009168   Data          48  asin.o(.constdata)
    qS                                       0x08009198   Data          32  asin.o(.constdata)
    .constdata                               0x080091b8   Section      152  atan.o(.constdata)
    atanhi                                   0x080091b8   Data          32  atan.o(.constdata)
    atanlo                                   0x080091d8   Data          32  atan.o(.constdata)
    aTodd                                    0x080091f8   Data          40  atan.o(.constdata)
    aTeven                                   0x08009220   Data          48  atan.o(.constdata)
    .constdata                               0x08009250   Section       48  cos_i.o(.constdata)
    C                                        0x08009250   Data          48  cos_i.o(.constdata)
    .constdata                               0x08009280   Section        8  qnan.o(.constdata)
    .constdata                               0x08009288   Section      200  rred.o(.constdata)
    pio2s                                    0x08009288   Data          48  rred.o(.constdata)
    twooverpi                                0x080092b8   Data         152  rred.o(.constdata)
    .constdata                               0x08009350   Section       40  sin_i.o(.constdata)
    S                                        0x08009350   Data          40  sin_i.o(.constdata)
    .init_array                              0x08009398   Section        4  main.o(.init_array)
    .init_array                              0x0800939c   Section        0  init_aeabi.o(.init_array)
    .data                                    0x20000000   Section        2  eeprom.o(.data)
    .data                                    0x20000008   Section      184  main.o(.data)
    .data                                    0x200000c0   Section       12  stm32f4xx_hal.o(.data)
    .data                                    0x200000cc   Section        4  system_stm32f4xx.o(.data)
    .bss                                     0x200000d0   Section       12  eeprom.o(.bss)
    .bss                                     0x200000e0   Section     3368  main.o(.bss)
    .bss                                     0x20000e08   Section       32  stm32f4xx_hal_flash.o(.bss)
    .bss                                     0x20000e28   Section       96  libspace.o(.bss)
    HEAP                                     0x20000e88   Section     4096  startup_stm32f405xx.o(HEAP)
    Heap_Mem                                 0x20000e88   Data        4096  startup_stm32f405xx.o(HEAP)
    STACK                                    0x20001e88   Section     8192  startup_stm32f405xx.o(STACK)
    Stack_Mem                                0x20001e88   Data        8192  startup_stm32f405xx.o(STACK)
    __initial_sp                             0x20003e88   Data           0  startup_stm32f405xx.o(STACK)

    Global Symbols

    Symbol Name                              Value     Ov Type        Size  Object(Section)

    BuildAttributes$$THM_ISAv4$E$P$D$K$B$S$7EM$VFPi3$EXTD16$VFPS$VFMA$PE$A:L22UL41UL21$X:L11$S22US41US21$IEEE1$IW$USESV6$~STKCKD$USESV7$~SHL$OTIME$ROPI$IEEEX$EBA8$UX$STANDARDLIB$REQ8$PRES8$EABIv2 0x00000000   Number         0  anon$$obj.o ABSOLUTE
    __ARM_use_no_argv                        0x00000000   Number         0  main.o ABSOLUTE
    __ARM_exceptions_init                     - Undefined Weak Reference
    __alloca_initialize                       - Undefined Weak Reference
    __arm_preinit_                            - Undefined Weak Reference
    __cxa_finalize                            - Undefined Weak Reference
    __rt_locale                               - Undefined Weak Reference
    __sigvec_lookup                           - Undefined Weak Reference
    _atexit_init                              - Undefined Weak Reference
    _call_atexit_fns                          - Undefined Weak Reference
    _clock_init                               - Undefined Weak Reference
    _fp_trap_init                             - Undefined Weak Reference
    _fp_trap_shutdown                         - Undefined Weak Reference
    _get_lc_collate                           - Undefined Weak Reference
    _get_lc_ctype                             - Undefined Weak Reference
    _get_lc_monetary                          - Undefined Weak Reference
    _get_lc_numeric                           - Undefined Weak Reference
    _get_lc_time                              - Undefined Weak Reference
    _getenv_init                              - Undefined Weak Reference
    _handle_redirection                       - Undefined Weak Reference
    _init_alloc                               - Undefined Weak Reference
    _init_user_alloc                          - Undefined Weak Reference
    _initio                                   - Undefined Weak Reference
    _rand_init                                - Undefined Weak Reference
    _signal_finish                            - Undefined Weak Reference
    _signal_init                              - Undefined Weak Reference
    _terminate_alloc                          - Undefined Weak Reference
    _terminate_user_alloc                     - Undefined Weak Reference
    _terminateio                              - Undefined Weak Reference
    __Vectors_Size                           0x00000188   Number         0  startup_stm32f405xx.o ABSOLUTE
    __Vectors                                0x08000000   Data           4  startup_stm32f405xx.o(RESET)
    __Vectors_End                            0x08000188   Data           0  startup_stm32f405xx.o(RESET)
    __main                                   0x08000189   Thumb Code     8  __main.o(!!!main)
    __scatterload                            0x08000191   Thumb Code     0  __scatter.o(!!!scatter)
    __scatterload_rt2                        0x08000191   Thumb Code    44  __scatter.o(!!!scatter)
    __scatterload_rt2_thumb_only             0x08000191   Thumb Code     0  __scatter.o(!!!scatter)
    __scatterload_null                       0x0800019f   Thumb Code     0  __scatter.o(!!!scatter)
    __scatterload_copy                       0x080001c5   Thumb Code    26  __scatter_copy.o(!!handler_copy)
    __scatterload_zeroinit                   0x080001e1   Thumb Code    28  __scatter_zi.o(!!handler_zi)
    __rt_lib_init                            0x080001fd   Thumb Code     0  libinit.o(.ARM.Collect$$libinit$$00000000)
    __rt_lib_init_fp_1                       0x080001ff   Thumb Code     0  libinit2.o(.ARM.Collect$$libinit$$00000001)
    __rt_lib_init_alloca_1                   0x08000203   Thumb Code     0  libinit2.o(.ARM.Collect$$libinit$$0000002E)
    __rt_lib_init_argv_1                     0x08000203   Thumb Code     0  libinit2.o(.ARM.Collect$$libinit$$0000002C)
    __rt_lib_init_atexit_1                   0x08000203   Thumb Code     0  libinit2.o(.ARM.Collect$$libinit$$0000001B)
    __rt_lib_init_clock_1                    0x08000203   Thumb Code     0  libinit2.o(.ARM.Collect$$libinit$$00000021)
    __rt_lib_init_cpp_2                      0x08000203   Thumb Code     0  libinit2.o(.ARM.Collect$$libinit$$00000031)
    __rt_lib_init_exceptions_1               0x08000203   Thumb Code     0  libinit2.o(.ARM.Collect$$libinit$$00000030)
    __rt_lib_init_fp_trap_1                  0x08000203   Thumb Code     0  libinit2.o(.ARM.Collect$$libinit$$0000001F)
    __rt_lib_init_getenv_1                   0x08000203   Thumb Code     0  libinit2.o(.ARM.Collect$$libinit$$00000023)
    __rt_lib_init_heap_1                     0x08000203   Thumb Code     0  libinit2.o(.ARM.Collect$$libinit$$0000000A)
    __rt_lib_init_lc_collate_1               0x08000203   Thumb Code     0  libinit2.o(.ARM.Collect$$libinit$$00000011)
    __rt_lib_init_lc_ctype_1                 0x08000203   Thumb Code     0  libinit2.o(.ARM.Collect$$libinit$$00000013)
    __rt_lib_init_lc_monetary_1              0x08000203   Thumb Code     0  libinit2.o(.ARM.Collect$$libinit$$00000015)
    __rt_lib_init_lc_numeric_1               0x08000203   Thumb Code     0  libinit2.o(.ARM.Collect$$libinit$$00000017)
    __rt_lib_init_lc_time_1                  0x08000203   Thumb Code     0  libinit2.o(.ARM.Collect$$libinit$$00000019)
    __rt_lib_init_preinit_1                  0x08000203   Thumb Code     0  libinit2.o(.ARM.Collect$$libinit$$00000004)
    __rt_lib_init_rand_1                     0x08000203   Thumb Code     0  libinit2.o(.ARM.Collect$$libinit$$0000000E)
    __rt_lib_init_signal_1                   0x08000203   Thumb Code     0  libinit2.o(.ARM.Collect$$libinit$$0000001D)
    __rt_lib_init_stdio_1                    0x08000203   Thumb Code     0  libinit2.o(.ARM.Collect$$libinit$$00000025)
    __rt_lib_init_user_alloc_1               0x08000203   Thumb Code     0  libinit2.o(.ARM.Collect$$libinit$$0000000C)
    __rt_lib_init_cpp_1                      0x08000207   Thumb Code     0  libinit2.o(.ARM.Collect$$libinit$$00000032)
    __rt_lib_init_return                     0x08000207   Thumb Code     0  libinit2.o(.ARM.Collect$$libinit$$00000033)
    __rt_lib_shutdown                        0x08000209   Thumb Code     0  libshutdown.o(.ARM.Collect$$libshutdown$$00000000)
    __rt_lib_shutdown_cpp_1                  0x0800020b   Thumb Code     0  libshutdown2.o(.ARM.Collect$$libshutdown$$00000002)
    __rt_lib_shutdown_fp_trap_1              0x0800020b   Thumb Code     0  libshutdown2.o(.ARM.Collect$$libshutdown$$00000007)
    __rt_lib_shutdown_heap_1                 0x0800020b   Thumb Code     0  libshutdown2.o(.ARM.Collect$$libshutdown$$0000000F)
    __rt_lib_shutdown_return                 0x0800020b   Thumb Code     0  libshutdown2.o(.ARM.Collect$$libshutdown$$00000010)
    __rt_lib_shutdown_signal_1               0x0800020b   Thumb Code     0  libshutdown2.o(.ARM.Collect$$libshutdown$$0000000A)
    __rt_lib_shutdown_stdio_1                0x0800020b   Thumb Code     0  libshutdown2.o(.ARM.Collect$$libshutdown$$00000004)
    __rt_lib_shutdown_user_alloc_1           0x0800020b   Thumb Code     0  libshutdown2.o(.ARM.Collect$$libshutdown$$0000000C)
    __rt_entry                               0x0800020d   Thumb Code     0  __rtentry.o(.ARM.Collect$$rtentry$$00000000)
    __rt_entry_presh_1                       0x0800020d   Thumb Code     0  __rtentry2.o(.ARM.Collect$$rtentry$$00000002)
    __rt_entry_sh                            0x0800020d   Thumb Code     0  __rtentry4.o(.ARM.Collect$$rtentry$$00000004)
    __rt_entry_li                            0x08000213   Thumb Code     0  __rtentry2.o(.ARM.Collect$$rtentry$$0000000A)
    __rt_entry_postsh_1                      0x08000213   Thumb Code     0  __rtentry2.o(.ARM.Collect$$rtentry$$00000009)
    __rt_entry_main                          0x08000217   Thumb Code     0  __rtentry2.o(.ARM.Collect$$rtentry$$0000000D)
    __rt_entry_postli_1                      0x08000217   Thumb Code     0  __rtentry2.o(.ARM.Collect$$rtentry$$0000000C)
    __rt_exit                                0x0800021f   Thumb Code     0  rtexit.o(.ARM.Collect$$rtexit$$00000000)
    __rt_exit_ls                             0x08000221   Thumb Code     0  rtexit2.o(.ARM.Collect$$rtexit$$00000003)
    __rt_exit_prels_1                        0x08000221   Thumb Code     0  rtexit2.o(.ARM.Collect$$rtexit$$00000002)
    __rt_exit_exit                           0x08000225   Thumb Code     0  rtexit2.o(.ARM.Collect$$rtexit$$00000004)
    Reset_Handler                            0x0800022d   Thumb Code     8  startup_stm32f405xx.o(.text)
    ADC_IRQHandler                           0x08000247   Thumb Code     0  startup_stm32f405xx.o(.text)
    CAN1_RX0_IRQHandler                      0x08000247   Thumb Code     0  startup_stm32f405xx.o(.text)
    CAN1_RX1_IRQHandler                      0x08000247   Thumb Code     0  startup_stm32f405xx.o(.text)
    CAN1_SCE_IRQHandler                      0x08000247   Thumb Code     0  startup_stm32f405xx.o(.text)
    CAN1_TX_IRQHandler                       0x08000247   Thumb Code     0  startup_stm32f405xx.o(.text)
    CAN2_RX0_IRQHandler                      0x08000247   Thumb Code     0  startup_stm32f405xx.o(.text)
    CAN2_RX1_IRQHandler                      0x08000247   Thumb Code     0  startup_stm32f405xx.o(.text)
    CAN2_SCE_IRQHandler                      0x08000247   Thumb Code     0  startup_stm32f405xx.o(.text)
    CAN2_TX_IRQHandler                       0x08000247   Thumb Code     0  startup_stm32f405xx.o(.text)
    DMA1_Stream0_IRQHandler                  0x08000247   Thumb Code     0  startup_stm32f405xx.o(.text)
    DMA1_Stream1_IRQHandler                  0x08000247   Thumb Code     0  startup_stm32f405xx.o(.text)
    DMA1_Stream2_IRQHandler                  0x08000247   Thumb Code     0  startup_stm32f405xx.o(.text)
    DMA1_Stream3_IRQHandler                  0x08000247   Thumb Code     0  startup_stm32f405xx.o(.text)
    DMA1_Stream4_IRQHandler                  0x08000247   Thumb Code     0  startup_stm32f405xx.o(.text)
    DMA1_Stream5_IRQHandler                  0x08000247   Thumb Code     0  startup_stm32f405xx.o(.text)
    DMA1_Stream6_IRQHandler                  0x08000247   Thumb Code     0  startup_stm32f405xx.o(.text)
    DMA1_Stream7_IRQHandler                  0x08000247   Thumb Code     0  startup_stm32f405xx.o(.text)
    DMA2_Stream0_IRQHandler                  0x08000247   Thumb Code     0  startup_stm32f405xx.o(.text)
    DMA2_Stream1_IRQHandler                  0x08000247   Thumb Code     0  startup_stm32f405xx.o(.text)
    DMA2_Stream2_IRQHandler                  0x08000247   Thumb Code     0  startup_stm32f405xx.o(.text)
    DMA2_Stream3_IRQHandler                  0x08000247   Thumb Code     0  startup_stm32f405xx.o(.text)
    DMA2_Stream4_IRQHandler                  0x08000247   Thumb Code     0  startup_stm32f405xx.o(.text)
    DMA2_Stream5_IRQHandler                  0x08000247   Thumb Code     0  startup_stm32f405xx.o(.text)
    DMA2_Stream6_IRQHandler                  0x08000247   Thumb Code     0  startup_stm32f405xx.o(.text)
    DMA2_Stream7_IRQHandler                  0x08000247   Thumb Code     0  startup_stm32f405xx.o(.text)
    EXTI0_IRQHandler                         0x08000247   Thumb Code     0  startup_stm32f405xx.o(.text)
    EXTI15_10_IRQHandler                     0x08000247   Thumb Code     0  startup_stm32f405xx.o(.text)
    EXTI1_IRQHandler                         0x08000247   Thumb Code     0  startup_stm32f405xx.o(.text)
    EXTI2_IRQHandler                         0x08000247   Thumb Code     0  startup_stm32f405xx.o(.text)
    EXTI3_IRQHandler                         0x08000247   Thumb Code     0  startup_stm32f405xx.o(.text)
    EXTI4_IRQHandler                         0x08000247   Thumb Code     0  startup_stm32f405xx.o(.text)
    EXTI9_5_IRQHandler                       0x08000247   Thumb Code     0  startup_stm32f405xx.o(.text)
    FLASH_IRQHandler                         0x08000247   Thumb Code     0  startup_stm32f405xx.o(.text)
    FMC_IRQHandler                           0x08000247   Thumb Code     0  startup_stm32f405xx.o(.text)
    FPU_IRQHandler                           0x08000247   Thumb Code     0  startup_stm32f405xx.o(.text)
    HASH_RNG_IRQHandler                      0x08000247   Thumb Code     0  startup_stm32f405xx.o(.text)
    I2C1_ER_IRQHandler                       0x08000247   Thumb Code     0  startup_stm32f405xx.o(.text)
    I2C1_EV_IRQHandler                       0x08000247   Thumb Code     0  startup_stm32f405xx.o(.text)
    I2C2_ER_IRQHandler                       0x08000247   Thumb Code     0  startup_stm32f405xx.o(.text)
    I2C2_EV_IRQHandler                       0x08000247   Thumb Code     0  startup_stm32f405xx.o(.text)
    I2C3_ER_IRQHandler                       0x08000247   Thumb Code     0  startup_stm32f405xx.o(.text)
    I2C3_EV_IRQHandler                       0x08000247   Thumb Code     0  startup_stm32f405xx.o(.text)
    OTG_FS_IRQHandler                        0x08000247   Thumb Code     0  startup_stm32f405xx.o(.text)
    OTG_FS_WKUP_IRQHandler                   0x08000247   Thumb Code     0  startup_stm32f405xx.o(.text)
    OTG_HS_EP1_IN_IRQHandler                 0x08000247   Thumb Code     0  startup_stm32f405xx.o(.text)
    OTG_HS_EP1_OUT_IRQHandler                0x08000247   Thumb Code     0  startup_stm32f405xx.o(.text)
    OTG_HS_IRQHandler                        0x08000247   Thumb Code     0  startup_stm32f405xx.o(.text)
    OTG_HS_WKUP_IRQHandler                   0x08000247   Thumb Code     0  startup_stm32f405xx.o(.text)
    PVD_IRQHandler                           0x08000247   Thumb Code     0  startup_stm32f405xx.o(.text)
    RCC_IRQHandler                           0x08000247   Thumb Code     0  startup_stm32f405xx.o(.text)
    RTC_Alarm_IRQHandler                     0x08000247   Thumb Code     0  startup_stm32f405xx.o(.text)
    RTC_WKUP_IRQHandler                      0x08000247   Thumb Code     0  startup_stm32f405xx.o(.text)
    SDIO_IRQHandler                          0x08000247   Thumb Code     0  startup_stm32f405xx.o(.text)
    SPI1_IRQHandler                          0x08000247   Thumb Code     0  startup_stm32f405xx.o(.text)
    SPI2_IRQHandler                          0x08000247   Thumb Code     0  startup_stm32f405xx.o(.text)
    SPI3_IRQHandler                          0x08000247   Thumb Code     0  startup_stm32f405xx.o(.text)
    TAMP_STAMP_IRQHandler                    0x08000247   Thumb Code     0  startup_stm32f405xx.o(.text)
    TIM1_BRK_TIM9_IRQHandler                 0x08000247   Thumb Code     0  startup_stm32f405xx.o(.text)
    TIM1_CC_IRQHandler                       0x08000247   Thumb Code     0  startup_stm32f405xx.o(.text)
    TIM1_TRG_COM_TIM11_IRQHandler            0x08000247   Thumb Code     0  startup_stm32f405xx.o(.text)
    TIM1_UP_TIM10_IRQHandler                 0x08000247   Thumb Code     0  startup_stm32f405xx.o(.text)
    TIM2_IRQHandler                          0x08000247   Thumb Code     0  startup_stm32f405xx.o(.text)
    TIM3_IRQHandler                          0x08000247   Thumb Code     0  startup_stm32f405xx.o(.text)
    TIM4_IRQHandler                          0x08000247   Thumb Code     0  startup_stm32f405xx.o(.text)
    TIM5_IRQHandler                          0x08000247   Thumb Code     0  startup_stm32f405xx.o(.text)
    TIM6_DAC_IRQHandler                      0x08000247   Thumb Code     0  startup_stm32f405xx.o(.text)
    TIM7_IRQHandler                          0x08000247   Thumb Code     0  startup_stm32f405xx.o(.text)
    TIM8_BRK_TIM12_IRQHandler                0x08000247   Thumb Code     0  startup_stm32f405xx.o(.text)
    TIM8_CC_IRQHandler                       0x08000247   Thumb Code     0  startup_stm32f405xx.o(.text)
    TIM8_TRG_COM_TIM14_IRQHandler            0x08000247   Thumb Code     0  startup_stm32f405xx.o(.text)
    TIM8_UP_TIM13_IRQHandler                 0x08000247   Thumb Code     0  startup_stm32f405xx.o(.text)
    UART4_IRQHandler                         0x08000247   Thumb Code     0  startup_stm32f405xx.o(.text)
    USART2_IRQHandler                        0x08000247   Thumb Code     0  startup_stm32f405xx.o(.text)
    WWDG_IRQHandler                          0x08000247   Thumb Code     0  startup_stm32f405xx.o(.text)
    __user_initial_stackheap                 0x08000249   Thumb Code     0  startup_stm32f405xx.o(.text)
    __aeabi_uldivmod                         0x0800026d   Thumb Code     0  lludivv7m.o(.text)
    _ll_udiv                                 0x0800026d   Thumb Code   238  lludivv7m.o(.text)
    __aeabi_memclr4                          0x0800035b   Thumb Code     0  rt_memclr_w.o(.text)
    __aeabi_memclr8                          0x0800035b   Thumb Code     0  rt_memclr_w.o(.text)
    __rt_memclr_w                            0x0800035b   Thumb Code    78  rt_memclr_w.o(.text)
    _memset_w                                0x0800035f   Thumb Code     0  rt_memclr_w.o(.text)
    __use_two_region_memory                  0x080003a9   Thumb Code     2  heapauxi.o(.text)
    __rt_heap_escrow$2region                 0x080003ab   Thumb Code     2  heapauxi.o(.text)
    __rt_heap_expand$2region                 0x080003ad   Thumb Code     2  heapauxi.o(.text)
    __cpp_initialize__aeabi_                 0x080003b1   Thumb Code    26  init_aeabi.o(.text)
    __read_errno                             0x080003d5   Thumb Code    10  _rserrno.o(.text)
    __set_errno                              0x080003df   Thumb Code    12  _rserrno.o(.text)
    __aeabi_errno_addr                       0x080003ed   Thumb Code     8  rt_errno_addr_intlibspace.o(.text)
    __errno$intlibspace                      0x080003ed   Thumb Code     0  rt_errno_addr_intlibspace.o(.text)
    __rt_errno_addr$intlibspace              0x080003ed   Thumb Code     0  rt_errno_addr_intlibspace.o(.text)
    __user_libspace                          0x080003f5   Thumb Code     8  libspace.o(.text)
    __user_perproc_libspace                  0x080003f5   Thumb Code     0  libspace.o(.text)
    __user_perthread_libspace                0x080003f5   Thumb Code     0  libspace.o(.text)
    __user_setup_stackheap                   0x080003fd   Thumb Code    74  sys_stackheap_outer.o(.text)
    exit                                     0x08000447   Thumb Code    18  exit.o(.text)
    _sys_exit                                0x08000459   Thumb Code     8  sys_exit.o(.text)
    __I$use$semihosting                      0x08000465   Thumb Code     0  use_no_semi.o(.text)
    __use_no_semihosting_swi                 0x08000465   Thumb Code     2  use_no_semi.o(.text)
    BusFault_Handler                         0x08000467   Thumb Code     2  stm32f4xx_it.o(i.BusFault_Handler)
    __semihosting_library_function           0x08000467   Thumb Code     0  indicate_semi.o(.text)
    DebugMon_Handler                         0x08000469   Thumb Code     2  stm32f4xx_it.o(i.DebugMon_Handler)
    FLASH_Erase_Sector                       0x0800046d   Thumb Code    76  stm32f4xx_hal_flash_ex.o(i.FLASH_Erase_Sector)
    FLASH_FlushCaches                        0x080004bd   Thumb Code    84  stm32f4xx_hal_flash_ex.o(i.FLASH_FlushCaches)
    FLASH_WaitForLastOperation               0x08000515   Thumb Code    88  stm32f4xx_hal_flash.o(i.FLASH_WaitForLastOperation)
    HAL_ADC_ConfigChannel                    0x08000575   Thumb Code   356  stm32f4xx_hal_adc.o(i.HAL_ADC_ConfigChannel)
    HAL_ADC_GetValue                         0x080006e9   Thumb Code     6  stm32f4xx_hal_adc.o(i.HAL_ADC_GetValue)
    HAL_ADC_Init                             0x080006ef   Thumb Code    86  stm32f4xx_hal_adc.o(i.HAL_ADC_Init)
    HAL_ADC_MspInit                          0x08000745   Thumb Code    84  stm32f4xx_hal_msp.o(i.HAL_ADC_MspInit)
    HAL_ADC_PollForConversion                0x080007a5   Thumb Code   198  stm32f4xx_hal_adc.o(i.HAL_ADC_PollForConversion)
    HAL_ADC_Start                            0x0800086d   Thumb Code   276  stm32f4xx_hal_adc.o(i.HAL_ADC_Start)
    HAL_ADC_Stop                             0x08000995   Thumb Code    62  stm32f4xx_hal_adc.o(i.HAL_ADC_Stop)
    HAL_DMA_Abort                            0x080009d3   Thumb Code   162  stm32f4xx_hal_dma.o(i.HAL_DMA_Abort)
    HAL_DMA_Abort_IT                         0x08000a75   Thumb Code    36  stm32f4xx_hal_dma.o(i.HAL_DMA_Abort_IT)
    HAL_Delay                                0x08000a99   Thumb Code    34  stm32f4xx_hal.o(i.HAL_Delay)
    HAL_FLASHEx_Erase                        0x08000ac1   Thumb Code   162  stm32f4xx_hal_flash_ex.o(i.HAL_FLASHEx_Erase)
    HAL_FLASH_Program                        0x08000b6d   Thumb Code   118  stm32f4xx_hal_flash.o(i.HAL_FLASH_Program)
    HAL_FLASH_Unlock                         0x08000bed   Thumb Code    34  stm32f4xx_hal_flash.o(i.HAL_FLASH_Unlock)
    HAL_GPIO_Init                            0x08000c21   Thumb Code   538  stm32f4xx_hal_gpio.o(i.HAL_GPIO_Init)
    HAL_GPIO_ReadPin                         0x08000e4d   Thumb Code    14  stm32f4xx_hal_gpio.o(i.HAL_GPIO_ReadPin)
    HAL_GPIO_TogglePin                       0x08000e5b   Thumb Code    16  stm32f4xx_hal_gpio.o(i.HAL_GPIO_TogglePin)
    HAL_GPIO_WritePin                        0x08000e6b   Thumb Code    14  stm32f4xx_hal_gpio.o(i.HAL_GPIO_WritePin)
    HAL_GetTick                              0x08000e79   Thumb Code     6  stm32f4xx_hal.o(i.HAL_GetTick)
    HAL_IncTick                              0x08000e85   Thumb Code    12  stm32f4xx_hal.o(i.HAL_IncTick)
    HAL_Init                                 0x08000e95   Thumb Code    48  stm32f4xx_hal.o(i.HAL_Init)
    HAL_InitTick                             0x08000ec9   Thumb Code    58  stm32f4xx_hal.o(i.HAL_InitTick)
    HAL_MspInit                              0x08000f0d   Thumb Code    48  stm32f4xx_hal_msp.o(i.HAL_MspInit)
    HAL_NVIC_EnableIRQ                       0x08000f41   Thumb Code    28  stm32f4xx_hal_cortex.o(i.HAL_NVIC_EnableIRQ)
    HAL_NVIC_SetPriority                     0x08000f5d   Thumb Code    98  stm32f4xx_hal_cortex.o(i.HAL_NVIC_SetPriority)
    HAL_NVIC_SetPriorityGrouping             0x08000fc5   Thumb Code    30  stm32f4xx_hal_cortex.o(i.HAL_NVIC_SetPriorityGrouping)
    HAL_RCC_ClockConfig                      0x08000fe9   Thumb Code   354  stm32f4xx_hal_rcc.o(i.HAL_RCC_ClockConfig)
    HAL_RCC_GetHCLKFreq                      0x08001165   Thumb Code     6  stm32f4xx_hal_rcc.o(i.HAL_RCC_GetHCLKFreq)
    HAL_RCC_GetPCLK1Freq                     0x08001171   Thumb Code    22  stm32f4xx_hal_rcc.o(i.HAL_RCC_GetPCLK1Freq)
    HAL_RCC_GetPCLK2Freq                     0x08001191   Thumb Code    22  stm32f4xx_hal_rcc.o(i.HAL_RCC_GetPCLK2Freq)
    HAL_RCC_GetSysClockFreq                  0x080011b1   Thumb Code    94  stm32f4xx_hal_rcc.o(i.HAL_RCC_GetSysClockFreq)
    HAL_RCC_OscConfig                        0x0800121d   Thumb Code  1154  stm32f4xx_hal_rcc.o(i.HAL_RCC_OscConfig)
    HAL_SPI_Init                             0x0800169f   Thumb Code   190  stm32f4xx_hal_spi.o(i.HAL_SPI_Init)
    HAL_SPI_MspInit                          0x0800175d   Thumb Code    92  stm32f4xx_hal_msp.o(i.HAL_SPI_MspInit)
    HAL_SPI_Receive                          0x080017c5   Thumb Code   366  stm32f4xx_hal_spi.o(i.HAL_SPI_Receive)
    HAL_SPI_Transmit                         0x08001933   Thumb Code   412  stm32f4xx_hal_spi.o(i.HAL_SPI_Transmit)
    HAL_SPI_TransmitReceive                  0x08001acf   Thumb Code   504  stm32f4xx_hal_spi.o(i.HAL_SPI_TransmitReceive)
    HAL_SYSTICK_Config                       0x08001cc9   Thumb Code    36  stm32f4xx_hal_cortex.o(i.HAL_SYSTICK_Config)
    HAL_TIMEx_MasterConfigSynchronization    0x08001cf1   Thumb Code   154  stm32f4xx_hal_tim_ex.o(i.HAL_TIMEx_MasterConfigSynchronization)
    HAL_TIM_Base_Init                        0x08001d8b   Thumb Code    92  stm32f4xx_hal_tim.o(i.HAL_TIM_Base_Init)
    HAL_TIM_Base_MspInit                     0x08001de9   Thumb Code    30  stm32f4xx_hal_msp.o(i.HAL_TIM_Base_MspInit)
    HAL_TIM_Base_Start_IT                    0x08001e0d   Thumb Code   138  stm32f4xx_hal_tim.o(i.HAL_TIM_Base_Start_IT)
    HAL_TIM_ConfigClockSource                0x08001e97   Thumb Code   234  stm32f4xx_hal_tim.o(i.HAL_TIM_ConfigClockSource)
    HAL_TIM_MspPostInit                      0x08001f81   Thumb Code    68  stm32f4xx_hal_msp.o(i.HAL_TIM_MspPostInit)
    HAL_TIM_PWM_ConfigChannel                0x08001fd1   Thumb Code   216  stm32f4xx_hal_tim.o(i.HAL_TIM_PWM_ConfigChannel)
    HAL_TIM_PWM_Init                         0x080020a9   Thumb Code    92  stm32f4xx_hal_tim.o(i.HAL_TIM_PWM_Init)
    HAL_TIM_PWM_MspInit                      0x08002105   Thumb Code    30  stm32f4xx_hal_msp.o(i.HAL_TIM_PWM_MspInit)
    HAL_TIM_PWM_Start                        0x0800212d   Thumb Code   210  stm32f4xx_hal_tim.o(i.HAL_TIM_PWM_Start)
    HAL_TIM_PWM_Stop                         0x08002209   Thumb Code   124  stm32f4xx_hal_tim.o(i.HAL_TIM_PWM_Stop)
    HAL_UARTEx_RxEventCallback               0x08002285   Thumb Code     2  stm32f4xx_hal_uart.o(i.HAL_UARTEx_RxEventCallback)
    HAL_UART_ErrorCallback                   0x08002287   Thumb Code     2  stm32f4xx_hal_uart.o(i.HAL_UART_ErrorCallback)
    HAL_UART_IRQHandler                      0x08002289   Thumb Code   604  stm32f4xx_hal_uart.o(i.HAL_UART_IRQHandler)
    HAL_UART_Init                            0x080024e9   Thumb Code   100  stm32f4xx_hal_uart.o(i.HAL_UART_Init)
    HAL_UART_MspInit                         0x0800254d   Thumb Code   378  stm32f4xx_hal_msp.o(i.HAL_UART_MspInit)
    HAL_UART_Receive_IT                      0x080026e9   Thumb Code    46  stm32f4xx_hal_uart.o(i.HAL_UART_Receive_IT)
    HAL_UART_RxCpltCallback                  0x08002719   Thumb Code   320  main.o(i.HAL_UART_RxCpltCallback)
    HAL_UART_Transmit_IT                     0x08002885   Thumb Code    66  stm32f4xx_hal_uart.o(i.HAL_UART_Transmit_IT)
    HAL_UART_TxCpltCallback                  0x080028c9   Thumb Code    54  main.o(i.HAL_UART_TxCpltCallback)
    HardFault_Handler                        0x08002919   Thumb Code     2  stm32f4xx_it.o(i.HardFault_Handler)
    MemManage_Handler                        0x0800291b   Thumb Code     2  stm32f4xx_it.o(i.MemManage_Handler)
    NMI_Handler                              0x0800291d   Thumb Code     2  stm32f4xx_it.o(i.NMI_Handler)
    PendSV_Handler                           0x0800291f   Thumb Code     2  stm32f4xx_it.o(i.PendSV_Handler)
    SVC_Handler                              0x08002921   Thumb Code     2  stm32f4xx_it.o(i.SVC_Handler)
    SysTick_Handler                          0x08002923   Thumb Code     4  stm32f4xx_it.o(i.SysTick_Handler)
    SystemInit                               0x08002929   Thumb Code    64  system_stm32f4xx.o(i.SystemInit)
    TIM_Base_SetConfig                       0x08002981   Thumb Code   182  stm32f4xx_hal_tim.o(i.TIM_Base_SetConfig)
    TIM_CCxChannelCmd                        0x08002a4d   Thumb Code    30  stm32f4xx_hal_tim.o(i.TIM_CCxChannelCmd)
    TIM_ETR_SetConfig                        0x08002a6b   Thumb Code    22  stm32f4xx_hal_tim.o(i.TIM_ETR_SetConfig)
    TIM_OC2_SetConfig                        0x08002a81   Thumb Code   112  stm32f4xx_hal_tim.o(i.TIM_OC2_SetConfig)
    UART5_IRQHandler                         0x08002af9   Thumb Code     6  stm32f4xx_it.o(i.UART5_IRQHandler)
    UART_Start_Receive_IT                    0x08002b05   Thumb Code    60  stm32f4xx_hal_uart.o(i.UART_Start_Receive_IT)
    USART1_IRQHandler                        0x08002b41   Thumb Code     6  stm32f4xx_it.o(i.USART1_IRQHandler)
    USART3_IRQHandler                        0x08002b4d   Thumb Code     6  stm32f4xx_it.o(i.USART3_IRQHandler)
    USART6_IRQHandler                        0x08002b59   Thumb Code     6  stm32f4xx_it.o(i.USART6_IRQHandler)
    UsageFault_Handler                       0x08002b65   Thumb Code     2  stm32f4xx_it.o(i.UsageFault_Handler)
    IMU_Update()                             0x08002b69   Thumb Code   162  main.o(i._Z10IMU_Updatev)
    set_offset()                             0x08002c15   Thumb Code   112  main.o(i._Z10set_offsetv)
    Calibration()                            0x08002c89   Thumb Code   234  main.o(i._Z11Calibrationv)
    ReadVoltage()                            0x08002d7d   Thumb Code    66  main.o(i._Z11ReadVoltagev)
    MPU9250_Init(__SPI_HandleTypeDef*, MPU9250TypeDef*) 0x08002dcd   Thumb Code   124  hal_mpu9250.o(i._Z12MPU9250_InitP19__SPI_HandleTypeDefP14MPU9250TypeDef)
    Button_Update()                          0x08002e49   Thumb Code    70  main.o(i._Z13Button_Updatev)
    IMU_PWR_Reset()                          0x08002e99   Thumb Code    44  main.o(i._Z13IMU_PWR_Resetv)
    Battery_Update()                         0x08002ec9   Thumb Code   106  main.o(i._Z14Battery_Updatev)
    EE_ReadVariable(unsigned short, short*)  0x08002f49   Thumb Code    64  eeprom.o(i._Z15EE_ReadVariabletPs)
    IMU_Filter_Init()                        0x08002f8d   Thumb Code   162  main.o(i._Z15IMU_Filter_Initv)
    Queue_Data_Send()                        0x08003071   Thumb Code   168  main.o(i._Z15Queue_Data_Sendv)
    DXL_CheckSumCalc(unsigned char*)         0x08003131   Thumb Code    32  main.o(i._Z16DXL_CheckSumCalcPh)
    EE_WriteVariable(unsigned short, short)  0x08003151   Thumb Code    30  eeprom.o(i._Z16EE_WriteVariablets)
    MPU9250_ReadData(__SPI_HandleTypeDef*, unsigned char*, unsigned char, unsigned char) 0x08003171   Thumb Code    66  hal_mpu9250.o(i._Z16MPU9250_ReadDataP19__SPI_HandleTypeDefPhhh)
    IMU_Filter_Update()                      0x080031b9   Thumb Code   490  main.o(i._Z17IMU_Filter_Updatev)
    MPU9250_WriteData(__SPI_HandleTypeDef*, unsigned char, unsigned char) 0x080033d1   Thumb Code    50  hal_mpu9250.o(i._Z17MPU9250_WriteDataP19__SPI_HandleTypeDefhh)
    Slave_CheckPacket(__UART_HandleTypeDef*, UARTLineTypeDef*) 0x08003409   Thumb Code   112  main.o(i._Z17Slave_CheckPacketP20__UART_HandleTypeDefP15UARTLineTypeDef)
    LookUpTable_Update()                     0x08003479   Thumb Code   382  main.o(i._Z18LookUpTable_Updatev)
    Master_CheckPacket(__UART_HandleTypeDef*, USBLineTypeDef*) 0x08003619   Thumb Code   132  main.o(i._Z18Master_CheckPacketP20__UART_HandleTypeDefP14USBLineTypeDef)
    Struct_Initializer(USBLineTypeDef*)      0x080036a1   Thumb Code    14  main.o(i._Z18Struct_InitializerP14USBLineTypeDef)
    SystemClock_Config()                     0x080036b1   Thumb Code   134  main.o(i._Z18SystemClock_Configv)
    MainBoard_ReadRegister(unsigned char*)   0x08003741   Thumb Code    74  main.o(i._Z22MainBoard_ReadRegisterPh)
    MainBoard_WriteRegister(unsigned char*)  0x08003791   Thumb Code    32  main.o(i._Z23MainBoard_WriteRegisterPh)
    EE_Init()                                0x080037b5   Thumb Code   386  eeprom.o(i._Z7EE_Initv)
    Debugger()                               0x08003941   Thumb Code   144  main.o(i._Z8Debuggerv)
    IMU_Init()                               0x080039d5   Thumb Code    32  main.o(i._Z8IMU_Initv)
    EE_Format()                              0x080039fd   Thumb Code    92  eeprom.o(i._Z9EE_Formatv)
    stateestimation::AttitudeEstimator::resetState(bool) 0x08003a59   Thumb Code   180  attitude_estimator.o(i._ZN15stateestimation17AttitudeEstimator10resetStateEb)
    stateestimation::AttitudeEstimator::setPIGains(double, double, double, double) 0x08003b1d   Thumb Code   122  attitude_estimator.o(i._ZN15stateestimation17AttitudeEstimator10setPIGainsEdddd)
    stateestimation::AttitudeEstimator::setAttitude(double, double, double, double) 0x08003ba1   Thumb Code   274  attitude_estimator.o(i._ZN15stateestimation17AttitudeEstimator11setAttitudeEdddd)
    stateestimation::AttitudeEstimator::updateEuler() 0x08003ccd   Thumb Code   384  attitude_estimator.o(i._ZN15stateestimation17AttitudeEstimator11updateEulerEv)
    stateestimation::AttitudeEstimator::updateFused() 0x08003e6d   Thumb Code   478  attitude_estimator.o(i._ZN15stateestimation17AttitudeEstimator11updateFusedEv)
    stateestimation::AttitudeEstimator::reset(bool, bool) 0x0800408d   Thumb Code    36  attitude_estimator.o(i._ZN15stateestimation17AttitudeEstimator5resetEbb)
    stateestimation::AttitudeEstimator::update(double, double, double, double, double, double, double, double, double, double) 0x080040c1   Thumb Code  2078  attitude_estimator.o(i._ZN15stateestimation17AttitudeEstimator6updateEdddddddddd)
    stateestimation::AttitudeEstimator::resetAll(bool) 0x080048f1   Thumb Code    96  attitude_estimator.o(i._ZN15stateestimation17AttitudeEstimator8resetAllEb)
    stateestimation::AttitudeEstimator::updateQy(double, double, double, double, double, double) 0x08004989   Thumb Code  6586  attitude_estimator.o(i._ZN15stateestimation17AttitudeEstimator8updateQyEdddddd)
    stateestimation::AttitudeEstimator::setLambda(double) 0x0800634d   Thumb Code    86  attitude_estimator.o(i._ZN15stateestimation17AttitudeEstimator9setLambdaEd)
    stateestimation::AttitudeEstimator::AttitudeEstimator(bool) 0x080063b5   Thumb Code    12  attitude_estimator.o(i._ZN15stateestimation17AttitudeEstimatorC1Eb)
    stateestimation::AttitudeEstimator::AttitudeEstimator__sub_object(bool) 0x080063b5   Thumb Code     0  attitude_estimator.o(i._ZN15stateestimation17AttitudeEstimatorC1Eb)
    __ARM_fpclassify                         0x08007089   Thumb Code    48  fpclassify.o(i.__ARM_fpclassify)
    __hardfp_asin                            0x080070b9   Thumb Code   770  asin.o(i.__hardfp_asin)
    __hardfp_atan                            0x08007419   Thumb Code   622  atan.o(i.__hardfp_atan)
    __hardfp_atan2                           0x080076f1   Thumb Code   432  atan2.o(i.__hardfp_atan2)
    __hardfp_cos                             0x080078e1   Thumb Code   180  cos.o(i.__hardfp_cos)
    __hardfp_fabs                            0x080079a9   Thumb Code    20  fabs.o(i.__hardfp_fabs)
    __hardfp_sin                             0x080079c1   Thumb Code   180  sin.o(i.__hardfp_sin)
    __hardfp_sqrt                            0x08007a89   Thumb Code   122  sqrt.o(i.__hardfp_sqrt)
    __ieee754_rem_pio2                       0x08007b09   Thumb Code   938  rred.o(i.__ieee754_rem_pio2)
    __kernel_cos                             0x08007f41   Thumb Code   322  cos_i.o(i.__kernel_cos)
    __kernel_poly                            0x080080b1   Thumb Code   248  poly.o(i.__kernel_poly)
    __kernel_sin                             0x080081a9   Thumb Code   280  sin_i.o(i.__kernel_sin)
    __mathlib_dbl_infnan                     0x080082d9   Thumb Code    20  dunder.o(i.__mathlib_dbl_infnan)
    __mathlib_dbl_infnan2                    0x080082ed   Thumb Code    20  dunder.o(i.__mathlib_dbl_infnan2)
    __mathlib_dbl_invalid                    0x08008301   Thumb Code    24  dunder.o(i.__mathlib_dbl_invalid)
    __mathlib_dbl_underflow                  0x08008321   Thumb Code    24  dunder.o(i.__mathlib_dbl_underflow)
    atan                                     0x0800834d   Thumb Code    16  atan.o(i.atan)
    fabs                                     0x0800835d   Thumb Code    24  fabs.o(i.fabs)
    main                                     0x08008375   Thumb Code   400  main.o(i.main)
    sqrt                                     0x0800852d   Thumb Code   110  sqrt.o(i.sqrt)
    __aeabi_dneg                             0x0800859b   Thumb Code     0  basic.o(x$fpl$basic)
    _dneg                                    0x0800859b   Thumb Code     6  basic.o(x$fpl$basic)
    __aeabi_fneg                             0x080085a1   Thumb Code     0  basic.o(x$fpl$basic)
    _fneg                                    0x080085a1   Thumb Code     6  basic.o(x$fpl$basic)
    _dabs                                    0x080085a7   Thumb Code     6  basic.o(x$fpl$basic)
    _fabs                                    0x080085ad   Thumb Code     6  basic.o(x$fpl$basic)
    __aeabi_dadd                             0x080085b5   Thumb Code     0  daddsub_clz.o(x$fpl$dadd)
    _dadd                                    0x080085b5   Thumb Code   332  daddsub_clz.o(x$fpl$dadd)
    __fpl_dcmp_Inf                           0x08008705   Thumb Code    24  dcmpi.o(x$fpl$dcmpinf)
    __aeabi_ddiv                             0x0800871d   Thumb Code     0  ddiv.o(x$fpl$ddiv)
    _ddiv                                    0x0800871d   Thumb Code   552  ddiv.o(x$fpl$ddiv)
    __aeabi_d2iz                             0x080089cd   Thumb Code     0  dfix.o(x$fpl$dfix)
    _dfix                                    0x080089cd   Thumb Code    94  dfix.o(x$fpl$dfix)
    __aeabi_d2uiz                            0x08008a2d   Thumb Code     0  dfixu.o(x$fpl$dfixu)
    _dfixu                                   0x08008a2d   Thumb Code    90  dfixu.o(x$fpl$dfixu)
    __aeabi_i2d                              0x08008a87   Thumb Code     0  dflt_clz.o(x$fpl$dflt)
    _dflt                                    0x08008a87   Thumb Code    46  dflt_clz.o(x$fpl$dflt)
    __aeabi_ui2d                             0x08008ab5   Thumb Code     0  dflt_clz.o(x$fpl$dfltu)
    _dfltu                                   0x08008ab5   Thumb Code    38  dflt_clz.o(x$fpl$dfltu)
    __aeabi_cdcmple                          0x08008add   Thumb Code     0  dleqf.o(x$fpl$dleqf)
    _dcmple                                  0x08008add   Thumb Code   120  dleqf.o(x$fpl$dleqf)
    __fpl_dcmple_InfNaN                      0x08008b3f   Thumb Code     0  dleqf.o(x$fpl$dleqf)
    __aeabi_dmul                             0x08008b55   Thumb Code     0  dmul.o(x$fpl$dmul)
    _dmul                                    0x08008b55   Thumb Code   332  dmul.o(x$fpl$dmul)
    __fpl_dnaninf                            0x08008ca9   Thumb Code   156  dnaninf.o(x$fpl$dnaninf)
    __fpl_dretinf                            0x08008d45   Thumb Code    12  dretinf.o(x$fpl$dretinf)
    __aeabi_cdrcmple                         0x08008d51   Thumb Code     0  drleqf.o(x$fpl$drleqf)
    _drcmple                                 0x08008d51   Thumb Code   108  drleqf.o(x$fpl$drleqf)
    __aeabi_drsub                            0x08008dbd   Thumb Code     0  daddsub_clz.o(x$fpl$drsb)
    _drsb                                    0x08008dbd   Thumb Code    22  daddsub_clz.o(x$fpl$drsb)
    _dsqrt                                   0x08008dd5   Thumb Code   404  dsqrt_umaal.o(x$fpl$dsqrt)
    __aeabi_dsub                             0x08008f6d   Thumb Code     0  daddsub_clz.o(x$fpl$dsub)
    _dsub                                    0x08008f6d   Thumb Code   464  daddsub_clz.o(x$fpl$dsub)
    _fp_init                                 0x08009141   Thumb Code    10  fpinit.o(x$fpl$fpinit)
    __fplib_config_fpu_vfp                   0x08009149   Thumb Code     0  fpinit.o(x$fpl$fpinit)
    __fplib_config_pureend_doubles           0x08009149   Thumb Code     0  fpinit.o(x$fpl$fpinit)
    AHBPrescTable                            0x0800914a   Data          16  system_stm32f4xx.o(.constdata)
    __I$use$fp                               0x0800914a   Number         0  usenofp.o(x$fpl$usenofp)
    APBPrescTable                            0x0800915a   Data           8  system_stm32f4xx.o(.constdata)
    __mathlib_zero                           0x08009280   Data           8  qnan.o(.constdata)
    Region$$Table$$Base                      0x08009378   Number         0  anon$$obj.o(Region$$Table)
    Region$$Table$$Limit                     0x08009398   Number         0  anon$$obj.o(Region$$Table)
    SHT$$INIT_ARRAY$$Base                    0x08009398   Number         0  main.o(.init_array)
    SHT$$INIT_ARRAY$$Limit                   0x0800939c   Number         0  init_aeabi.o(.init_array)
    DataVar                                  0x20000000   Data           2  eeprom.o(.data)
    Switch1_State                            0x20000008   Data           1  main.o(.data)
    Switch2_State                            0x20000009   Data           1  main.o(.data)
    Switch3_State                            0x2000000a   Data           1  main.o(.data)
    Switch4_State                            0x2000000b   Data           1  main.o(.data)
    Shifted_BatteryVoltage                   0x2000000c   Data           1  main.o(.data)
    CalibCounter                             0x2000000d   Data           1  main.o(.data)
    nReadyPackets                            0x2000000e   Data           1  main.o(.data)
    Calibrated                               0x2000000f   Data           1  main.o(.data)
    SB_LowBatteryCounter                     0x20000010   Data           2  main.o(.data)
    SB_BuzzerState                           0x20000012   Data           2  main.o(.data)
    CHECK                                    0x20000014   Data           2  main.o(.data)
    Shifted_Roll                             0x20000016   Data           2  main.o(.data)
    Shifted_Pitch                            0x20000018   Data           2  main.o(.data)
    Shifted_Yaw                              0x2000001a   Data           2  main.o(.data)
    Shifted_Accel_X                          0x2000001c   Data           2  main.o(.data)
    Shifted_Accel_Y                          0x2000001e   Data           2  main.o(.data)
    Shifted_Accel_Z                          0x20000020   Data           2  main.o(.data)
    Last_Raw_Accel_X                         0x20000022   Data           2  main.o(.data)
    Last_Raw_Accel_Y                         0x20000024   Data           2  main.o(.data)
    Last_Raw_Accel_Z                         0x20000026   Data           2  main.o(.data)
    Shifted_Gyro_X                           0x20000028   Data           2  main.o(.data)
    Shifted_Gyro_Y                           0x2000002a   Data           2  main.o(.data)
    Shifted_Gyro_Z                           0x2000002c   Data           2  main.o(.data)
    Last_Raw_Gyro_X                          0x2000002e   Data           2  main.o(.data)
    Last_Raw_Gyro_Y                          0x20000030   Data           2  main.o(.data)
    Last_Raw_Gyro_Z                          0x20000032   Data           2  main.o(.data)
    Loop_Counter                             0x20000034   Data           2  main.o(.data)
    lastSentIndex                            0x20000036   Data           2  main.o(.data)
    GX_Off                                   0x20000038   Data           2  main.o(.data)
    GY_Off                                   0x2000003a   Data           2  main.o(.data)
    GZ_Off                                   0x2000003c   Data           2  main.o(.data)
    AX_Off                                   0x2000003e   Data           2  main.o(.data)
    AY_Off                                   0x20000040   Data           2  main.o(.data)
    AZ_Off                                   0x20000042   Data           2  main.o(.data)
    EERead_GX_OFF                            0x20000044   Data           2  main.o(.data)
    EERead_GY_OFF                            0x20000046   Data           2  main.o(.data)
    EERead_GZ_OFF                            0x20000048   Data           2  main.o(.data)
    EERead_AX_OFF                            0x2000004a   Data           2  main.o(.data)
    EERead_AY_OFF                            0x2000004c   Data           2  main.o(.data)
    EERead_AZ_OFF                            0x2000004e   Data           2  main.o(.data)
    MPU9250                                  0x20000050   Data           4  main.o(.data)
    Raw_Accel                                0x20000054   Data           6  main.o(.data)
    Raw_Gyro                                 0x2000005a   Data           6  main.o(.data)
    SB_Timer_Value                           0x20000060   Data           8  main.o(.data)
    SB_Timer_Scale                           0x20000068   Data           8  main.o(.data)
    BatteryVoltage                           0x20000070   Data           8  main.o(.data)
    Roll                                     0x20000078   Data           8  main.o(.data)
    Pitch                                    0x20000080   Data           8  main.o(.data)
    Yaw                                      0x20000088   Data           8  main.o(.data)
    AX                                       0x20000090   Data           8  main.o(.data)
    AY                                       0x20000098   Data           8  main.o(.data)
    AZ                                       0x200000a0   Data           8  main.o(.data)
    GX                                       0x200000a8   Data           8  main.o(.data)
    GY                                       0x200000b0   Data           8  main.o(.data)
    GZ                                       0x200000b8   Data           8  main.o(.data)
    uwTickFreq                               0x200000c0   Data           1  stm32f4xx_hal.o(.data)
    uwTickPrio                               0x200000c4   Data           4  stm32f4xx_hal.o(.data)
    uwTick                                   0x200000c8   Data           4  stm32f4xx_hal.o(.data)
    SystemCoreClock                          0x200000cc   Data           4  system_stm32f4xx.o(.data)
    VirtAddVarTab                            0x200000d0   Data          12  eeprom.o(.bss)
    IMU_Buffer                               0x200000e0   Data          14  main.o(.bss)
    hadc1                                    0x200000f0   Data          72  main.o(.bss)
    hspi1                                    0x20000138   Data          88  main.o(.bss)
    htim2                                    0x20000190   Data          72  main.o(.bss)
    htim5                                    0x200001d8   Data          72  main.o(.bss)
    huart5                                   0x20000220   Data          68  main.o(.bss)
    huart1                                   0x20000264   Data          68  main.o(.bss)
    huart3                                   0x200002a8   Data          68  main.o(.bss)
    huart6                                   0x200002ec   Data          68  main.o(.bss)
    MasterLine1                              0x20000330   Data        1008  main.o(.bss)
    SlaveLine1                               0x20000720   Data         306  main.o(.bss)
    SlaveLine2                               0x20000852   Data         306  main.o(.bss)
    SlaveLine3                               0x20000984   Data         306  main.o(.bss)
    Est                                      0x20000ab8   Data         488  main.o(.bss)
    Queue                                    0x20000ca0   Data          60  main.o(.bss)
    MainBoard_ResponsePacket                 0x20000cdc   Data         100  main.o(.bss)
    LookupTable                              0x20000d40   Data         200  main.o(.bss)
    pFlash                                   0x20000e08   Data          32  stm32f4xx_hal_flash.o(.bss)
    __libspace_start                         0x20000e28   Data          96  libspace.o(.bss)
    __temporary_stack_top$libspace           0x20000e88   Data           0  libspace.o(.bss)



==============================================================================

Memory Map of the image

  Image Entry point : 0x08000189

  Load Region LR_IROM1 (Base: 0x08000000, Size: 0x0000946c, Max: 0x00100000, ABSOLUTE)

    Execution Region ER_IROM1 (Exec base: 0x08000000, Load base: 0x08000000, Size: 0x0000939c, Max: 0x00100000, ABSOLUTE)

    Exec Addr    Load Addr    Size         Type   Attr      Idx    E Section Name        Object

    0x08000000   0x08000000   0x00000188   Data   RO            3    RESET               startup_stm32f405xx.o
    0x08000188   0x08000188   0x00000008   Code   RO         4463  * !!!main             c_w.l(__main.o)
    0x08000190   0x08000190   0x00000034   Code   RO         4813    !!!scatter          c_w.l(__scatter.o)
    0x080001c4   0x080001c4   0x0000001a   Code   RO         4815    !!handler_copy      c_w.l(__scatter_copy.o)
    0x080001de   0x080001de   0x00000002   PAD
    0x080001e0   0x080001e0   0x0000001c   Code   RO         4817    !!handler_zi        c_w.l(__scatter_zi.o)
    0x080001fc   0x080001fc   0x00000002   Code   RO         4739    .ARM.Collect$$libinit$$00000000  c_w.l(libinit.o)
    0x080001fe   0x080001fe   0x00000004   Code   RO         4588    .ARM.Collect$$libinit$$00000001  c_w.l(libinit2.o)
    0x08000202   0x08000202   0x00000000   Code   RO         4591    .ARM.Collect$$libinit$$00000004  c_w.l(libinit2.o)
    0x08000202   0x08000202   0x00000000   Code   RO         4594    .ARM.Collect$$libinit$$0000000A  c_w.l(libinit2.o)
    0x08000202   0x08000202   0x00000000   Code   RO         4596    .ARM.Collect$$libinit$$0000000C  c_w.l(libinit2.o)
    0x08000202   0x08000202   0x00000000   Code   RO         4598    .ARM.Collect$$libinit$$0000000E  c_w.l(libinit2.o)
    0x08000202   0x08000202   0x00000000   Code   RO         4601    .ARM.Collect$$libinit$$00000011  c_w.l(libinit2.o)
    0x08000202   0x08000202   0x00000000   Code   RO         4603    .ARM.Collect$$libinit$$00000013  c_w.l(libinit2.o)
    0x08000202   0x08000202   0x00000000   Code   RO         4605    .ARM.Collect$$libinit$$00000015  c_w.l(libinit2.o)
    0x08000202   0x08000202   0x00000000   Code   RO         4607    .ARM.Collect$$libinit$$00000017  c_w.l(libinit2.o)
    0x08000202   0x08000202   0x00000000   Code   RO         4609    .ARM.Collect$$libinit$$00000019  c_w.l(libinit2.o)
    0x08000202   0x08000202   0x00000000   Code   RO         4611    .ARM.Collect$$libinit$$0000001B  c_w.l(libinit2.o)
    0x08000202   0x08000202   0x00000000   Code   RO         4613    .ARM.Collect$$libinit$$0000001D  c_w.l(libinit2.o)
    0x08000202   0x08000202   0x00000000   Code   RO         4615    .ARM.Collect$$libinit$$0000001F  c_w.l(libinit2.o)
    0x08000202   0x08000202   0x00000000   Code   RO         4617    .ARM.Collect$$libinit$$00000021  c_w.l(libinit2.o)
    0x08000202   0x08000202   0x00000000   Code   RO         4619    .ARM.Collect$$libinit$$00000023  c_w.l(libinit2.o)
    0x08000202   0x08000202   0x00000000   Code   RO         4621    .ARM.Collect$$libinit$$00000025  c_w.l(libinit2.o)
    0x08000202   0x08000202   0x00000000   Code   RO         4625    .ARM.Collect$$libinit$$0000002C  c_w.l(libinit2.o)
    0x08000202   0x08000202   0x00000000   Code   RO         4627    .ARM.Collect$$libinit$$0000002E  c_w.l(libinit2.o)
    0x08000202   0x08000202   0x00000000   Code   RO         4629    .ARM.Collect$$libinit$$00000030  c_w.l(libinit2.o)
    0x08000202   0x08000202   0x00000004   Code   RO         4630    .ARM.Collect$$libinit$$00000031  c_w.l(libinit2.o)
    0x08000206   0x08000206   0x00000000   Code   RO         4631    .ARM.Collect$$libinit$$00000032  c_w.l(libinit2.o)
    0x08000206   0x08000206   0x00000002   Code   RO         4632    .ARM.Collect$$libinit$$00000033  c_w.l(libinit2.o)
    0x08000208   0x08000208   0x00000002   Code   RO         4780    .ARM.Collect$$libshutdown$$00000000  c_w.l(libshutdown.o)
    0x0800020a   0x0800020a   0x00000000   Code   RO         4796    .ARM.Collect$$libshutdown$$00000002  c_w.l(libshutdown2.o)
    0x0800020a   0x0800020a   0x00000000   Code   RO         4798    .ARM.Collect$$libshutdown$$00000004  c_w.l(libshutdown2.o)
    0x0800020a   0x0800020a   0x00000000   Code   RO         4801    .ARM.Collect$$libshutdown$$00000007  c_w.l(libshutdown2.o)
    0x0800020a   0x0800020a   0x00000000   Code   RO         4804    .ARM.Collect$$libshutdown$$0000000A  c_w.l(libshutdown2.o)
    0x0800020a   0x0800020a   0x00000000   Code   RO         4806    .ARM.Collect$$libshutdown$$0000000C  c_w.l(libshutdown2.o)
    0x0800020a   0x0800020a   0x00000000   Code   RO         4809    .ARM.Collect$$libshutdown$$0000000F  c_w.l(libshutdown2.o)
    0x0800020a   0x0800020a   0x00000002   Code   RO         4810    .ARM.Collect$$libshutdown$$00000010  c_w.l(libshutdown2.o)
    0x0800020c   0x0800020c   0x00000000   Code   RO         4581    .ARM.Collect$$rtentry$$00000000  c_w.l(__rtentry.o)
    0x0800020c   0x0800020c   0x00000000   Code   RO         4690    .ARM.Collect$$rtentry$$00000002  c_w.l(__rtentry2.o)
    0x0800020c   0x0800020c   0x00000006   Code   RO         4702    .ARM.Collect$$rtentry$$00000004  c_w.l(__rtentry4.o)
    0x08000212   0x08000212   0x00000000   Code   RO         4692    .ARM.Collect$$rtentry$$00000009  c_w.l(__rtentry2.o)
    0x08000212   0x08000212   0x00000004   Code   RO         4693    .ARM.Collect$$rtentry$$0000000A  c_w.l(__rtentry2.o)
    0x08000216   0x08000216   0x00000000   Code   RO         4695    .ARM.Collect$$rtentry$$0000000C  c_w.l(__rtentry2.o)
    0x08000216   0x08000216   0x00000008   Code   RO         4696    .ARM.Collect$$rtentry$$0000000D  c_w.l(__rtentry2.o)
    0x0800021e   0x0800021e   0x00000002   Code   RO         4742    .ARM.Collect$$rtexit$$00000000  c_w.l(rtexit.o)
    0x08000220   0x08000220   0x00000000   Code   RO         4762    .ARM.Collect$$rtexit$$00000002  c_w.l(rtexit2.o)
    0x08000220   0x08000220   0x00000004   Code   RO         4763    .ARM.Collect$$rtexit$$00000003  c_w.l(rtexit2.o)
    0x08000224   0x08000224   0x00000006   Code   RO         4764    .ARM.Collect$$rtexit$$00000004  c_w.l(rtexit2.o)
    0x0800022a   0x0800022a   0x00000002   PAD
    0x0800022c   0x0800022c   0x00000040   Code   RO            4    .text               startup_stm32f405xx.o
    0x0800026c   0x0800026c   0x000000ee   Code   RO         4457    .text               c_w.l(lludivv7m.o)
    0x0800035a   0x0800035a   0x0000004e   Code   RO         4459    .text               c_w.l(rt_memclr_w.o)
    0x080003a8   0x080003a8   0x00000006   Code   RO         4461    .text               c_w.l(heapauxi.o)
    0x080003ae   0x080003ae   0x00000002   PAD
    0x080003b0   0x080003b0   0x00000024   Code   RO         4468    .text               c_w.l(init_aeabi.o)
    0x080003d4   0x080003d4   0x00000016   Code   RO         4586    .text               c_w.l(_rserrno.o)
    0x080003ea   0x080003ea   0x00000002   PAD
    0x080003ec   0x080003ec   0x00000008   Code   RO         4709    .text               c_w.l(rt_errno_addr_intlibspace.o)
    0x080003f4   0x080003f4   0x00000008   Code   RO         4719    .text               c_w.l(libspace.o)
    0x080003fc   0x080003fc   0x0000004a   Code   RO         4722    .text               c_w.l(sys_stackheap_outer.o)
    0x08000446   0x08000446   0x00000012   Code   RO         4724    .text               c_w.l(exit.o)
    0x08000458   0x08000458   0x0000000c   Code   RO         4756    .text               c_w.l(sys_exit.o)
    0x08000464   0x08000464   0x00000002   Code   RO         4758    .text               c_w.l(use_no_semi.o)
    0x08000466   0x08000466   0x00000000   Code   RO         4760    .text               c_w.l(indicate_semi.o)
    0x08000466   0x08000466   0x00000002   Code   RO          604    i.BusFault_Handler  stm32f4xx_it.o
    0x08000468   0x08000468   0x00000002   Code   RO          605    i.DebugMon_Handler  stm32f4xx_it.o
    0x0800046a   0x0800046a   0x00000002   PAD
    0x0800046c   0x0800046c   0x00000050   Code   RO         1450    i.FLASH_Erase_Sector  stm32f4xx_hal_flash_ex.o
    0x080004bc   0x080004bc   0x00000058   Code   RO         1451    i.FLASH_FlushCaches  stm32f4xx_hal_flash_ex.o
    0x08000514   0x08000514   0x00000060   Code   RO         1315    i.FLASH_WaitForLastOperation  stm32f4xx_hal_flash.o
    0x08000574   0x08000574   0x00000174   Code   RO          820    i.HAL_ADC_ConfigChannel  stm32f4xx_hal_adc.o
    0x080006e8   0x080006e8   0x00000006   Code   RO          827    i.HAL_ADC_GetValue  stm32f4xx_hal_adc.o
    0x080006ee   0x080006ee   0x00000056   Code   RO          829    i.HAL_ADC_Init      stm32f4xx_hal_adc.o
    0x08000744   0x08000744   0x00000060   Code   RO          718    i.HAL_ADC_MspInit   stm32f4xx_hal_msp.o
    0x080007a4   0x080007a4   0x000000c6   Code   RO          833    i.HAL_ADC_PollForConversion  stm32f4xx_hal_adc.o
    0x0800086a   0x0800086a   0x00000002   PAD
    0x0800086c   0x0800086c   0x00000128   Code   RO          835    i.HAL_ADC_Start     stm32f4xx_hal_adc.o
    0x08000994   0x08000994   0x0000003e   Code   RO          838    i.HAL_ADC_Stop      stm32f4xx_hal_adc.o
    0x080009d2   0x080009d2   0x000000a2   Code   RO         1708    i.HAL_DMA_Abort     stm32f4xx_hal_dma.o
    0x08000a74   0x08000a74   0x00000024   Code   RO         1709    i.HAL_DMA_Abort_IT  stm32f4xx_hal_dma.o
    0x08000a98   0x08000a98   0x00000028   Code   RO         2181    i.HAL_Delay         stm32f4xx_hal.o
    0x08000ac0   0x08000ac0   0x000000ac   Code   RO         1452    i.HAL_FLASHEx_Erase  stm32f4xx_hal_flash_ex.o
    0x08000b6c   0x08000b6c   0x00000080   Code   RO         1324    i.HAL_FLASH_Program  stm32f4xx_hal_flash.o
    0x08000bec   0x08000bec   0x00000034   Code   RO         1326    i.HAL_FLASH_Unlock  stm32f4xx_hal_flash.o
    0x08000c20   0x08000c20   0x0000022c   Code   RO         1592    i.HAL_GPIO_Init     stm32f4xx_hal_gpio.o
    0x08000e4c   0x08000e4c   0x0000000e   Code   RO         1594    i.HAL_GPIO_ReadPin  stm32f4xx_hal_gpio.o
    0x08000e5a   0x08000e5a   0x00000010   Code   RO         1595    i.HAL_GPIO_TogglePin  stm32f4xx_hal_gpio.o
    0x08000e6a   0x08000e6a   0x0000000e   Code   RO         1596    i.HAL_GPIO_WritePin  stm32f4xx_hal_gpio.o
    0x08000e78   0x08000e78   0x0000000c   Code   RO         2187    i.HAL_GetTick       stm32f4xx_hal.o
    0x08000e84   0x08000e84   0x00000010   Code   RO         2193    i.HAL_IncTick       stm32f4xx_hal.o
    0x08000e94   0x08000e94   0x00000034   Code   RO         2194    i.HAL_Init          stm32f4xx_hal.o
    0x08000ec8   0x08000ec8   0x00000044   Code   RO         2195    i.HAL_InitTick      stm32f4xx_hal.o
    0x08000f0c   0x08000f0c   0x00000034   Code   RO          719    i.HAL_MspInit       stm32f4xx_hal_msp.o
    0x08000f40   0x08000f40   0x0000001c   Code   RO         2031    i.HAL_NVIC_EnableIRQ  stm32f4xx_hal_cortex.o
    0x08000f5c   0x08000f5c   0x00000068   Code   RO         2037    i.HAL_NVIC_SetPriority  stm32f4xx_hal_cortex.o
    0x08000fc4   0x08000fc4   0x00000024   Code   RO         2038    i.HAL_NVIC_SetPriorityGrouping  stm32f4xx_hal_cortex.o
    0x08000fe8   0x08000fe8   0x0000017c   Code   RO         1140    i.HAL_RCC_ClockConfig  stm32f4xx_hal_rcc.o
    0x08001164   0x08001164   0x0000000c   Code   RO         1145    i.HAL_RCC_GetHCLKFreq  stm32f4xx_hal_rcc.o
    0x08001170   0x08001170   0x00000020   Code   RO         1147    i.HAL_RCC_GetPCLK1Freq  stm32f4xx_hal_rcc.o
    0x08001190   0x08001190   0x00000020   Code   RO         1148    i.HAL_RCC_GetPCLK2Freq  stm32f4xx_hal_rcc.o
    0x080011b0   0x080011b0   0x0000006c   Code   RO         1149    i.HAL_RCC_GetSysClockFreq  stm32f4xx_hal_rcc.o
    0x0800121c   0x0800121c   0x00000482   Code   RO         1152    i.HAL_RCC_OscConfig  stm32f4xx_hal_rcc.o
    0x0800169e   0x0800169e   0x000000be   Code   RO         2479    i.HAL_SPI_Init      stm32f4xx_hal_spi.o
    0x0800175c   0x0800175c   0x00000068   Code   RO          721    i.HAL_SPI_MspInit   stm32f4xx_hal_msp.o
    0x080017c4   0x080017c4   0x0000016e   Code   RO         2482    i.HAL_SPI_Receive   stm32f4xx_hal_spi.o
    0x08001932   0x08001932   0x0000019c   Code   RO         2487    i.HAL_SPI_Transmit  stm32f4xx_hal_spi.o
    0x08001ace   0x08001ace   0x000001f8   Code   RO         2488    i.HAL_SPI_TransmitReceive  stm32f4xx_hal_spi.o
    0x08001cc6   0x08001cc6   0x00000002   PAD
    0x08001cc8   0x08001cc8   0x00000028   Code   RO         2042    i.HAL_SYSTICK_Config  stm32f4xx_hal_cortex.o
    0x08001cf0   0x08001cf0   0x0000009a   Code   RO         3700    i.HAL_TIMEx_MasterConfigSynchronization  stm32f4xx_hal_tim_ex.o
    0x08001d8a   0x08001d8a   0x0000005c   Code   RO         2847    i.HAL_TIM_Base_Init  stm32f4xx_hal_tim.o
    0x08001de6   0x08001de6   0x00000002   PAD
    0x08001de8   0x08001de8   0x00000024   Code   RO          723    i.HAL_TIM_Base_MspInit  stm32f4xx_hal_msp.o
    0x08001e0c   0x08001e0c   0x0000008a   Code   RO         2852    i.HAL_TIM_Base_Start_IT  stm32f4xx_hal_tim.o
    0x08001e96   0x08001e96   0x000000ea   Code   RO         2856    i.HAL_TIM_ConfigClockSource  stm32f4xx_hal_tim.o
    0x08001f80   0x08001f80   0x00000050   Code   RO          724    i.HAL_TIM_MspPostInit  stm32f4xx_hal_msp.o
    0x08001fd0   0x08001fd0   0x000000d8   Code   RO         2919    i.HAL_TIM_PWM_ConfigChannel  stm32f4xx_hal_tim.o
    0x080020a8   0x080020a8   0x0000005c   Code   RO         2922    i.HAL_TIM_PWM_Init  stm32f4xx_hal_tim.o
    0x08002104   0x08002104   0x00000028   Code   RO          726    i.HAL_TIM_PWM_MspInit  stm32f4xx_hal_msp.o
    0x0800212c   0x0800212c   0x000000dc   Code   RO         2927    i.HAL_TIM_PWM_Start  stm32f4xx_hal_tim.o
    0x08002208   0x08002208   0x0000007c   Code   RO         2930    i.HAL_TIM_PWM_Stop  stm32f4xx_hal_tim.o
    0x08002284   0x08002284   0x00000002   Code   RO         4001    i.HAL_UARTEx_RxEventCallback  stm32f4xx_hal_uart.o
    0x08002286   0x08002286   0x00000002   Code   RO         4015    i.HAL_UART_ErrorCallback  stm32f4xx_hal_uart.o
    0x08002288   0x08002288   0x00000260   Code   RO         4018    i.HAL_UART_IRQHandler  stm32f4xx_hal_uart.o
    0x080024e8   0x080024e8   0x00000064   Code   RO         4019    i.HAL_UART_Init     stm32f4xx_hal_uart.o
    0x0800254c   0x0800254c   0x0000019c   Code   RO          728    i.HAL_UART_MspInit  stm32f4xx_hal_msp.o
    0x080026e8   0x080026e8   0x0000002e   Code   RO         4024    i.HAL_UART_Receive_IT  stm32f4xx_hal_uart.o
    0x08002716   0x08002716   0x00000002   PAD
    0x08002718   0x08002718   0x0000016c   Code   RO          358    i.HAL_UART_RxCpltCallback  main.o
    0x08002884   0x08002884   0x00000042   Code   RO         4029    i.HAL_UART_Transmit_IT  stm32f4xx_hal_uart.o
    0x080028c6   0x080028c6   0x00000002   PAD
    0x080028c8   0x080028c8   0x00000050   Code   RO          359    i.HAL_UART_TxCpltCallback  main.o
    0x08002918   0x08002918   0x00000002   Code   RO          606    i.HardFault_Handler  stm32f4xx_it.o
    0x0800291a   0x0800291a   0x00000002   Code   RO          607    i.MemManage_Handler  stm32f4xx_it.o
    0x0800291c   0x0800291c   0x00000002   Code   RO          608    i.NMI_Handler       stm32f4xx_it.o
    0x0800291e   0x0800291e   0x00000002   Code   RO          609    i.PendSV_Handler    stm32f4xx_it.o
    0x08002920   0x08002920   0x00000002   Code   RO          610    i.SVC_Handler       stm32f4xx_it.o
    0x08002922   0x08002922   0x00000004   Code   RO          611    i.SysTick_Handler   stm32f4xx_it.o
    0x08002926   0x08002926   0x00000002   PAD
    0x08002928   0x08002928   0x00000058   Code   RO         4419    i.SystemInit        system_stm32f4xx.o
    0x08002980   0x08002980   0x000000cc   Code   RO         2940    i.TIM_Base_SetConfig  stm32f4xx_hal_tim.o
    0x08002a4c   0x08002a4c   0x0000001e   Code   RO         2941    i.TIM_CCxChannelCmd  stm32f4xx_hal_tim.o
    0x08002a6a   0x08002a6a   0x00000016   Code   RO         2946    i.TIM_ETR_SetConfig  stm32f4xx_hal_tim.o
    0x08002a80   0x08002a80   0x00000078   Code   RO         2947    i.TIM_OC2_SetConfig  stm32f4xx_hal_tim.o
    0x08002af8   0x08002af8   0x0000000c   Code   RO          612    i.UART5_IRQHandler  stm32f4xx_it.o
    0x08002b04   0x08002b04   0x0000003c   Code   RO         4033    i.UART_Start_Receive_IT  stm32f4xx_hal_uart.o
    0x08002b40   0x08002b40   0x0000000c   Code   RO          613    i.USART1_IRQHandler  stm32f4xx_it.o
    0x08002b4c   0x08002b4c   0x0000000c   Code   RO          614    i.USART3_IRQHandler  stm32f4xx_it.o
    0x08002b58   0x08002b58   0x0000000c   Code   RO          615    i.USART6_IRQHandler  stm32f4xx_it.o
    0x08002b64   0x08002b64   0x00000002   Code   RO          616    i.UsageFault_Handler  stm32f4xx_it.o
    0x08002b66   0x08002b66   0x00000002   PAD
    0x08002b68   0x08002b68   0x000000ac   Code   RO          360    i._Z10IMU_Updatev   main.o
    0x08002c14   0x08002c14   0x00000074   Code   RO          361    i._Z10set_offsetv   main.o
    0x08002c88   0x08002c88   0x000000f4   Code   RO          362    i._Z11Calibrationv  main.o
    0x08002d7c   0x08002d7c   0x00000050   Code   RO          363    i._Z11ReadVoltagev  main.o
    0x08002dcc   0x08002dcc   0x0000007c   Code   RO           13    i._Z12MPU9250_InitP19__SPI_HandleTypeDefP14MPU9250TypeDef  hal_mpu9250.o
    0x08002e48   0x08002e48   0x00000050   Code   RO          364    i._Z13Button_Updatev  main.o
    0x08002e98   0x08002e98   0x00000030   Code   RO          365    i._Z13IMU_PWR_Resetv  main.o
    0x08002ec8   0x08002ec8   0x00000080   Code   RO          366    i._Z14Battery_Updatev  main.o
    0x08002f48   0x08002f48   0x00000044   Code   RO          161    i._Z15EE_ReadVariabletPs  eeprom.o
    0x08002f8c   0x08002f8c   0x000000e4   Code   RO          367    i._Z15IMU_Filter_Initv  main.o
    0x08003070   0x08003070   0x000000c0   Code   RO          368    i._Z15Queue_Data_Sendv  main.o
    0x08003130   0x08003130   0x00000020   Code   RO          369    i._Z16DXL_CheckSumCalcPh  main.o
    0x08003150   0x08003150   0x0000001e   Code   RO          162    i._Z16EE_WriteVariablets  eeprom.o
    0x0800316e   0x0800316e   0x00000002   PAD
    0x08003170   0x08003170   0x00000048   Code   RO           14    i._Z16MPU9250_ReadDataP19__SPI_HandleTypeDefPhhh  hal_mpu9250.o
    0x080031b8   0x080031b8   0x00000218   Code   RO          370    i._Z17IMU_Filter_Updatev  main.o
    0x080033d0   0x080033d0   0x00000038   Code   RO           15    i._Z17MPU9250_WriteDataP19__SPI_HandleTypeDefhh  hal_mpu9250.o
    0x08003408   0x08003408   0x00000070   Code   RO          371    i._Z17Slave_CheckPacketP20__UART_HandleTypeDefP15UARTLineTypeDef  main.o
    0x08003478   0x08003478   0x000001a0   Code   RO          372    i._Z18LookUpTable_Updatev  main.o
    0x08003618   0x08003618   0x00000088   Code   RO          373    i._Z18Master_CheckPacketP20__UART_HandleTypeDefP14USBLineTypeDef  main.o
    0x080036a0   0x080036a0   0x0000000e   Code   RO          374    i._Z18Struct_InitializerP14USBLineTypeDef  main.o
    0x080036ae   0x080036ae   0x00000002   PAD
    0x080036b0   0x080036b0   0x00000090   Code   RO          375    i._Z18SystemClock_Configv  main.o
    0x08003740   0x08003740   0x00000050   Code   RO          376    i._Z22MainBoard_ReadRegisterPh  main.o
    0x08003790   0x08003790   0x00000024   Code   RO          377    i._Z23MainBoard_WriteRegisterPh  main.o
    0x080037b4   0x080037b4   0x0000018c   Code   RO          163    i._Z7EE_Initv       eeprom.o
    0x08003940   0x08003940   0x00000094   Code   RO          378    i._Z8Debuggerv      main.o
    0x080039d4   0x080039d4   0x00000028   Code   RO          379    i._Z8IMU_Initv      main.o
    0x080039fc   0x080039fc   0x0000005c   Code   RO          164    i._Z9EE_Formatv     eeprom.o
    0x08003a58   0x08003a58   0x000000c4   Code   RO          236    i._ZN15stateestimation17AttitudeEstimator10resetStateEb  attitude_estimator.o
    0x08003b1c   0x08003b1c   0x00000084   Code   RO          237    i._ZN15stateestimation17AttitudeEstimator10setPIGainsEdddd  attitude_estimator.o
    0x08003ba0   0x08003ba0   0x0000012c   Code   RO          238    i._ZN15stateestimation17AttitudeEstimator11setAttitudeEdddd  attitude_estimator.o
    0x08003ccc   0x08003ccc   0x000001a0   Code   RO          239    i._ZN15stateestimation17AttitudeEstimator11updateEulerEv  attitude_estimator.o
    0x08003e6c   0x08003e6c   0x00000220   Code   RO          240    i._ZN15stateestimation17AttitudeEstimator11updateFusedEv  attitude_estimator.o
    0x0800408c   0x0800408c   0x00000034   Code   RO          243    i._ZN15stateestimation17AttitudeEstimator5resetEbb  attitude_estimator.o
    0x080040c0   0x080040c0   0x00000830   Code   RO          244    i._ZN15stateestimation17AttitudeEstimator6updateEdddddddddd  attitude_estimator.o
    0x080048f0   0x080048f0   0x00000098   Code   RO          245    i._ZN15stateestimation17AttitudeEstimator8resetAllEb  attitude_estimator.o
    0x08004988   0x08004988   0x000019c4   Code   RO          246    i._ZN15stateestimation17AttitudeEstimator8updateQyEdddddd  attitude_estimator.o
    0x0800634c   0x0800634c   0x00000068   Code   RO          323    i._ZN15stateestimation17AttitudeEstimator9setLambdaEd  attitude_estimator.o
    0x080063b4   0x080063b4   0x0000000c   Code   RO          247    i._ZN15stateestimation17AttitudeEstimatorC1Eb  attitude_estimator.o
    0x080063c0   0x080063c0   0x00000064   Code   RO          380    i._ZN22_INTERNAL_6_main_c_Est12MX_ADC1_InitEv  main.o
    0x08006424   0x08006424   0x00000184   Code   RO          381    i._ZN22_INTERNAL_6_main_c_Est12MX_GPIO_InitEv  main.o
    0x080065a8   0x080065a8   0x00000040   Code   RO          382    i._ZN22_INTERNAL_6_main_c_Est12MX_SPI1_InitEv  main.o
    0x080065e8   0x080065e8   0x00000060   Code   RO          383    i._ZN22_INTERNAL_6_main_c_Est12MX_TIM2_InitEv  main.o
    0x08006648   0x08006648   0x00000070   Code   RO          384    i._ZN22_INTERNAL_6_main_c_Est12MX_TIM5_InitEv  main.o
    0x080066b8   0x080066b8   0x000000b8   Code   RO          165    i._ZN28_INTERNAL_8_eeprom_c_DataVar15EE_PageTransferEtt  eeprom.o
    0x08006770   0x08006770   0x00000038   Code   RO          166    i._ZN28_INTERNAL_8_eeprom_c_DataVar16EE_FindValidPageEh  eeprom.o
    0x080067a8   0x080067a8   0x00000022   Code   RO          167    i._ZN28_INTERNAL_8_eeprom_c_DataVar24EE_VerifyPageFullyErasedEj  eeprom.o
    0x080067ca   0x080067ca   0x00000002   PAD
    0x080067cc   0x080067cc   0x00000054   Code   RO          168    i._ZN28_INTERNAL_8_eeprom_c_DataVar30EE_VerifyPageFullWriteVariableEtt  eeprom.o
    0x08006820   0x08006820   0x00000130   Code   RO          844    i._ZN41_INTERNAL_19_stm32f4xx_hal_adc_c_52ef8f508ADC_InitEP17ADC_HandleTypeDef  stm32f4xx_hal_adc.o
    0x08006950   0x08006950   0x0000008c   Code   RO         2512    i._ZN41_INTERNAL_19_stm32f4xx_hal_spi_c_5e7b22bd20SPI_EndRxTransactionEP19__SPI_HandleTypeDefjj  stm32f4xx_hal_spi.o
    0x080069dc   0x080069dc   0x00000064   Code   RO         2518    i._ZN41_INTERNAL_19_stm32f4xx_hal_spi_c_5e7b22bd22SPI_EndRxTxTransactionEP19__SPI_HandleTypeDefjj  stm32f4xx_hal_spi.o
    0x08006a40   0x08006a40   0x000000d8   Code   RO         2521    i._ZN41_INTERNAL_19_stm32f4xx_hal_spi_c_5e7b22bd29SPI_WaitFlagStateUntilTimeoutEP19__SPI_HandleTypeDefj10FlagStatusjj  stm32f4xx_hal_spi.o
    0x08006b18   0x08006b18   0x00000070   Code   RO         2949    i._ZN41_INTERNAL_19_stm32f4xx_hal_tim_c_a9d95b5217TIM_OC1_SetConfigEP11TIM_TypeDefP18TIM_OC_InitTypeDef  stm32f4xx_hal_tim.o
    0x08006b88   0x08006b88   0x00000078   Code   RO         2950    i._ZN41_INTERNAL_19_stm32f4xx_hal_tim_c_a9d95b5217TIM_OC3_SetConfigEP11TIM_TypeDefP18TIM_OC_InitTypeDef  stm32f4xx_hal_tim.o
    0x08006c00   0x08006c00   0x00000058   Code   RO         2951    i._ZN41_INTERNAL_19_stm32f4xx_hal_tim_c_a9d95b5217TIM_OC4_SetConfigEP11TIM_TypeDefP18TIM_OC_InitTypeDef  stm32f4xx_hal_tim.o
    0x08006c58   0x08006c58   0x00000010   Code   RO         2956    i._ZN41_INTERNAL_19_stm32f4xx_hal_tim_c_a9d95b5218TIM_ITRx_SetConfigEP11TIM_TypeDefj  stm32f4xx_hal_tim.o
    0x08006c68   0x08006c68   0x00000026   Code   RO         2961    i._ZN41_INTERNAL_19_stm32f4xx_hal_tim_c_a9d95b5224TIM_TI1_ConfigInputStageEP11TIM_TypeDefjj  stm32f4xx_hal_tim.o
    0x08006c8e   0x08006c8e   0x00000024   Code   RO         2962    i._ZN41_INTERNAL_19_stm32f4xx_hal_tim_c_a9d95b5224TIM_TI2_ConfigInputStageEP11TIM_TypeDefjj  stm32f4xx_hal_tim.o
    0x08006cb2   0x08006cb2   0x00000002   PAD
    0x08006cb4   0x08006cb4   0x000000fc   Code   RO         4035    i._ZN42_INTERNAL_20_stm32f4xx_hal_uart_c_d497114f14UART_SetConfigEP20__UART_HandleTypeDef  stm32f4xx_hal_uart.o
    0x08006db0   0x08006db0   0x000000c8   Code   RO         4036    i._ZN42_INTERNAL_20_stm32f4xx_hal_uart_c_d497114f15UART_Receive_ITEP20__UART_HandleTypeDef  stm32f4xx_hal_uart.o
    0x08006e78   0x08006e78   0x0000005e   Code   RO         4037    i._ZN42_INTERNAL_20_stm32f4xx_hal_uart_c_d497114f16UART_Transmit_ITEP20__UART_HandleTypeDef  stm32f4xx_hal_uart.o
    0x08006ed6   0x08006ed6   0x0000004e   Code   RO         4040    i._ZN42_INTERNAL_20_stm32f4xx_hal_uart_c_d497114f18UART_EndRxTransferEP20__UART_HandleTypeDef  stm32f4xx_hal_uart.o
    0x08006f24   0x08006f24   0x0000001a   Code   RO         4043    i._ZN42_INTERNAL_20_stm32f4xx_hal_uart_c_d497114f19UART_EndTransmit_ITEP20__UART_HandleTypeDef  stm32f4xx_hal_uart.o
    0x08006f3e   0x08006f3e   0x00000010   Code   RO         4044    i._ZN42_INTERNAL_20_stm32f4xx_hal_uart_c_d497114f20UART_DMAAbortOnErrorEP19__DMA_HandleTypeDef  stm32f4xx_hal_uart.o
    0x08006f4e   0x08006f4e   0x00000002   PAD
    0x08006f50   0x08006f50   0x00000020   Code   RO         1327    i._ZN43_INTERNAL_21_stm32f4xx_hal_flash_c_48aa8f3e18FLASH_Program_ByteEjh  stm32f4xx_hal_flash.o
    0x08006f70   0x08006f70   0x00000024   Code   RO         1328    i._ZN43_INTERNAL_21_stm32f4xx_hal_flash_c_48aa8f3e18FLASH_Program_WordEjj  stm32f4xx_hal_flash.o
    0x08006f94   0x08006f94   0x00000074   Code   RO         1329    i._ZN43_INTERNAL_21_stm32f4xx_hal_flash_c_48aa8f3e18FLASH_SetErrorCodeEv  stm32f4xx_hal_flash.o
    0x08007008   0x08007008   0x00000024   Code   RO         1330    i._ZN43_INTERNAL_21_stm32f4xx_hal_flash_c_48aa8f3e22FLASH_Program_HalfWordEjt  stm32f4xx_hal_flash.o
    0x0800702c   0x0800702c   0x00000034   Code   RO         1331    i._ZN43_INTERNAL_21_stm32f4xx_hal_flash_c_48aa8f3e24FLASH_Program_DoubleWordEjy  stm32f4xx_hal_flash.o
    0x08007060   0x08007060   0x00000028   Code   RO         1456    i._ZN46_INTERNAL_24_stm32f4xx_hal_flash_ex_c_6648b60e15FLASH_MassEraseEhj  stm32f4xx_hal_flash_ex.o
    0x08007088   0x08007088   0x00000030   Code   RO         4673    i.__ARM_fpclassify  m_wm.l(fpclassify.o)
    0x080070b8   0x080070b8   0x00000360   Code   RO         4513    i.__hardfp_asin     m_wm.l(asin.o)
    0x08007418   0x08007418   0x000002d8   Code   RO         4642    i.__hardfp_atan     m_wm.l(atan.o)
    0x080076f0   0x080076f0   0x000001f0   Code   RO         4527    i.__hardfp_atan2    m_wm.l(atan2.o)
    0x080078e0   0x080078e0   0x000000c8   Code   RO         4539    i.__hardfp_cos      m_wm.l(cos.o)
    0x080079a8   0x080079a8   0x00000014   Code   RO         4551    i.__hardfp_fabs     m_wm.l(fabs.o)
    0x080079bc   0x080079bc   0x00000004   PAD
    0x080079c0   0x080079c0   0x000000c8   Code   RO         4557    i.__hardfp_sin      m_wm.l(sin.o)
    0x08007a88   0x08007a88   0x0000007a   Code   RO         4569    i.__hardfp_sqrt     m_wm.l(sqrt.o)
    0x08007b02   0x08007b02   0x00000006   PAD
    0x08007b08   0x08007b08   0x00000438   Code   RO         4678    i.__ieee754_rem_pio2  m_wm.l(rred.o)
    0x08007f40   0x08007f40   0x00000170   Code   RO         4656    i.__kernel_cos      m_wm.l(cos_i.o)
    0x080080b0   0x080080b0   0x000000f8   Code   RO         4675    i.__kernel_poly     m_wm.l(poly.o)
    0x080081a8   0x080081a8   0x00000130   Code   RO         4683    i.__kernel_sin      m_wm.l(sin_i.o)
    0x080082d8   0x080082d8   0x00000014   Code   RO         4660    i.__mathlib_dbl_infnan  m_wm.l(dunder.o)
    0x080082ec   0x080082ec   0x00000014   Code   RO         4661    i.__mathlib_dbl_infnan2  m_wm.l(dunder.o)
    0x08008300   0x08008300   0x00000020   Code   RO         4662    i.__mathlib_dbl_invalid  m_wm.l(dunder.o)
    0x08008320   0x08008320   0x00000020   Code   RO         4665    i.__mathlib_dbl_underflow  m_wm.l(dunder.o)
    0x08008340   0x08008340   0x0000000c   Code   RO          385    i.__sti___6_main_c_Est  main.o
    0x0800834c   0x0800834c   0x00000010   Code   RO         4644    i.atan              m_wm.l(atan.o)
    0x0800835c   0x0800835c   0x00000018   Code   RO         4553    i.fabs              m_wm.l(fabs.o)
    0x08008374   0x08008374   0x000001b8   Code   RO          386    i.main              main.o
    0x0800852c   0x0800852c   0x0000006e   Code   RO         4571    i.sqrt              m_wm.l(sqrt.o)
    0x0800859a   0x0800859a   0x00000018   Code   RO         4471    x$fpl$basic         fz_wm.l(basic.o)
    0x080085b2   0x080085b2   0x00000002   PAD
    0x080085b4   0x080085b4   0x00000150   Code   RO         4473    x$fpl$dadd          fz_wm.l(daddsub_clz.o)
    0x08008704   0x08008704   0x00000018   Code   RO         4633    x$fpl$dcmpinf       fz_wm.l(dcmpi.o)
    0x0800871c   0x0800871c   0x000002b0   Code   RO         4480    x$fpl$ddiv          fz_wm.l(ddiv.o)
    0x080089cc   0x080089cc   0x0000005e   Code   RO         4713    x$fpl$dfix          fz_wm.l(dfix.o)
    0x08008a2a   0x08008a2a   0x00000002   PAD
    0x08008a2c   0x08008a2c   0x0000005a   Code   RO         4483    x$fpl$dfixu         fz_wm.l(dfixu.o)
    0x08008a86   0x08008a86   0x0000002e   Code   RO         4488    x$fpl$dflt          fz_wm.l(dflt_clz.o)
    0x08008ab4   0x08008ab4   0x00000026   Code   RO         4487    x$fpl$dfltu         fz_wm.l(dflt_clz.o)
    0x08008ada   0x08008ada   0x00000002   PAD
    0x08008adc   0x08008adc   0x00000078   Code   RO         4493    x$fpl$dleqf         fz_wm.l(dleqf.o)
    0x08008b54   0x08008b54   0x00000154   Code   RO         4495    x$fpl$dmul          fz_wm.l(dmul.o)
    0x08008ca8   0x08008ca8   0x0000009c   Code   RO         4635    x$fpl$dnaninf       fz_wm.l(dnaninf.o)
    0x08008d44   0x08008d44   0x0000000c   Code   RO         4637    x$fpl$dretinf       fz_wm.l(dretinf.o)
    0x08008d50   0x08008d50   0x0000006c   Code   RO         4497    x$fpl$drleqf        fz_wm.l(drleqf.o)
    0x08008dbc   0x08008dbc   0x00000016   Code   RO         4474    x$fpl$drsb          fz_wm.l(daddsub_clz.o)
    0x08008dd2   0x08008dd2   0x00000002   PAD
    0x08008dd4   0x08008dd4   0x00000198   Code   RO         4639    x$fpl$dsqrt         fz_wm.l(dsqrt_umaal.o)
    0x08008f6c   0x08008f6c   0x000001d4   Code   RO         4475    x$fpl$dsub          fz_wm.l(daddsub_clz.o)
    0x08009140   0x08009140   0x0000000a   Code   RO         4717    x$fpl$fpinit        fz_wm.l(fpinit.o)
    0x0800914a   0x0800914a   0x00000000   Code   RO         4641    x$fpl$usenofp       fz_wm.l(usenofp.o)
    0x0800914a   0x0800914a   0x00000010   Data   RO         4422    .constdata          system_stm32f4xx.o
    0x0800915a   0x0800915a   0x00000008   Data   RO         4423    .constdata          system_stm32f4xx.o
    0x08009162   0x08009162   0x00000006   PAD
    0x08009168   0x08009168   0x00000050   Data   RO         4516    .constdata          m_wm.l(asin.o)
    0x080091b8   0x080091b8   0x00000098   Data   RO         4645    .constdata          m_wm.l(atan.o)
    0x08009250   0x08009250   0x00000030   Data   RO         4657    .constdata          m_wm.l(cos_i.o)
    0x08009280   0x08009280   0x00000008   Data   RO         4677    .constdata          m_wm.l(qnan.o)
    0x08009288   0x08009288   0x000000c8   Data   RO         4680    .constdata          m_wm.l(rred.o)
    0x08009350   0x08009350   0x00000028   Data   RO         4684    .constdata          m_wm.l(sin_i.o)
    0x08009378   0x08009378   0x00000020   Data   RO         4811    Region$$Table       anon$$obj.o
    0x08009398   0x08009398   0x00000004   Data   RO          419    .init_array         main.o
    0x0800939c   0x08009398   0x00000000   Data   RO         4466    .init_array         c_w.l(init_aeabi.o)


    Execution Region RW_IRAM1 (Exec base: 0x20000000, Load base: 0x0800939c, Size: 0x00003e88, Max: 0x00020000, ABSOLUTE)

    Exec Addr    Load Addr    Size         Type   Attr      Idx    E Section Name        Object

    0x20000000   0x0800939c   0x00000002   Data   RW          178    .data               eeprom.o
    0x20000002   0x0800939e   0x00000006   PAD
    0x20000008   0x080093a4   0x000000b8   Data   RW          418    .data               main.o
    0x200000c0   0x0800945c   0x0000000c   Data   RW         2228    .data               stm32f4xx_hal.o
    0x200000cc   0x08009468   0x00000004   Data   RW         4424    .data               system_stm32f4xx.o
    0x200000d0        -       0x0000000c   Zero   RW          177    .bss                eeprom.o
    0x200000dc   0x0800946c   0x00000004   PAD
    0x200000e0        -       0x00000d28   Zero   RW          417    .bss                main.o
    0x20000e08        -       0x00000020   Zero   RW         1349    .bss                stm32f4xx_hal_flash.o
    0x20000e28        -       0x00000060   Zero   RW         4720    .bss                c_w.l(libspace.o)
    0x20000e88        -       0x00001000   Zero   RW            2    HEAP                startup_stm32f405xx.o
    0x20001e88        -       0x00002000   Zero   RW            1    STACK               startup_stm32f405xx.o


==============================================================================

Image component sizes


      Code (inc. data)   RO Data    RW Data    ZI Data      Debug   Object Name

     10600        398          0          0          0      18072   attitude_estimator.o
       944         28          0          2         12       7771   eeprom.o
       252         12          0          0          0     675626   hal_mpu9250.o
      4638        452          4        184       3368      32071   main.o
        64         26        392          0      12288        900   startup_stm32f405xx.o
       188         30          0         12          0       9873   stm32f4xx_hal.o
      1324         42          0          0          0       6449   stm32f4xx_hal_adc.o
       208         16          0          0          0      33951   stm32f4xx_hal_cortex.o
       198          0          0          0          0       2187   stm32f4xx_hal_dma.o
       548         68          0          0         32       6029   stm32f4xx_hal_flash.o
       380         24          0          0          0       3662   stm32f4xx_hal_flash_ex.o
       600         18          0          0          0       3992   stm32f4xx_hal_gpio.o
       820         90          0          0          0       5736   stm32f4xx_hal_msp.o
      1718        100          0          0          0       6936   stm32f4xx_hal_rcc.o
      1928         14          0          0          0       8826   stm32f4xx_hal_spi.o
      1902         56          0          0          0      14867   stm32f4xx_hal_tim.o
       154          0          0          0          0       1540   stm32f4xx_hal_tim_ex.o
      1550          8          0          0          0      11629   stm32f4xx_hal_uart.o
        68         24          0          0          0       6633   stm32f4xx_it.o
        88         24         24          4          0       1347   system_stm32f4xx.o

    ----------------------------------------------------------------------
     28198       1430        458        208      15704     858097   Object Totals
         0          0         32          0          0          0   (incl. Generated)
        26          0          6          6          4          0   (incl. Padding)

    ----------------------------------------------------------------------

      Code (inc. data)   RO Data    RW Data    ZI Data      Debug   Library Member Name

         8          0          0          0          0         68   __main.o
         0          0          0          0          0          0   __rtentry.o
        12          0          0          0          0          0   __rtentry2.o
         6          0          0          0          0          0   __rtentry4.o
        52          8          0          0          0          0   __scatter.o
        26          0          0          0          0          0   __scatter_copy.o
        28          0          0          0          0          0   __scatter_zi.o
        22          0          0          0          0        100   _rserrno.o
        18          0          0          0          0         80   exit.o
         6          0          0          0          0        152   heapauxi.o
         0          0          0          0          0          0   indicate_semi.o
        36         10          0          0          0         80   init_aeabi.o
         2          0          0          0          0          0   libinit.o
        10          0          0          0          0          0   libinit2.o
         2          0          0          0          0          0   libshutdown.o
         2          0          0          0          0          0   libshutdown2.o
         8          4          0          0         96         68   libspace.o
       238          0          0          0          0        100   lludivv7m.o
         8          4          0          0          0         68   rt_errno_addr_intlibspace.o
        78          0          0          0          0         80   rt_memclr_w.o
         2          0          0          0          0          0   rtexit.o
        10          0          0          0          0          0   rtexit2.o
        12          4          0          0          0         68   sys_exit.o
        74          0          0          0          0         80   sys_stackheap_outer.o
         2          0          0          0          0         68   use_no_semi.o
        24          0          0          0          0        164   basic.o
       826         16          0          0          0        492   daddsub_clz.o
        24          0          0          0          0        116   dcmpi.o
       688        140          0          0          0        256   ddiv.o
        94          4          0          0          0        140   dfix.o
        90          4          0          0          0        140   dfixu.o
        84          0          0          0          0        232   dflt_clz.o
       120          4          0          0          0        140   dleqf.o
       340         12          0          0          0        152   dmul.o
       156          4          0          0          0        140   dnaninf.o
        12          0          0          0          0        116   dretinf.o
       108          0          0          0          0        128   drleqf.o
       408         56          0          0          0        168   dsqrt_umaal.o
        10          0          0          0          0        116   fpinit.o
         0          0          0          0          0          0   usenofp.o
       864         94         80          0          0        280   asin.o
       744        106        152          0          0        352   atan.o
       496         64          0          0          0        192   atan2.o
       200         20          0          0          0        164   cos.o
       368         46         48          0          0        200   cos_i.o
       104         16          0          0          0        496   dunder.o
        44          0          0          0          0        248   fabs.o
        48          0          0          0          0        124   fpclassify.o
       248          0          0          0          0        152   poly.o
         0          0          8          0          0          0   qnan.o
      1080        142        200          0          0        188   rred.o
       200         20          0          0          0        164   sin.o
       304         24         40          0          0        208   sin_i.o
       232          0          0          0          0        296   sqrt.o

    ----------------------------------------------------------------------
      8604        802        528          0         96       6576   Library Totals
        26          0          0          0          0          0   (incl. Padding)

    ----------------------------------------------------------------------

      Code (inc. data)   RO Data    RW Data    ZI Data      Debug   Library Name

       662         30          0          0         96       1012   c_w.l
      2984        240          0          0          0       2500   fz_wm.l
      4932        532        528          0          0       3064   m_wm.l

    ----------------------------------------------------------------------
      8604        802        528          0         96       6576   Library Totals

    ----------------------------------------------------------------------

==============================================================================


      Code (inc. data)   RO Data    RW Data    ZI Data      Debug   

     36802       2232        986        208      15800     846757   Grand Totals
     36802       2232        986        208      15800     846757   ELF Image Totals
     36802       2232        986        208          0          0   ROM Totals

==============================================================================

    Total RO  Size (Code + RO Data)                37788 (  36.90kB)
    Total RW  Size (RW Data + ZI Data)             16008 (  15.63kB)
    Total ROM Size (Code + RO Data + RW Data)      37996 (  37.11kB)

==============================================================================

