../Core/Src/main.c:114:5:main	1
../Core/Src/main.c:224:6:SystemClock_Config	3
../Core/Src/main.c:270:13:MX_UART5_Init	2
../Core/Src/main.c:303:13:MX_USART3_UART_Init	2
../Core/Src/main.c:336:13:MX_USART6_UART_Init	2
../Core/Src/main.c:369:13:MX_GPIO_Init	1
../Core/Src/main.c:420:10:update_crc	2
../Core/Src/main.c:468:6:ReadPos_Request	1
../Core/Src/main.c:501:10:Pos_Calculate	1
../Core/Src/main.c:509:6:HAL_UART_TxCpltCallback	4
../Core/Src/main.c:534:6:HAL_UART_RxCpltCallback	7
../Core/Src/main.c:574:6:test_dxl	1
../Core/Src/main.c:603:6:StartDefaultTask	5
../Core/Src/main.c:643:6:StartReadPositionU3Task	4
../Core/Src/main.c:672:6:StartReadPositionU5Task	4
../Core/Src/main.c:701:6:StartReadPositionU6Task	4
../Core/Src/main.c:731:6:HAL_TIM_PeriodElapsedCallback	2
../Core/Src/main.c:749:6:Error_Handler	1
