../Core/Src/main.c:115:5:main	1
../Core/Src/main.c:225:6:SystemClock_Config	3
../Core/Src/main.c:271:13:MX_UART5_Init	2
../Core/Src/main.c:304:13:MX_USART3_UART_Init	2
../Core/Src/main.c:337:13:MX_USART6_UART_Init	2
../Core/Src/main.c:370:13:MX_GPIO_Init	1
../Core/Src/main.c:421:10:update_crc	2
../Core/Src/main.c:469:6:ReadPos_Request	1
../Core/Src/main.c:502:10:Pos_Calculate	1
../Core/Src/main.c:510:6:HAL_UART_TxCpltCallback	4
../Core/Src/main.c:535:6:HAL_UART_RxCpltCallback	7
../Core/Src/main.c:578:6:test_dxl	1
../Core/Src/main.c:607:6:StartDefaultTask	5
../Core/Src/main.c:647:6:StartReadPositionU3Task	4
../Core/Src/main.c:678:6:StartReadPositionU5Task	4
../Core/Src/main.c:709:6:StartReadPositionU6Task	4
../Core/Src/main.c:741:6:HAL_TIM_PeriodElapsedCallback	2
../Core/Src/main.c:759:6:Error_Handler	1
