../Core/Src/main.c:97:5:main	96	static
../Core/Src/main.c:206:6:SystemClock_Config	88	static
../Core/Src/main.c:252:13:MX_UART5_Init	8	static
../Core/Src/main.c:285:13:MX_USART3_UART_Init	8	static
../Core/Src/main.c:318:13:MX_USART6_UART_Init	8	static
../Core/Src/main.c:351:13:MX_GPIO_Init	48	static
../Core/Src/main.c:402:10:update_crc	536	static
../Core/Src/main.c:450:6:test_dxl	32	static
../Core/Src/main.c:470:6:HAL_UART_TxCpltCallback	24	static,ignoring_inline_asm
../Core/Src/main.c:486:6:HAL_UART_RxCpltCallback	24	static,ignoring_inline_asm
../Core/Src/main.c:504:10:ReadPos	48	static
../Core/Src/main.c:551:6:StartDefaultTask	16	static
../Core/Src/main.c:572:6:StartReadPositionTask	16	static
../Core/Src/main.c:591:6:HAL_TIM_PeriodElapsedCallback	16	static
../Core/Src/main.c:609:6:Error_Handler	8	static,ignoring_inline_asm
