Archive member included to satisfy reference by file (symbol)

/home/saeedbzrgn/st/stm32cubeide_2.0.0/plugins/com.st.stm32cube.ide.mcu.externaltools.gnu-tools-for-stm32.13.3.rel1.linux64_1.0.100.202509120712/tools/bin/../lib/gcc/arm-none-eabi/13.3.1/../../../../arm-none-eabi/lib/thumb/v7e-m+fp/hard/libc_nano.a(libc_a-exit.o)
                              /home/saeedbzrgn/st/stm32cubeide_2.0.0/plugins/com.st.stm32cube.ide.mcu.externaltools.gnu-tools-for-stm32.13.3.rel1.linux64_1.0.100.202509120712/tools/bin/../lib/gcc/arm-none-eabi/13.3.1/../../../../arm-none-eabi/lib/thumb/v7e-m+fp/hard/crt0.o (exit)
/home/saeedbzrgn/st/stm32cubeide_2.0.0/plugins/com.st.stm32cube.ide.mcu.externaltools.gnu-tools-for-stm32.13.3.rel1.linux64_1.0.100.202509120712/tools/bin/../lib/gcc/arm-none-eabi/13.3.1/../../../../arm-none-eabi/lib/thumb/v7e-m+fp/hard/libc_nano.a(libc_a-findfp.o)
                              ./Middlewares/Third_Party/FreeRTOS/Source/tasks.o (__sf)
/home/saeedbzrgn/st/stm32cubeide_2.0.0/plugins/com.st.stm32cube.ide.mcu.externaltools.gnu-tools-for-stm32.13.3.rel1.linux64_1.0.100.202509120712/tools/bin/../lib/gcc/arm-none-eabi/13.3.1/../../../../arm-none-eabi/lib/thumb/v7e-m+fp/hard/libc_nano.a(libc_a-fwalk.o)
                              /home/saeedbzrgn/st/stm32cubeide_2.0.0/plugins/com.st.stm32cube.ide.mcu.externaltools.gnu-tools-for-stm32.13.3.rel1.linux64_1.0.100.202509120712/tools/bin/../lib/gcc/arm-none-eabi/13.3.1/../../../../arm-none-eabi/lib/thumb/v7e-m+fp/hard/libc_nano.a(libc_a-findfp.o) (_fwalk_sglue)
/home/saeedbzrgn/st/stm32cubeide_2.0.0/plugins/com.st.stm32cube.ide.mcu.externaltools.gnu-tools-for-stm32.13.3.rel1.linux64_1.0.100.202509120712/tools/bin/../lib/gcc/arm-none-eabi/13.3.1/../../../../arm-none-eabi/lib/thumb/v7e-m+fp/hard/libc_nano.a(libc_a-stdio.o)
                              /home/saeedbzrgn/st/stm32cubeide_2.0.0/plugins/com.st.stm32cube.ide.mcu.externaltools.gnu-tools-for-stm32.13.3.rel1.linux64_1.0.100.202509120712/tools/bin/../lib/gcc/arm-none-eabi/13.3.1/../../../../arm-none-eabi/lib/thumb/v7e-m+fp/hard/libc_nano.a(libc_a-findfp.o) (__sread)
/home/saeedbzrgn/st/stm32cubeide_2.0.0/plugins/com.st.stm32cube.ide.mcu.externaltools.gnu-tools-for-stm32.13.3.rel1.linux64_1.0.100.202509120712/tools/bin/../lib/gcc/arm-none-eabi/13.3.1/../../../../arm-none-eabi/lib/thumb/v7e-m+fp/hard/libc_nano.a(libc_a-memset.o)
                              /home/saeedbzrgn/st/stm32cubeide_2.0.0/plugins/com.st.stm32cube.ide.mcu.externaltools.gnu-tools-for-stm32.13.3.rel1.linux64_1.0.100.202509120712/tools/bin/../lib/gcc/arm-none-eabi/13.3.1/../../../../arm-none-eabi/lib/thumb/v7e-m+fp/hard/crt0.o (memset)
/home/saeedbzrgn/st/stm32cubeide_2.0.0/plugins/com.st.stm32cube.ide.mcu.externaltools.gnu-tools-for-stm32.13.3.rel1.linux64_1.0.100.202509120712/tools/bin/../lib/gcc/arm-none-eabi/13.3.1/../../../../arm-none-eabi/lib/thumb/v7e-m+fp/hard/libc_nano.a(libc_a-closer.o)
                              /home/saeedbzrgn/st/stm32cubeide_2.0.0/plugins/com.st.stm32cube.ide.mcu.externaltools.gnu-tools-for-stm32.13.3.rel1.linux64_1.0.100.202509120712/tools/bin/../lib/gcc/arm-none-eabi/13.3.1/../../../../arm-none-eabi/lib/thumb/v7e-m+fp/hard/libc_nano.a(libc_a-stdio.o) (_close_r)
/home/saeedbzrgn/st/stm32cubeide_2.0.0/plugins/com.st.stm32cube.ide.mcu.externaltools.gnu-tools-for-stm32.13.3.rel1.linux64_1.0.100.202509120712/tools/bin/../lib/gcc/arm-none-eabi/13.3.1/../../../../arm-none-eabi/lib/thumb/v7e-m+fp/hard/libc_nano.a(libc_a-reent.o)
                              ./Middlewares/Third_Party/FreeRTOS/Source/tasks.o (_reclaim_reent)
/home/saeedbzrgn/st/stm32cubeide_2.0.0/plugins/com.st.stm32cube.ide.mcu.externaltools.gnu-tools-for-stm32.13.3.rel1.linux64_1.0.100.202509120712/tools/bin/../lib/gcc/arm-none-eabi/13.3.1/../../../../arm-none-eabi/lib/thumb/v7e-m+fp/hard/libc_nano.a(libc_a-impure.o)
                              ./Middlewares/Third_Party/FreeRTOS/Source/tasks.o (_impure_ptr)
/home/saeedbzrgn/st/stm32cubeide_2.0.0/plugins/com.st.stm32cube.ide.mcu.externaltools.gnu-tools-for-stm32.13.3.rel1.linux64_1.0.100.202509120712/tools/bin/../lib/gcc/arm-none-eabi/13.3.1/../../../../arm-none-eabi/lib/thumb/v7e-m+fp/hard/libc_nano.a(libc_a-lseekr.o)
                              /home/saeedbzrgn/st/stm32cubeide_2.0.0/plugins/com.st.stm32cube.ide.mcu.externaltools.gnu-tools-for-stm32.13.3.rel1.linux64_1.0.100.202509120712/tools/bin/../lib/gcc/arm-none-eabi/13.3.1/../../../../arm-none-eabi/lib/thumb/v7e-m+fp/hard/libc_nano.a(libc_a-stdio.o) (_lseek_r)
/home/saeedbzrgn/st/stm32cubeide_2.0.0/plugins/com.st.stm32cube.ide.mcu.externaltools.gnu-tools-for-stm32.13.3.rel1.linux64_1.0.100.202509120712/tools/bin/../lib/gcc/arm-none-eabi/13.3.1/../../../../arm-none-eabi/lib/thumb/v7e-m+fp/hard/libc_nano.a(libc_a-readr.o)
[...]
Memory Configuration

Name             Origin             Length             Attributes
CCMRAM           0x10000000         0x00010000         xrw
RAM              0x20000000         0x00020000         xrw
FLASH            0x08000000         0x00100000         xr
*default*        0x00000000         0xffffffff

Linker script and memory map

LOAD /home/saeedbzrgn/st/stm32cubeide_2.0.0/plugins/com.st.stm32cube.ide.mcu.externaltools.gnu-tools-for-stm32.13.3.rel1.linux64_1.0.100.202509120712/tools/bin/../lib/gcc/arm-none-eabi/13.3.1/thumb/v7e-m+fp/hard/crti.o
LOAD /home/saeedbzrgn/st/stm32cubeide_2.0.0/plugins/com.st.stm32cube.ide.mcu.externaltools.gnu-tools-for-stm32.13.3.rel1.linux64_1.0.100.202509120712/tools/bin/../lib/gcc/arm-none-eabi/13.3.1/thumb/v7e-m+fp/hard/crtbegin.o
LOAD /home/saeedbzrgn/st/stm32cubeide_2.0.0/plugins/com.st.stm32cube.ide.mcu.externaltools.gnu-tools-for-stm32.13.3.rel1.linux64_1.0.100.202509120712/tools/bin/../lib/gcc/arm-none-eabi/13.3.1/../../../../arm-none-eabi/lib/thumb/v7e-m+fp/hard/crt0.o
LOAD ./Core/Src/freertos.o
LOAD ./Core/Src/main.o
LOAD ./Core/Src/stm32f4xx_hal_msp.o
LOAD ./Core/Src/stm32f4xx_hal_timebase_tim.o
LOAD ./Core/Src/stm32f4xx_it.o
LOAD ./Core/Src/syscalls.o
LOAD ./Core/Src/sysmem.o
LOAD ./Core/Src/system_stm32f4xx.o
LOAD ./Core/Startup/startup_stm32f405rgtx.o
LOAD ./Drivers/STM32F4xx_HAL_Driver/Src/stm32f4xx_hal.o
LOAD ./Drivers/STM32F4xx_HAL_Driver/Src/stm32f4xx_hal_cortex.o
LOAD ./Drivers/STM32F4xx_HAL_Driver/Src/stm32f4xx_hal_dma.o
LOAD ./Drivers/STM32F4xx_HAL_Driver/Src/stm32f4xx_hal_dma_ex.o
LOAD ./Drivers/STM32F4xx_HAL_Driver/Src/stm32f4xx_hal_exti.o
LOAD ./Drivers/STM32F4xx_HAL_Driver/Src/stm32f4xx_hal_flash.o
LOAD ./Drivers/STM32F4xx_HAL_Driver/Src/stm32f4xx_hal_flash_ex.o
LOAD ./Drivers/STM32F4xx_HAL_Driver/Src/stm32f4xx_hal_flash_ramfunc.o
LOAD ./Drivers/STM32F4xx_HAL_Driver/Src/stm32f4xx_hal_gpio.o
LOAD ./Drivers/STM32F4xx_HAL_Driver/Src/stm32f4xx_hal_pwr.o
LOAD ./Drivers/STM32F4xx_HAL_Driver/Src/stm32f4xx_hal_pwr_ex.o
LOAD ./Drivers/STM32F4xx_HAL_Driver/Src/stm32f4xx_hal_rcc.o
LOAD ./Drivers/STM32F4xx_HAL_Driver/Src/stm32f4xx_hal_rcc_ex.o
LOAD ./Drivers/STM32F4xx_HAL_Driver/Src/stm32f4xx_hal_tim.o
LOAD ./Drivers/STM32F4xx_HAL_Driver/Src/stm32f4xx_hal_tim_ex.o
LOAD ./Drivers/STM32F4xx_HAL_Driver/Src/stm32f4xx_hal_uart.o
LOAD ./Middlewares/Third_Party/FreeRTOS/Source/CMSIS_RTOS/cmsis_os.o
LOAD ./Middlewares/Third_Party/FreeRTOS/Source/croutine.o
LOAD ./Middlewares/Third_Party/FreeRTOS/Source/event_groups.o
LOAD ./Middlewares/Third_Party/FreeRTOS/Source/list.o
LOAD ./Middlewares/Third_Party/FreeRTOS/Source/queue.o
LOAD ./Middlewares/Third_Party/FreeRTOS/Source/stream_buffer.o
LOAD ./Middlewares/Third_Party/FreeRTOS/Source/tasks.o
LOAD ./Middlewares/Third_Party/FreeRTOS/Source/timers.o
LOAD ./Middlewares/Third_Party/FreeRTOS/Source/portable/GCC/ARM_CM4F/port.o
LOAD ./Middlewares/Third_Party/FreeRTOS/Source/portable/MemMang/heap_4.o
START GROUP
LOAD /home/saeedbzrgn/st/stm32cubeide_2.0.0/plugins/com.st.stm32cube.ide.mcu.externaltools.gnu-tools-for-stm32.13.3.rel1.linux64_1.0.100.202509120712/tools/bin/../lib/gcc/arm-none-eabi/13.3.1/../../../../arm-none-eabi/lib/thumb/v7e-m+fp/hard/libc_nano.a
LOAD /home/saeedbzrgn/st/stm32cubeide_2.0.0/plugins/com.st.stm32cube.ide.mcu.externaltools.gnu-tools-for-stm32.13.3.rel1.linux64_1.0.100.202509120712/tools/bin/../lib/gcc/arm-none-eabi/13.3.1/../../../../arm-none-eabi/lib/thumb/v7e-m+fp/hard/libm.a
END GROUP
START GROUP
LOAD /home/saeedbzrgn/st/stm32cubeide_2.0.0/plugins/com.st.stm32cube.ide.mcu.externaltools.gnu-tools-for-stm32.13.3.rel1.linux64_1.0.100.202509120712/tools/bin/../lib/gcc/arm-none-eabi/13.3.1/thumb/v7e-m+fp/hard/libgcc.a
LOAD /home/saeedbzrgn/st/stm32cubeide_2.0.0/plugins/com.st.stm32cube.ide.mcu.externaltools.gnu-tools-for-stm32.13.3.rel1.linux64_1.0.100.202509120712/tools/bin/../lib/gcc/arm-none-eabi/13.3.1/../../../../arm-none-eabi/lib/thumb/v7e-m+fp/hard/libc_nano.a
END GROUP
START GROUP
LOAD /home/saeedbzrgn/st/stm32cubeide_2.0.0/plugins/com.st.stm32cube.ide.mcu.externaltools.gnu-tools-for-stm32.13.3.rel1.linux64_1.0.100.202509120712/tools/bin/../lib/gcc/arm-none-eabi/13.3.1/thumb/v7e-m+fp/hard/libgcc.a
LOAD /home/saeedbzrgn/st/stm32cubeide_2.0.0/plugins/com.st.stm32cube.ide.mcu.externaltools.gnu-tools-for-stm32.13.3.rel1.linux64_1.0.100.202509120712/tools/bin/../lib/gcc/arm-none-eabi/13.3.1/../../../../arm-none-eabi/lib/thumb/v7e-m+fp/hard/libc_nano.a
LOAD /home/saeedbzrgn/st/stm32cubeide_2.0.0/plugins/com.st.stm32cube.ide.mcu.externaltools.gnu-tools-for-stm32.13.3.rel1.linux64_1.0.100.202509120712/tools/bin/../lib/gcc/arm-none-eabi/13.3.1/../../../../arm-none-eabi/lib/thumb/v7e-m+fp/hard/libnosys.a
END GROUP
START GROUP
LOAD /home/saeedbzrgn/st/stm32cubeide_2.0.0/plugins/com.st.stm32cube.ide.mcu.externaltools.gnu-tools-for-stm32.13.3.rel1.linux64_1.0.100.202509120712/tools/bin/../lib/gcc/arm-none-eabi/13.3.1/thumb/v7e-m+fp/hard/libgcc.a
LOAD /home/saeedbzrgn/st/stm32cubeide_2.0.0/plugins/com.st.stm32cube.ide.mcu.externaltools.gnu-tools-for-stm32.13.3.rel1.linux64_1.0.100.202509120712/tools/bin/../lib/gcc/arm-none-eabi/13.3.1/../../../../arm-none-eabi/lib/thumb/v7e-m+fp/hard/libc_nano.a
LOAD /home/saeedbzrgn/st/stm32cubeide_2.0.0/plugins/com.st.stm32cube.ide.mcu.externaltools.gnu-tools-for-stm32.13.3.rel1.linux64_1.0.100.202509120712/tools/bin/../lib/gcc/arm-none-eabi/13.3.1/../../../../arm-none-eabi/lib/thumb/v7e-m+fp/hard/libnosys.a
END GROUP
LOAD /home/saeedbzrgn/st/stm32cubeide_2.0.0/plugins/com.st.stm32cube.ide.mcu.externaltools.gnu-tools-for-stm32.13.3.rel1.linux64_1.0.100.202509120712/tools/bin/../lib/gcc/arm-none-eabi/13.3.1/thumb/v7e-m+fp/hard/crtend.o
LOAD /home/saeedbzrgn/st/stm32cubeide_2.0.0/plugins/com.st.stm32cube.ide.mcu.externaltools.gnu-tools-for-stm32.13.3.rel1.linux64_1.0.100.202509120712/tools/bin/../lib/gcc/arm-none-eabi/13.3.1/thumb/v7e-m+fp/hard/crtn.o
                0x20020000                        _estack = (ORIGIN (RAM) + LENGTH (RAM))
                0x00000200                        _Min_Heap_Size = 0x200
                0x00000400                        _Min_Stack_Size = 0x400

.isr_vector     0x08000000      0x188
                0x08000000                        . = ALIGN (0x4)
 *(.isr_vector)
 .isr_vector    0x08000000      0x188 ./Core/Startup/startup_stm32f405rgtx.o
                0x08000000                g_pfnVectors
                0x08000188                        . = ALIGN (0x4)

.text           0x08000190     0x5be0
                0x08000190                        . = ALIGN (0x4)
 *(.text)
 .text          0x08000190       0x40 /home/saeedbzrgn/st/stm32cubeide_2.0.0/plugins/com.st.stm32cube.ide.mcu.externaltools.gnu-tools-for-stm32.13.3.rel1.linux64_1.0.100.202509120712/tools/bin/../lib/gcc/arm-none-eabi/13.3.1/thumb/v7e-m+fp/hard/crtbegin.o
 .text          0x080001d0       0x30 /home/saeedbzrgn/st/stm32cubeide_2.0.0/plugins/com.st.stm32cube.ide.mcu.externaltools.gnu-tools-for-stm32.13.3.rel1.linux64_1.0.100.202509120712/tools/bin/../lib/gcc/arm-none-eabi/13.3.1/thumb/v7e-m+fp/hard/libgcc.a(_aeabi_uldivmod.o)
                0x080001d0                __aeabi_uldivmod
 .text          0x08000200      0x2f8 /home/saeedbzrgn/st/stm32cubeide_2.0.0/plugins/com.st.stm32cube.ide.mcu.externaltools.gnu-tools-for-stm32.13.3.rel1.linux64_1.0.100.202509120712/tools/bin/../lib/gcc/arm-none-eabi/13.3.1/thumb/v7e-m+fp/hard/libgcc.a(_udivmoddi4.o)
                0x08000200                __udivmoddi4
 .text          0x080004f8        0x4 /home/saeedbzrgn/st/stm32cubeide_2.0.0/plugins/com.st.stm32cube.ide.mcu.externaltools.gnu-tools-for-stm32.13.3.rel1.linux64_1.0.100.202509120712/tools/bin/../lib/gcc/arm-none-eabi/13.3.1/thumb/v7e-m+fp/hard/libgcc.a(_dvmd_tls.o)
                0x080004f8                __aeabi_ldiv0
                0x080004f8                __aeabi_idiv0
 *(.text*)
 .text.vApplicationGetIdleTaskMemory
                0x080004fc       0x34 ./Core/Src/freertos.o
                0x080004fc                vApplicationGetIdleTaskMemory
 .text.main     0x08000530       0x90 ./Core/Src/main.o
                0x08000530                main
 .text.SystemClock_Config
                0x080005c0       0xd4 ./Core/Src/main.o
                0x080005c0                SystemClock_Config
 .text.MX_UART5_Init
                0x08000694       0x54 ./Core/Src/main.o
 .text.MX_USART3_UART_Init
                0x080006e8       0x54 ./Core/Src/main.o
 .text.MX_USART6_UART_Init
                0x0800073c       0x54 ./Core/Src/main.o
 .text.MX_GPIO_Init
                0x08000790      0x138 ./Core/Src/main.o
 .text.update_crc
                0x080008c8       0xdc ./Core/Src/main.o
                0x080008c8                update_crc
 .text.test_dxl
                0x080009a4       0x90 ./Core/Src/main.o
                0x080009a4                test_dxl
 .text.HAL_UART_TxCpltCallback
                0x08000a34       0x3c ./Core/Src/main.o
                0x08000a34                HAL_UART_TxCpltCallback
 .text.StartDefaultTask
                0x08000a70       0x24 ./Core/Src/main.o
                0x08000a70                StartDefaultTask
 .text.HAL_TIM_PeriodElapsedCallback
                0x08000a94       0x24 ./Core/Src/main.o
                0x08000a94                HAL_TIM_PeriodElapsedCallback
 .text.Error_Handler
                0x08000ab8       0x18 ./Core/Src/main.o
                0x08000ab8                Error_Handler
 .text.HAL_MspInit
                0x08000ad0       0x58 ./Core/Src/stm32f4xx_hal_msp.o
                0x08000ad0                HAL_MspInit
 .text.HAL_UART_MspInit
                0x08000b28      0x1d4 ./Core/Src/stm32f4xx_hal_msp.o
                0x08000b28                HAL_UART_MspInit
 .text.HAL_InitTick
                0x08000cfc       0xf8 ./Core/Src/stm32f4xx_hal_timebase_tim.o
                0x08000cfc                HAL_InitTick
 .text.NMI_Handler
                0x08000df4        0x8 ./Core/Src/stm32f4xx_it.o
                0x08000df4                NMI_Handler
 .text.HardFault_Handler
                0x08000dfc        0x8 ./Core/Src/stm32f4xx_it.o
                0x08000dfc                HardFault_Handler
 .text.MemManage_Handler
                0x08000e04        0x8 ./Core/Src/stm32f4xx_it.o
                0x08000e04                MemManage_Handler
 .text.BusFault_Handler
                0x08000e0c        0x8 ./Core/Src/stm32f4xx_it.o
                0x08000e0c                BusFault_Handler
 .text.UsageFault_Handler
                0x08000e14        0x8 ./Core/Src/stm32f4xx_it.o
                0x08000e14                UsageFault_Handler
 .text.DebugMon_Handler
                0x08000e1c        0xe ./Core/Src/stm32f4xx_it.o
                0x08000e1c                DebugMon_Handler
 *fill*         0x08000e2a        0x2 
 .text.USART3_IRQHandler
                0x08000e2c       0x14 ./Core/Src/stm32f4xx_it.o
                0x08000e2c                USART3_IRQHandler
 .text.TIM8_TRG_COM_TIM14_IRQHandler
                0x08000e40       0x14 ./Core/Src/stm32f4xx_it.o
                0x08000e40                TIM8_TRG_COM_TIM14_IRQHandler
 .text.UART5_IRQHandler
                0x08000e54       0x14 ./Core/Src/stm32f4xx_it.o
                0x08000e54                UART5_IRQHandler
 .text.USART6_IRQHandler
                0x08000e68       0x14 ./Core/Src/stm32f4xx_it.o
                0x08000e68                USART6_IRQHandler
 .text.SystemInit
                0x08000e7c       0x24 ./Core/Src/system_stm32f4xx.o
                0x08000e7c                SystemInit
 .text.Reset_Handler
                0x08000ea0       0x50 ./Core/Startup/startup_stm32f405rgtx.o
                0x08000ea0                Reset_Handler
 .text.Default_Handler
                0x08000ef0        0x2 ./Core/Startup/startup_stm32f405rgtx.o
                0x08000ef0                RTC_Alarm_IRQHandler
                0x08000ef0                HASH_RNG_IRQHandler
                0x08000ef0                EXTI2_IRQHandler
                0x08000ef0                TIM8_CC_IRQHandler
                0x08000ef0                TIM1_CC_IRQHandler
                0x08000ef0                DMA2_Stream5_IRQHandler
                0x08000ef0                DMA1_Stream5_IRQHandler
                0x08000ef0                PVD_IRQHandler
                0x08000ef0                SDIO_IRQHandler
                0x08000ef0                TAMP_STAMP_IRQHandler
                0x08000ef0                CAN2_RX1_IRQHandler
                0x08000ef0                EXTI3_IRQHandler
                0x08000ef0                TIM1_UP_TIM10_IRQHandler
                0x08000ef0                TIM8_UP_TIM13_IRQHandler
                0x08000ef0                I2C3_ER_IRQHandler
                0x08000ef0                EXTI0_IRQHandler
                0x08000ef0                I2C2_EV_IRQHandler
                0x08000ef0                DMA1_Stream2_IRQHandler
                0x08000ef0                CAN1_RX0_IRQHandler
                0x08000ef0                FPU_IRQHandler
                0x08000ef0                OTG_HS_WKUP_IRQHandler
                0x08000ef0                CAN2_SCE_IRQHandler
                0x08000ef0                DMA2_Stream2_IRQHandler
                0x08000ef0                SPI1_IRQHandler
                0x08000ef0                TIM6_DAC_IRQHandler
                0x08000ef0                TIM1_BRK_TIM9_IRQHandler
                0x08000ef0                CAN2_RX0_IRQHandler
                0x08000ef0                DMA2_Stream3_IRQHandler
                0x08000ef0                CAN1_RX1_IRQHandler
                0x08000ef0                DMA2_Stream0_IRQHandler
                0x08000ef0                TIM4_IRQHandler
                0x08000ef0                I2C1_EV_IRQHandler
                0x08000ef0                DMA1_Stream6_IRQHandler
                0x08000ef0                DMA1_Stream1_IRQHandler
                0x08000ef0                UART4_IRQHandler
                0x08000ef0                TIM3_IRQHandler
                0x08000ef0                RCC_IRQHandler
                0x08000ef0                TIM8_BRK_TIM12_IRQHandler
                0x08000ef0                Default_Handler
                0x08000ef0                EXTI15_10_IRQHandler
                0x08000ef0                ADC_IRQHandler
                0x08000ef0                DMA1_Stream7_IRQHandler
                0x08000ef0                TIM7_IRQHandler
                0x08000ef0                CAN2_TX_IRQHandler
                0x08000ef0                TIM5_IRQHandler
                0x08000ef0                DMA2_Stream7_IRQHandler
                0x08000ef0                I2C3_EV_IRQHandler
                0x08000ef0                EXTI9_5_IRQHandler
                0x08000ef0                RTC_WKUP_IRQHandler
                0x08000ef0                SPI2_IRQHandler
                0x08000ef0                OTG_HS_EP1_IN_IRQHandler
                0x08000ef0                DMA1_Stream0_IRQHandler
                0x08000ef0                CAN1_TX_IRQHandler
                0x08000ef0                EXTI4_IRQHandler
                0x08000ef0                FSMC_IRQHandler
                0x08000ef0                OTG_HS_EP1_OUT_IRQHandler
                0x08000ef0                WWDG_IRQHandler
                0x08000ef0                TIM2_IRQHandler
                0x08000ef0                OTG_FS_WKUP_IRQHandler
                0x08000ef0                TIM1_TRG_COM_TIM11_IRQHandler
                0x08000ef0                OTG_HS_IRQHandler
                0x08000ef0                EXTI1_IRQHandler
                0x08000ef0                USART2_IRQHandler
                0x08000ef0                I2C2_ER_IRQHandler
                0x08000ef0                DMA2_Stream1_IRQHandler
                0x08000ef0                CAN1_SCE_IRQHandler
                0x08000ef0                FLASH_IRQHandler
                0x08000ef0                DMA2_Stream4_IRQHandler
                0x08000ef0                USART1_IRQHandler
                0x08000ef0                OTG_FS_IRQHandler
                0x08000ef0                SPI3_IRQHandler
                0x08000ef0                DMA1_Stream4_IRQHandler
                0x08000ef0                I2C1_ER_IRQHandler
                0x08000ef0                DMA2_Stream6_IRQHandler
                0x08000ef0                DMA1_Stream3_IRQHandler
 *fill*         0x08000ef2        0x2 
 .text.HAL_Init
                0x08000ef4       0x44 ./Drivers/STM32F4xx_HAL_Driver/Src/stm32f4xx_hal.o
                0x08000ef4                HAL_Init
 .text.HAL_IncTick
                0x08000f38       0x28 ./Drivers/STM32F4xx_HAL_Driver/Src/stm32f4xx_hal.o
                0x08000f38                HAL_IncTick
 .text.HAL_GetTick
                0x08000f60       0x18 ./Drivers/STM32F4xx_HAL_Driver/Src/stm32f4xx_hal.o
                0x08000f60                HAL_GetTick
 .text.__NVIC_SetPriorityGrouping
                0x08000f78       0x48 ./Drivers/STM32F4xx_HAL_Driver/Src/stm32f4xx_hal_cortex.o
 .text.__NVIC_GetPriorityGrouping
                0x08000fc0       0x1c ./Drivers/STM32F4xx_HAL_Driver/Src/stm32f4xx_hal_cortex.o
 .text.__NVIC_EnableIRQ
                0x08000fdc       0x3c ./Drivers/STM32F4xx_HAL_Driver/Src/stm32f4xx_hal_cortex.o
 .text.__NVIC_SetPriority
                0x08001018       0x54 ./Drivers/STM32F4xx_HAL_Driver/Src/stm32f4xx_hal_cortex.o
 .text.NVIC_EncodePriority
                0x0800106c       0x66 ./Drivers/STM32F4xx_HAL_Driver/Src/stm32f4xx_hal_cortex.o
 .text.HAL_NVIC_SetPriorityGrouping
                0x080010d2       0x16 ./Drivers/STM32F4xx_HAL_Driver/Src/stm32f4xx_hal_cortex.o
                0x080010d2                HAL_NVIC_SetPriorityGrouping
 .text.HAL_NVIC_SetPriority
                0x080010e8       0x38 ./Drivers/STM32F4xx_HAL_Driver/Src/stm32f4xx_hal_cortex.o
                0x080010e8                HAL_NVIC_SetPriority
 .text.HAL_NVIC_EnableIRQ
                0x08001120       0x1c ./Drivers/STM32F4xx_HAL_Driver/Src/stm32f4xx_hal_cortex.o
                0x08001120                HAL_NVIC_EnableIRQ
 .text.HAL_DMA_Abort
                0x0800113c       0xe0 ./Drivers/STM32F4xx_HAL_Driver/Src/stm32f4xx_hal_dma.o
                0x0800113c                HAL_DMA_Abort
 .text.HAL_DMA_Abort_IT
                0x0800121c       0x44 ./Drivers/STM32F4xx_HAL_Driver/Src/stm32f4xx_hal_dma.o
                0x0800121c                HAL_DMA_Abort_IT
 .text.HAL_GPIO_Init
                0x08001260      0x338 ./Drivers/STM32F4xx_HAL_Driver/Src/stm32f4xx_hal_gpio.o
                0x08001260                HAL_GPIO_Init
 .text.HAL_GPIO_WritePin
                0x08001598       0x32 ./Drivers/STM32F4xx_HAL_Driver/Src/stm32f4xx_hal_gpio.o
                0x08001598                HAL_GPIO_WritePin
 .text.HAL_GPIO_TogglePin
                0x080015ca       0x34 ./Drivers/STM32F4xx_HAL_Driver/Src/stm32f4xx_hal_gpio.o
                0x080015ca                HAL_GPIO_TogglePin
 *fill*         0x080015fe        0x2 
 .text.HAL_RCC_OscConfig
                0x08001600      0x4f0 ./Drivers/STM32F4xx_HAL_Driver/Src/stm32f4xx_hal_rcc.o
                0x08001600                HAL_RCC_OscConfig
 .text.HAL_RCC_ClockConfig
                0x08001af0      0x1cc ./Drivers/STM32F4xx_HAL_Driver/Src/stm32f4xx_hal_rcc.o
                0x08001af0                HAL_RCC_ClockConfig
 .text.HAL_RCC_GetSysClockFreq
                0x08001cbc      0x20c ./Drivers/STM32F4xx_HAL_Driver/Src/stm32f4xx_hal_rcc.o
                0x08001cbc                HAL_RCC_GetSysClockFreq
 .text.HAL_RCC_GetHCLKFreq
                0x08001ec8       0x18 ./Drivers/STM32F4xx_HAL_Driver/Src/stm32f4xx_hal_rcc.o
                0x08001ec8                HAL_RCC_GetHCLKFreq
 .text.HAL_RCC_GetPCLK1Freq
                0x08001ee0       0x28 ./Drivers/STM32F4xx_HAL_Driver/Src/stm32f4xx_hal_rcc.o
                0x08001ee0                HAL_RCC_GetPCLK1Freq
 .text.HAL_RCC_GetPCLK2Freq
                0x08001f08       0x28 ./Drivers/STM32F4xx_HAL_Driver/Src/stm32f4xx_hal_rcc.o
                0x08001f08                HAL_RCC_GetPCLK2Freq
 .text.HAL_RCC_GetClockConfig
                0x08001f30       0x64 ./Drivers/STM32F4xx_HAL_Driver/Src/stm32f4xx_hal_rcc.o
                0x08001f30                HAL_RCC_GetClockConfig
 .text.HAL_TIM_Base_Init
                0x08001f94       0x9e ./Drivers/STM32F4xx_HAL_Driver/Src/stm32f4xx_hal_tim.o
                0x08001f94                HAL_TIM_Base_Init
 .text.HAL_TIM_Base_MspInit
                0x08002032       0x14 ./Drivers/STM32F4xx_HAL_Driver/Src/stm32f4xx_hal_tim.o
                0x08002032                HAL_TIM_Base_MspInit
 *fill*         0x08002046        0x2 
 .text.HAL_TIM_Base_Start_IT
                0x08002048       0xe0 ./Drivers/STM32F4xx_HAL_Driver/Src/stm32f4xx_hal_tim.o
                0x08002048                HAL_TIM_Base_Start_IT
 .text.HAL_TIM_IRQHandler
                0x08002128      0x1e0 ./Drivers/STM32F4xx_HAL_Driver/Src/stm32f4xx_hal_tim.o
                0x08002128                HAL_TIM_IRQHandler
 .text.HAL_TIM_OC_DelayElapsedCallback
                0x08002308       0x14 ./Drivers/STM32F4xx_HAL_Driver/Src/stm32f4xx_hal_tim.o
                0x08002308                HAL_TIM_OC_DelayElapsedCallback
 .text.HAL_TIM_IC_CaptureCallback
                0x0800231c       0x14 ./Drivers/STM32F4xx_HAL_Driver/Src/stm32f4xx_hal_tim.o
                0x0800231c                HAL_TIM_IC_CaptureCallback
 .text.HAL_TIM_PWM_PulseFinishedCallback
                0x08002330       0x14 ./Drivers/STM32F4xx_HAL_Driver/Src/stm32f4xx_hal_tim.o
                0x08002330                HAL_TIM_PWM_PulseFinishedCallback
 .text.HAL_TIM_TriggerCallback
                0x08002344       0x14 ./Drivers/STM32F4xx_HAL_Driver/Src/stm32f4xx_hal_tim.o
                0x08002344                HAL_TIM_TriggerCallback
 .text.TIM_Base_SetConfig
                0x08002358      0x14c ./Drivers/STM32F4xx_HAL_Driver/Src/stm32f4xx_hal_tim.o
                0x08002358                TIM_Base_SetConfig
 .text.HAL_TIMEx_CommutCallback
                0x080024a4       0x14 ./Drivers/STM32F4xx_HAL_Driver/Src/stm32f4xx_hal_tim_ex.o
                0x080024a4                HAL_TIMEx_CommutCallback
 .text.HAL_TIMEx_BreakCallback
                0x080024b8       0x14 ./Drivers/STM32F4xx_HAL_Driver/Src/stm32f4xx_hal_tim_ex.o
                0x080024b8                HAL_TIMEx_BreakCallback
 .text.HAL_UART_Init
                0x080024cc       0xa0 ./Drivers/STM32F4xx_HAL_Driver/Src/stm32f4xx_hal_uart.o
                0x080024cc                HAL_UART_Init
 .text.HAL_UART_Transmit_IT
                0x0800256c       0x6c ./Drivers/STM32F4xx_HAL_Driver/Src/stm32f4xx_hal_uart.o
                0x0800256c                HAL_UART_Transmit_IT
 .text.HAL_UART_IRQHandler
                0x080025d8      0x554 ./Drivers/STM32F4xx_HAL_Driver/Src/stm32f4xx_hal_uart.o
                0x080025d8                HAL_UART_IRQHandler
 .text.HAL_UART_RxCpltCallback
                0x08002b2c       0x14 ./Drivers/STM32F4xx_HAL_Driver/Src/stm32f4xx_hal_uart.o
                0x08002b2c                HAL_UART_RxCpltCallback
 .text.HAL_UART_ErrorCallback
                0x08002b40       0x14 ./Drivers/STM32F4xx_HAL_Driver/Src/stm32f4xx_hal_uart.o
                0x08002b40                HAL_UART_ErrorCallback
 .text.HAL_UARTEx_RxEventCallback
                0x08002b54       0x18 ./Drivers/STM32F4xx_HAL_Driver/Src/stm32f4xx_hal_uart.o
                0x08002b54                HAL_UARTEx_RxEventCallback
 .text.UART_EndRxTransfer
                0x08002b6c       0xc6 ./Drivers/STM32F4xx_HAL_Driver/Src/stm32f4xx_hal_uart.o
 .text.UART_DMAAbortOnError
                0x08002c32       0x22 ./Drivers/STM32F4xx_HAL_Driver/Src/stm32f4xx_hal_uart.o
 .text.UART_Transmit_IT
                0x08002c54       0xa0 ./Drivers/STM32F4xx_HAL_Driver/Src/stm32f4xx_hal_uart.o
 .text.UART_EndTransmit_IT
                0x08002cf4       0x30 ./Drivers/STM32F4xx_HAL_Driver/Src/stm32f4xx_hal_uart.o
 .text.UART_Receive_IT
                0x08002d24      0x17c ./Drivers/STM32F4xx_HAL_Driver/Src/stm32f4xx_hal_uart.o
 .text.UART_SetConfig
                0x08002ea0      0x4e8 ./Drivers/STM32F4xx_HAL_Driver/Src/stm32f4xx_hal_uart.o
 .text.makeFreeRtosPriority
                0x08003388       0x30 ./Middlewares/Third_Party/FreeRTOS/Source/CMSIS_RTOS/cmsis_os.o
 .text.inHandlerMode
                0x080033b8       0x24 ./Middlewares/Third_Party/FreeRTOS/Source/CMSIS_RTOS/cmsis_os.o
 .text.osKernelStart
                0x080033dc        0xe ./Middlewares/Third_Party/FreeRTOS/Source/CMSIS_RTOS/cmsis_os.o
                0x080033dc                osKernelStart
 .text.osThreadCreate
                0x080033ea       0x98 ./Middlewares/Third_Party/FreeRTOS/Source/CMSIS_RTOS/cmsis_os.o
                0x080033ea                osThreadCreate
 .text.osDelay  0x08003482       0x28 ./Middlewares/Third_Party/FreeRTOS/Source/CMSIS_RTOS/cmsis_os.o
                0x08003482                osDelay
 .text.osSemaphoreCreate
                0x080034aa       0x64 ./Middlewares/Third_Party/FreeRTOS/Source/CMSIS_RTOS/cmsis_os.o
                0x080034aa                osSemaphoreCreate
 *fill*         0x0800350e        0x2 
 .text.osSemaphoreWait
                0x08003510       0x9c ./Middlewares/Third_Party/FreeRTOS/Source/CMSIS_RTOS/cmsis_os.o
                0x08003510                osSemaphoreWait
 .text.osSemaphoreRelease
                0x080035ac       0x6c ./Middlewares/Third_Party/FreeRTOS/Source/CMSIS_RTOS/cmsis_os.o
                0x080035ac                osSemaphoreRelease
 .text.vListInitialise
                0x08003618       0x40 ./Middlewares/Third_Party/FreeRTOS/Source/list.o
                0x08003618                vListInitialise
 .text.vListInitialiseItem
                0x08003658       0x1a ./Middlewares/Third_Party/FreeRTOS/Source/list.o
                0x08003658                vListInitialiseItem
 .text.vListInsertEnd
                0x08003672       0x48 ./Middlewares/Third_Party/FreeRTOS/Source/list.o
                0x08003672                vListInsertEnd
 .text.vListInsert
                0x080036ba       0x72 ./Middlewares/Third_Party/FreeRTOS/Source/list.o
                0x080036ba                vListInsert
 .text.uxListRemove
                0x0800372c       0x54 ./Middlewares/Third_Party/FreeRTOS/Source/list.o
                0x0800372c                uxListRemove
 .text.xQueueGenericReset
                0x08003780       0xd4 ./Middlewares/Third_Party/FreeRTOS/Source/queue.o
                0x08003780                xQueueGenericReset
 .text.xQueueGenericCreateStatic
                0x08003854       0xfa ./Middlewares/Third_Party/FreeRTOS/Source/queue.o
                0x08003854                xQueueGenericCreateStatic
 .text.xQueueGenericCreate
                0x0800394e       0x76 ./Middlewares/Third_Party/FreeRTOS/Source/queue.o
                0x0800394e                xQueueGenericCreate
 .text.prvInitialiseNewQueue
                0x080039c4       0x3e ./Middlewares/Third_Party/FreeRTOS/Source/queue.o
 *fill*         0x08003a02        0x2 
 .text.xQueueGenericSend
                0x08003a04      0x204 ./Middlewares/Third_Party/FreeRTOS/Source/queue.o
                0x08003a04                xQueueGenericSend
 .text.xQueueGiveFromISR
                0x08003c08      0x120 ./Middlewares/Third_Party/FreeRTOS/Source/queue.o
                0x08003c08                xQueueGiveFromISR
 .text.xQueueSemaphoreTake
                0x08003d28      0x220 ./Middlewares/Third_Party/FreeRTOS/Source/queue.o
                0x08003d28                xQueueSemaphoreTake
 .text.xQueueReceiveFromISR
                0x08003f48      0x104 ./Middlewares/Third_Party/FreeRTOS/Source/queue.o
                0x08003f48                xQueueReceiveFromISR
 .text.prvGetDisinheritPriorityAfterTimeout
                0x0800404c       0x30 ./Middlewares/Third_Party/FreeRTOS/Source/queue.o
 .text.prvCopyDataToQueue
                0x0800407c       0xd4 ./Middlewares/Third_Party/FreeRTOS/Source/queue.o
 .text.prvCopyDataFromQueue
                0x08004150       0x4c ./Middlewares/Third_Party/FreeRTOS/Source/queue.o
 .text.prvUnlockQueue
                0x0800419c       0xa4 ./Middlewares/Third_Party/FreeRTOS/Source/queue.o
 .text.prvIsQueueEmpty
                0x08004240       0x2c ./Middlewares/Third_Party/FreeRTOS/Source/queue.o
 .text.prvIsQueueFull
                0x0800426c       0x30 ./Middlewares/Third_Party/FreeRTOS/Source/queue.o
 .text.xTaskCreateStatic
                0x0800429c       0xc0 ./Middlewares/Third_Party/FreeRTOS/Source/tasks.o
                0x0800429c                xTaskCreateStatic
 .text.xTaskCreate
                0x0800435c       0x8a ./Middlewares/Third_Party/FreeRTOS/Source/tasks.o
                0x0800435c                xTaskCreate
 *fill*         0x080043e6        0x2 
 .text.prvInitialiseNewTask
                0x080043e8      0x140 ./Middlewares/Third_Party/FreeRTOS/Source/tasks.o
 .text.prvAddNewTaskToReadyList
                0x08004528       0xd4 ./Middlewares/Third_Party/FreeRTOS/Source/tasks.o
 .text.vTaskDelay
                0x080045fc       0x6c ./Middlewares/Third_Party/FreeRTOS/Source/tasks.o
                0x080045fc                vTaskDelay
 .text.vTaskStartScheduler
                0x08004668       0xd4 ./Middlewares/Third_Party/FreeRTOS/Source/tasks.o
                0x08004668                vTaskStartScheduler
 .text.vTaskSuspendAll
                0x0800473c       0x1c ./Middlewares/Third_Party/FreeRTOS/Source/tasks.o
                0x0800473c                vTaskSuspendAll
 .text.xTaskResumeAll
                0x08004758      0x13c ./Middlewares/Third_Party/FreeRTOS/Source/tasks.o
                0x08004758                xTaskResumeAll
 .text.xTaskIncrementTick
                0x08004894      0x174 ./Middlewares/Third_Party/FreeRTOS/Source/tasks.o
                0x08004894                xTaskIncrementTick
 .text.vTaskSwitchContext
                0x08004a08       0xc8 ./Middlewares/Third_Party/FreeRTOS/Source/tasks.o
                0x08004a08                vTaskSwitchContext
 .text.vTaskPlaceOnEventList
                0x08004ad0       0x4c ./Middlewares/Third_Party/FreeRTOS/Source/tasks.o
                0x08004ad0                vTaskPlaceOnEventList
 .text.xTaskRemoveFromEventList
                0x08004b1c       0xc8 ./Middlewares/Third_Party/FreeRTOS/Source/tasks.o
                0x08004b1c                xTaskRemoveFromEventList
 .text.vTaskInternalSetTimeOutState
                0x08004be4       0x2c ./Middlewares/Third_Party/FreeRTOS/Source/tasks.o
                0x08004be4                vTaskInternalSetTimeOutState
 .text.xTaskCheckForTimeOut
                0x08004c10       0xc8 ./Middlewares/Third_Party/FreeRTOS/Source/tasks.o
                0x08004c10                xTaskCheckForTimeOut
 .text.vTaskMissedYield
                0x08004cd8       0x18 ./Middlewares/Third_Party/FreeRTOS/Source/tasks.o
                0x08004cd8                vTaskMissedYield
 .text.prvIdleTask
                0x08004cf0       0x30 ./Middlewares/Third_Party/FreeRTOS/Source/tasks.o
 .text.prvInitialiseTaskLists
                0x08004d20       0x80 ./Middlewares/Third_Party/FreeRTOS/Source/tasks.o
 .text.prvCheckTasksWaitingTermination
                0x08004da0       0x5c ./Middlewares/Third_Party/FreeRTOS/Source/tasks.o
 .text.prvDeleteTCB
                0x08004dfc       0x6a ./Middlewares/Third_Party/FreeRTOS/Source/tasks.o
 *fill*         0x08004e66        0x2 
 .text.prvResetNextTaskUnblockTime
                0x08004e68       0x40 ./Middlewares/Third_Party/FreeRTOS/Source/tasks.o
 .text.xTaskGetSchedulerState
                0x08004ea8       0x3c ./Middlewares/Third_Party/FreeRTOS/Source/tasks.o
                0x08004ea8                xTaskGetSchedulerState
 .text.xTaskPriorityInherit
                0x08004ee4       0xec ./Middlewares/Third_Party/FreeRTOS/Source/tasks.o
                0x08004ee4                xTaskPriorityInherit
 .text.xTaskPriorityDisinherit
                0x08004fd0      0x110 ./Middlewares/Third_Party/FreeRTOS/Source/tasks.o
                0x08004fd0                xTaskPriorityDisinherit
 .text.vTaskPriorityDisinheritAfterTimeout
                0x080050e0      0x120 ./Middlewares/Third_Party/FreeRTOS/Source/tasks.o
                0x080050e0                vTaskPriorityDisinheritAfterTimeout
 .text.pvTaskIncrementMutexHeldCount
                0x08005200       0x28 ./Middlewares/Third_Party/FreeRTOS/Source/tasks.o
                0x08005200                pvTaskIncrementMutexHeldCount
 .text.prvAddCurrentTaskToDelayedList
                0x08005228       0xcc ./Middlewares/Third_Party/FreeRTOS/Source/tasks.o
 .text.pxPortInitialiseStack
                0x080052f4       0x68 ./Middlewares/Third_Party/FreeRTOS/Source/portable/GCC/ARM_CM4F/port.o
                0x080052f4                pxPortInitialiseStack
 .text.prvTaskExitError
                0x0800535c       0x5c ./Middlewares/Third_Party/FreeRTOS/Source/portable/GCC/ARM_CM4F/port.o
 *fill*         0x080053b8        0x8 
 .text.SVC_Handler
                0x080053c0       0x28 ./Middlewares/Third_Party/FreeRTOS/Source/portable/GCC/ARM_CM4F/port.o
                0x080053c0                SVC_Handler
 .text.prvPortStartFirstTask
                0x080053e8       0x28 ./Middlewares/Third_Party/FreeRTOS/Source/portable/GCC/ARM_CM4F/port.o
 .text.xPortStartScheduler
                0x08005410      0x148 ./Middlewares/Third_Party/FreeRTOS/Source/portable/GCC/ARM_CM4F/port.o
                0x08005410                xPortStartScheduler
 .text.vPortEnterCritical
                0x08005558       0x64 ./Middlewares/Third_Party/FreeRTOS/Source/portable/GCC/ARM_CM4F/port.o
                0x08005558                vPortEnterCritical
 .text.vPortExitCritical
                0x080055bc       0x54 ./Middlewares/Third_Party/FreeRTOS/Source/portable/GCC/ARM_CM4F/port.o
                0x080055bc                vPortExitCritical
 .text.PendSV_Handler
                0x08005610       0x68 ./Middlewares/Third_Party/FreeRTOS/Source/portable/GCC/ARM_CM4F/port.o
                0x08005610                PendSV_Handler
 .text.SysTick_Handler
                0x08005678       0x44 ./Middlewares/Third_Party/FreeRTOS/Source/portable/GCC/ARM_CM4F/port.o
                0x08005678                SysTick_Handler
 .text.vPortSetupTimerInterrupt
                0x080056bc       0x48 ./Middlewares/Third_Party/FreeRTOS/Source/portable/GCC/ARM_CM4F/port.o
                0x080056bc                vPortSetupTimerInterrupt
 .text.vPortEnableVFP
                0x08005704       0x14 ./Middlewares/Third_Party/FreeRTOS/Source/portable/GCC/ARM_CM4F/port.o
 .text.vPortValidateInterruptPriority
                0x08005718       0x84 ./Middlewares/Third_Party/FreeRTOS/Source/portable/GCC/ARM_CM4F/port.o
                0x08005718                vPortValidateInterruptPriority
 .text.pvPortMalloc
                0x0800579c      0x19c ./Middlewares/Third_Party/FreeRTOS/Source/portable/MemMang/heap_4.o
                0x0800579c                pvPortMalloc
 .text.vPortFree
                0x08005938       0xc8 ./Middlewares/Third_Party/FreeRTOS/Source/portable/MemMang/heap_4.o
                0x08005938                vPortFree
 .text.prvHeapInit
                0x08005a00       0xc4 ./Middlewares/Third_Party/FreeRTOS/Source/portable/MemMang/heap_4.o
 .text.prvInsertBlockIntoFreeList
                0x08005ac4       0xb4 ./Middlewares/Third_Party/FreeRTOS/Source/portable/MemMang/heap_4.o
 .text.memset   0x08005b78       0x10 /home/saeedbzrgn/st/stm32cubeide_2.0.0/plugins/com.st.stm32cube.ide.mcu.externaltools.gnu-tools-for-stm32.13.3.rel1.linux64_1.0.100.202509120712/tools/bin/../lib/gcc/arm-none-eabi/13.3.1/../../../../arm-none-eabi/lib/thumb/v7e-m+fp/hard/libc_nano.a(libc_a-memset.o)
                0x08005b78                memset
 .text._reclaim_reent
                0x08005b88       0xbc /home/saeedbzrgn/st/stm32cubeide_2.0.0/plugins/com.st.stm32cube.ide.mcu.externaltools.gnu-tools-for-stm32.13.3.rel1.linux64_1.0.100.202509120712/tools/bin/../lib/gcc/arm-none-eabi/13.3.1/../../../../arm-none-eabi/lib/thumb/v7e-m+fp/hard/libc_nano.a(libc_a-reent.o)
                0x08005b88                _reclaim_reent
 .text.__libc_init_array
                0x08005c44       0x48 /home/saeedbzrgn/st/stm32cubeide_2.0.0/plugins/com.st.stm32cube.ide.mcu.externaltools.gnu-tools-for-stm32.13.3.rel1.linux64_1.0.100.202509120712/tools/bin/../lib/gcc/arm-none-eabi/13.3.1/../../../../arm-none-eabi/lib/thumb/v7e-m+fp/hard/libc_nano.a(libc_a-init.o)
                0x08005c44                __libc_init_array
 .text.__retarget_lock_acquire_recursive
                0x08005c8c        0x2 /home/saeedbzrgn/st/stm32cubeide_2.0.0/plugins/com.st.stm32cube.ide.mcu.externaltools.gnu-tools-for-stm32.13.3.rel1.linux64_1.0.100.202509120712/tools/bin/../lib/gcc/arm-none-eabi/13.3.1/../../../../arm-none-eabi/lib/thumb/v7e-m+fp/hard/libc_nano.a(libc_a-lock.o)
                0x08005c8c                __retarget_lock_acquire_recursive
 .text.__retarget_lock_release_recursive
                0x08005c8e        0x2 /home/saeedbzrgn/st/stm32cubeide_2.0.0/plugins/com.st.stm32cube.ide.mcu.externaltools.gnu-tools-for-stm32.13.3.rel1.linux64_1.0.100.202509120712/tools/bin/../lib/gcc/arm-none-eabi/13.3.1/../../../../arm-none-eabi/lib/thumb/v7e-m+fp/hard/libc_nano.a(libc_a-lock.o)
                0x08005c8e                __retarget_lock_release_recursive
 .text.memcpy   0x08005c90       0x1c /home/saeedbzrgn/st/stm32cubeide_2.0.0/plugins/com.st.stm32cube.ide.mcu.externaltools.gnu-tools-for-stm32.13.3.rel1.linux64_1.0.100.202509120712/tools/bin/../lib/gcc/arm-none-eabi/13.3.1/../../../../arm-none-eabi/lib/thumb/v7e-m+fp/hard/libc_nano.a(libc_a-memcpy-stub.o)
                0x08005c90                memcpy
 .text._free_r  0x08005cac       0x94 /home/saeedbzrgn/st/stm32cubeide_2.0.0/plugins/com.st.stm32cube.ide.mcu.externaltools.gnu-tools-for-stm32.13.3.rel1.linux64_1.0.100.202509120712/tools/bin/../lib/gcc/arm-none-eabi/13.3.1/../../../../arm-none-eabi/lib/thumb/v7e-m+fp/hard/libc_nano.a(libc_a-freer.o)
                0x08005cac                _free_r
 .text.__malloc_lock
                0x08005d40        0xc /home/saeedbzrgn/st/stm32cubeide_2.0.0/plugins/com.st.stm32cube.ide.mcu.externaltools.gnu-tools-for-stm32.13.3.rel1.linux64_1.0.100.202509120712/tools/bin/../lib/gcc/arm-none-eabi/13.3.1/../../../../arm-none-eabi/lib/thumb/v7e-m+fp/hard/libc_nano.a(libc_a-mlock.o)
                0x08005d40                __malloc_lock
 .text.__malloc_unlock
                0x08005d4c        0xc /home/saeedbzrgn/st/stm32cubeide_2.0.0/plugins/com.st.stm32cube.ide.mcu.externaltools.gnu-tools-for-stm32.13.3.rel1.linux64_1.0.100.202509120712/tools/bin/../lib/gcc/arm-none-eabi/13.3.1/../../../../arm-none-eabi/lib/thumb/v7e-m+fp/hard/libc_nano.a(libc_a-mlock.o)
                0x08005d4c                __malloc_unlock
 *(.glue_7)
 .glue_7        0x08005d58        0x0 linker stubs
 *(.glue_7t)
 .glue_7t       0x08005d58        0x0 linker stubs
 *(.eh_frame)
 .eh_frame      0x08005d58        0x0 /home/saeedbzrgn/st/stm32cubeide_2.0.0/plugins/com.st.stm32cube.ide.mcu.externaltools.gnu-tools-for-stm32.13.3.rel1.linux64_1.0.100.202509120712/tools/bin/../lib/gcc/arm-none-eabi/13.3.1/thumb/v7e-m+fp/hard/crtbegin.o
 *(.init)
 .init          0x08005d58        0x4 /home/saeedbzrgn/st/stm32cubeide_2.0.0/plugins/com.st.stm32cube.ide.mcu.externaltools.gnu-tools-for-stm32.13.3.rel1.linux64_1.0.100.202509120712/tools/bin/../lib/gcc/arm-none-eabi/13.3.1/thumb/v7e-m+fp/hard/crti.o
                0x08005d58                _init
 .init          0x08005d5c        0x8 /home/saeedbzrgn/st/stm32cubeide_2.0.0/plugins/com.st.stm32cube.ide.mcu.externaltools.gnu-tools-for-stm32.13.3.rel1.linux64_1.0.100.202509120712/tools/bin/../lib/gcc/arm-none-eabi/13.3.1/thumb/v7e-m+fp/hard/crtn.o
 *(.fini)
 .fini          0x08005d64        0x4 /home/saeedbzrgn/st/stm32cubeide_2.0.0/plugins/com.st.stm32cube.ide.mcu.externaltools.gnu-tools-for-stm32.13.3.rel1.linux64_1.0.100.202509120712/tools/bin/../lib/gcc/arm-none-eabi/13.3.1/thumb/v7e-m+fp/hard/crti.o
                0x08005d64                _fini
 .fini          0x08005d68        0x8 /home/saeedbzrgn/st/stm32cubeide_2.0.0/plugins/com.st.stm32cube.ide.mcu.externaltools.gnu-tools-for-stm32.13.3.rel1.linux64_1.0.100.202509120712/tools/bin/../lib/gcc/arm-none-eabi/13.3.1/thumb/v7e-m+fp/hard/crtn.o
                0x08005d70                        . = ALIGN (0x4)
                0x08005d70                        _etext = .

.vfp11_veneer   0x08005d70        0x0
 .vfp11_veneer  0x08005d70        0x0 linker stubs

.v4_bx          0x08005d70        0x0
 .v4_bx         0x08005d70        0x0 linker stubs

.iplt           0x08005d70        0x0
 .iplt          0x08005d70        0x0 /home/saeedbzrgn/st/stm32cubeide_2.0.0/plugins/com.st.stm32cube.ide.mcu.externaltools.gnu-tools-for-stm32.13.3.rel1.linux64_1.0.100.202509120712/tools/bin/../lib/gcc/arm-none-eabi/13.3.1/thumb/v7e-m+fp/hard/crtbegin.o

.rodata         0x08005d70      0x258
                0x08005d70                        . = ALIGN (0x4)
 *(.rodata)
 .rodata        0x08005d70      0x235 ./Core/Src/main.o
 *fill*         0x08005fa5        0x3 
 .rodata        0x08005fa8        0x5 ./Middlewares/Third_Party/FreeRTOS/Source/tasks.o
 *(.rodata*)
 *fill*         0x08005fad        0x3 
 .rodata.AHBPrescTable
                0x08005fb0       0x10 ./Core/Src/system_stm32f4xx.o
                0x08005fb0                AHBPrescTable
 .rodata.APBPrescTable
                0x08005fc0        0x8 ./Core/Src/system_stm32f4xx.o
                0x08005fc0                APBPrescTable
                0x08005fc8                        . = ALIGN (0x4)

.ARM.extab      0x08005fc8        0x0
                0x08005fc8                        . = ALIGN (0x4)
 *(.ARM.extab* .gnu.linkonce.armextab.*)
                0x08005fc8                        . = ALIGN (0x4)

.ARM            0x08005fc8        0x8
                0x08005fc8                        . = ALIGN (0x4)
                0x08005fc8                        __exidx_start = .
 *(.ARM.exidx*)
 .ARM.exidx     0x08005fc8        0x8 /home/saeedbzrgn/st/stm32cubeide_2.0.0/plugins/com.st.stm32cube.ide.mcu.externaltools.gnu-tools-for-stm32.13.3.rel1.linux64_1.0.100.202509120712/tools/bin/../lib/gcc/arm-none-eabi/13.3.1/thumb/v7e-m+fp/hard/libgcc.a(_udivmoddi4.o)
                0x08005fd0                        __exidx_end = .
                0x08005fd0                        . = ALIGN (0x4)

.preinit_array  0x08005fd0        0x0
                0x08005fd0                        . = ALIGN (0x4)
                0x08005fd0                        PROVIDE (__preinit_array_start = .)
 *(.preinit_array*)
                0x08005fd0                        PROVIDE (__preinit_array_end = .)
                0x08005fd0                        . = ALIGN (0x4)

.init_array     0x08005fd0        0x4
                0x08005fd0                        . = ALIGN (0x4)
                0x08005fd0                        PROVIDE (__init_array_start = .)
 *(SORT_BY_NAME(.init_array.*))
 *(.init_array*)
 .init_array    0x08005fd0        0x4 /home/saeedbzrgn/st/stm32cubeide_2.0.0/plugins/com.st.stm32cube.ide.mcu.externaltools.gnu-tools-for-stm32.13.3.rel1.linux64_1.0.100.202509120712/tools/bin/../lib/gcc/arm-none-eabi/13.3.1/thumb/v7e-m+fp/hard/crtbegin.o
                0x08005fd4                        PROVIDE (__init_array_end = .)
                0x08005fd4                        . = ALIGN (0x4)

.fini_array     0x08005fd4        0x4
                0x08005fd4                        . = ALIGN (0x4)
                [!provide]                        PROVIDE (__fini_array_start = .)
 *(SORT_BY_NAME(.fini_array.*))
 *(.fini_array*)
 .fini_array    0x08005fd4        0x4 /home/saeedbzrgn/st/stm32cubeide_2.0.0/plugins/com.st.stm32cube.ide.mcu.externaltools.gnu-tools-for-stm32.13.3.rel1.linux64_1.0.100.202509120712/tools/bin/../lib/gcc/arm-none-eabi/13.3.1/thumb/v7e-m+fp/hard/crtbegin.o
                [!provide]                        PROVIDE (__fini_array_end = .)
                0x08005fd8                        . = ALIGN (0x4)
                0x08005fd8                        _sidata = LOADADDR (.data)

.rel.dyn        0x08005fd8        0x0
 .rel.iplt      0x08005fd8        0x0 /home/saeedbzrgn/st/stm32cubeide_2.0.0/plugins/com.st.stm32cube.ide.mcu.externaltools.gnu-tools-for-stm32.13.3.rel1.linux64_1.0.100.202509120712/tools/bin/../lib/gcc/arm-none-eabi/13.3.1/thumb/v7e-m+fp/hard/crtbegin.o

.data           0x20000000       0x60 load address 0x08005fd8
                0x20000000                        . = ALIGN (0x4)
                0x20000000                        _sdata = .
 *(.data)
 *(.data*)
 .data.SystemCoreClock
                0x20000000        0x4 ./Core/Src/system_stm32f4xx.o
                0x20000000                SystemCoreClock
 .data.uwTickPrio
                0x20000004        0x4 ./Drivers/STM32F4xx_HAL_Driver/Src/stm32f4xx_hal.o
                0x20000004                uwTickPrio
 .data.uwTickFreq
                0x20000008        0x1 ./Drivers/STM32F4xx_HAL_Driver/Src/stm32f4xx_hal.o
                0x20000008                uwTickFreq
 *fill*         0x20000009        0x3 
 .data.uxCriticalNesting
                0x2000000c        0x4 ./Middlewares/Third_Party/FreeRTOS/Source/portable/GCC/ARM_CM4F/port.o
 .data._impure_ptr
                0x20000010        0x4 /home/saeedbzrgn/st/stm32cubeide_2.0.0/plugins/com.st.stm32cube.ide.mcu.externaltools.gnu-tools-for-stm32.13.3.rel1.linux64_1.0.100.202509120712/tools/bin/../lib/gcc/arm-none-eabi/13.3.1/../../../../arm-none-eabi/lib/thumb/v7e-m+fp/hard/libc_nano.a(libc_a-impure.o)
                0x20000010                _impure_ptr
 .data._impure_data
                0x20000014       0x4c /home/saeedbzrgn/st/stm32cubeide_2.0.0/plugins/com.st.stm32cube.ide.mcu.externaltools.gnu-tools-for-stm32.13.3.rel1.linux64_1.0.100.202509120712/tools/bin/../lib/gcc/arm-none-eabi/13.3.1/../../../../arm-none-eabi/lib/thumb/v7e-m+fp/hard/libc_nano.a(libc_a-impure.o)
                0x20000014                _impure_data
 *(.RamFunc)
 *(.RamFunc*)
                0x20000060                        . = ALIGN (0x4)
                0x20000060                        _edata = .
                0x08006038                        _siccmram = LOADADDR (.ccmram)

.igot.plt       0x20000060        0x0 load address 0x08006038
 .igot.plt      0x20000060        0x0 /home/saeedbzrgn/st/stm32cubeide_2.0.0/plugins/com.st.stm32cube.ide.mcu.externaltools.gnu-tools-for-stm32.13.3.rel1.linux64_1.0.100.202509120712/tools/bin/../lib/gcc/arm-none-eabi/13.3.1/thumb/v7e-m+fp/hard/crtbegin.o

.ccmram         0x10000000        0x0 load address 0x08006038
                0x10000000                        . = ALIGN (0x4)
                0x10000000                        _sccmram = .
 *(.ccmram)
 *(.ccmram*)
                0x10000000                        . = ALIGN (0x4)
                0x10000000                        _eccmram = .
                0x10000000                        . = ALIGN (0x4)

.bss            0x20000060     0x2d8c
                0x20000060                        _sbss = .
                0x20000060                        __bss_start__ = _sbss
 *(.bss)
 .bss           0x20000060       0x1c /home/saeedbzrgn/st/stm32cubeide_2.0.0/plugins/com.st.stm32cube.ide.mcu.externaltools.gnu-tools-for-stm32.13.3.rel1.linux64_1.0.100.202509120712/tools/bin/../lib/gcc/arm-none-eabi/13.3.1/thumb/v7e-m+fp/hard/crtbegin.o
 *(.bss*)
 .bss.xIdleTaskTCBBuffer
                0x2000007c       0xa0 ./Core/Src/freertos.o
 .bss.xIdleStack
                0x2000011c      0x200 ./Core/Src/freertos.o
 .bss.huart5    0x2000031c       0x48 ./Core/Src/main.o
                0x2000031c                huart5
 .bss.huart3    0x20000364       0x48 ./Core/Src/main.o
                0x20000364                huart3
 .bss.huart6    0x200003ac       0x48 ./Core/Src/main.o
                0x200003ac                huart6
 .bss.defaultTaskHandle
                0x200003f4        0x4 ./Core/Src/main.o
                0x200003f4                defaultTaskHandle
 .bss.testDXL_semaphoreHandle
                0x200003f8        0x4 ./Core/Src/main.o
                0x200003f8                testDXL_semaphoreHandle
 .bss.htim14    0x200003fc       0x48 ./Core/Src/stm32f4xx_hal_timebase_tim.o
                0x200003fc                htim14
 .bss.uwTick    0x20000444        0x4 ./Drivers/STM32F4xx_HAL_Driver/Src/stm32f4xx_hal.o
                0x20000444                uwTick
 .bss.pxCurrentTCB
                0x20000448        0x4 ./Middlewares/Third_Party/FreeRTOS/Source/tasks.o
                0x20000448                pxCurrentTCB
 .bss.pxReadyTasksLists
                0x2000044c       0x8c ./Middlewares/Third_Party/FreeRTOS/Source/tasks.o
 .bss.xDelayedTaskList1
                0x200004d8       0x14 ./Middlewares/Third_Party/FreeRTOS/Source/tasks.o
 .bss.xDelayedTaskList2
                0x200004ec       0x14 ./Middlewares/Third_Party/FreeRTOS/Source/tasks.o
 .bss.pxDelayedTaskList
                0x20000500        0x4 ./Middlewares/Third_Party/FreeRTOS/Source/tasks.o
 .bss.pxOverflowDelayedTaskList
                0x20000504        0x4 ./Middlewares/Third_Party/FreeRTOS/Source/tasks.o
 .bss.xPendingReadyList
                0x20000508       0x14 ./Middlewares/Third_Party/FreeRTOS/Source/tasks.o
 .bss.xTasksWaitingTermination
                0x2000051c       0x14 ./Middlewares/Third_Party/FreeRTOS/Source/tasks.o
 .bss.uxDeletedTasksWaitingCleanUp
                0x20000530        0x4 ./Middlewares/Third_Party/FreeRTOS/Source/tasks.o
 .bss.xSuspendedTaskList
                0x20000534       0x14 ./Middlewares/Third_Party/FreeRTOS/Source/tasks.o
 .bss.uxCurrentNumberOfTasks
                0x20000548        0x4 ./Middlewares/Third_Party/FreeRTOS/Source/tasks.o
 .bss.xTickCount
                0x2000054c        0x4 ./Middlewares/Third_Party/FreeRTOS/Source/tasks.o
 .bss.uxTopReadyPriority
                0x20000550        0x4 ./Middlewares/Third_Party/FreeRTOS/Source/tasks.o
 .bss.xSchedulerRunning
                0x20000554        0x4 ./Middlewares/Third_Party/FreeRTOS/Source/tasks.o
 .bss.xPendedTicks
                0x20000558        0x4 ./Middlewares/Third_Party/FreeRTOS/Source/tasks.o
 .bss.xYieldPending
                0x2000055c        0x4 ./Middlewares/Third_Party/FreeRTOS/Source/tasks.o
 .bss.xNumOfOverflows
                0x20000560        0x4 ./Middlewares/Third_Party/FreeRTOS/Source/tasks.o
 .bss.uxTaskNumber
                0x20000564        0x4 ./Middlewares/Third_Party/FreeRTOS/Source/tasks.o
 .bss.xNextTaskUnblockTime
                0x20000568        0x4 ./Middlewares/Third_Party/FreeRTOS/Source/tasks.o
 .bss.xIdleTaskHandle
                0x2000056c        0x4 ./Middlewares/Third_Party/FreeRTOS/Source/tasks.o
 .bss.uxSchedulerSuspended
                0x20000570        0x4 ./Middlewares/Third_Party/FreeRTOS/Source/tasks.o
 .bss.ucMaxSysCallPriority
                0x20000574        0x1 ./Middlewares/Third_Party/FreeRTOS/Source/portable/GCC/ARM_CM4F/port.o
 *fill*         0x20000575        0x3 
 .bss.ulMaxPRIGROUPValue
                0x20000578        0x4 ./Middlewares/Third_Party/FreeRTOS/Source/portable/GCC/ARM_CM4F/port.o
 .bss.ucHeap    0x2000057c     0x2710 ./Middlewares/Third_Party/FreeRTOS/Source/portable/MemMang/heap_4.o
 .bss.xStart    0x20002c8c        0x8 ./Middlewares/Third_Party/FreeRTOS/Source/portable/MemMang/heap_4.o
 .bss.pxEnd     0x20002c94        0x4 ./Middlewares/Third_Party/FreeRTOS/Source/portable/MemMang/heap_4.o
 .bss.xFreeBytesRemaining
                0x20002c98        0x4 ./Middlewares/Third_Party/FreeRTOS/Source/portable/MemMang/heap_4.o
 .bss.xMinimumEverFreeBytesRemaining
                0x20002c9c        0x4 ./Middlewares/Third_Party/FreeRTOS/Source/portable/MemMang/heap_4.o
 .bss.xNumberOfSuccessfulAllocations
                0x20002ca0        0x4 ./Middlewares/Third_Party/FreeRTOS/Source/portable/MemMang/heap_4.o
 .bss.xNumberOfSuccessfulFrees
                0x20002ca4        0x4 ./Middlewares/Third_Party/FreeRTOS/Source/portable/MemMang/heap_4.o
 .bss.xBlockAllocatedBit
                0x20002ca8        0x4 ./Middlewares/Third_Party/FreeRTOS/Source/portable/MemMang/heap_4.o
 .bss.__sf      0x20002cac      0x138 /home/saeedbzrgn/st/stm32cubeide_2.0.0/plugins/com.st.stm32cube.ide.mcu.externaltools.gnu-tools-for-stm32.13.3.rel1.linux64_1.0.100.202509120712/tools/bin/../lib/gcc/arm-none-eabi/13.3.1/../../../../arm-none-eabi/lib/thumb/v7e-m+fp/hard/libc_nano.a(libc_a-findfp.o)
                0x20002cac                __sf
 .bss.__lock___malloc_recursive_mutex
                0x20002de4        0x1 /home/saeedbzrgn/st/stm32cubeide_2.0.0/plugins/com.st.stm32cube.ide.mcu.externaltools.gnu-tools-for-stm32.13.3.rel1.linux64_1.0.100.202509120712/tools/bin/../lib/gcc/arm-none-eabi/13.3.1/../../../../arm-none-eabi/lib/thumb/v7e-m+fp/hard/libc_nano.a(libc_a-lock.o)
                0x20002de4                __lock___malloc_recursive_mutex
 *fill*         0x20002de5        0x3 
 .bss.__malloc_free_list
                0x20002de8        0x4 /home/saeedbzrgn/st/stm32cubeide_2.0.0/plugins/com.st.stm32cube.ide.mcu.externaltools.gnu-tools-for-stm32.13.3.rel1.linux64_1.0.100.202509120712/tools/bin/../lib/gcc/arm-none-eabi/13.3.1/../../../../arm-none-eabi/lib/thumb/v7e-m+fp/hard/libc_nano.a(libc_a-mallocr.o)
                0x20002de8                __malloc_free_list
 *(COMMON)
                0x20002dec                        . = ALIGN (0x4)
                0x20002dec                        _ebss = .
                0x20002dec                        __bss_end__ = _ebss

._user_heap_stack
                0x20002dec      0x604
                0x20002df0                        . = ALIGN (0x8)
 *fill*         0x20002dec        0x4 
                [!provide]                        PROVIDE (end = .)
                0x20002df0                        PROVIDE (_end = .)
                0x20002ff0                        . = (. + _Min_Heap_Size)
 *fill*         0x20002df0      0x200 
                0x200033f0                        . = (. + _Min_Stack_Size)
 *fill*         0x20002ff0      0x400 
                0x200033f0                        . = ALIGN (0x8)

/DISCARD/
 libc.a(*)
 libm.a(*)
 libgcc.a(*)

.ARM.attributes
                0x00000000       0x30
 *(.ARM.attributes)
 .ARM.attributes
                0x00000000       0x22 /home/saeedbzrgn/st/stm32cubeide_2.0.0/plugins/com.st.stm32cube.ide.mcu.externaltools.gnu-tools-for-stm32.13.3.rel1.linux64_1.0.100.202509120712/tools/bin/../lib/gcc/arm-none-eabi/13.3.1/thumb/v7e-m+fp/hard/crti.o
 .ARM.attributes
                0x00000022       0x34 /home/saeedbzrgn/st/stm32cubeide_2.0.0/plugins/com.st.stm32cube.ide.mcu.externaltools.gnu-tools-for-stm32.13.3.rel1.linux64_1.0.100.202509120712/tools/bin/../lib/gcc/arm-none-eabi/13.3.1/thumb/v7e-m+fp/hard/crtbegin.o
 .ARM.attributes
                0x00000056       0x34 ./Core/Src/freertos.o
 .ARM.attributes
                0x0000008a       0x34 ./Core/Src/main.o
 .ARM.attributes
                0x000000be       0x34 ./Core/Src/stm32f4xx_hal_msp.o
 .ARM.attributes
                0x000000f2       0x34 ./Core/Src/stm32f4xx_hal_timebase_tim.o
 .ARM.attributes
                0x00000126       0x34 ./Core/Src/stm32f4xx_it.o
 .ARM.attributes
                0x0000015a       0x34 ./Core/Src/system_stm32f4xx.o
 .ARM.attributes
                0x0000018e       0x21 ./Core/Startup/startup_stm32f405rgtx.o
 .ARM.attributes
                0x000001af       0x34 ./Drivers/STM32F4xx_HAL_Driver/Src/stm32f4xx_hal.o
 .ARM.attributes
                0x000001e3       0x34 ./Drivers/STM32F4xx_HAL_Driver/Src/stm32f4xx_hal_cortex.o
 .ARM.attributes
                0x00000217       0x34 ./Drivers/STM32F4xx_HAL_Driver/Src/stm32f4xx_hal_dma.o
 .ARM.attributes
                0x0000024b       0x34 ./Drivers/STM32F4xx_HAL_Driver/Src/stm32f4xx_hal_gpio.o
 .ARM.attributes
                0x0000027f       0x34 ./Drivers/STM32F4xx_HAL_Driver/Src/stm32f4xx_hal_rcc.o
 .ARM.attributes
                0x000002b3       0x34 ./Drivers/STM32F4xx_HAL_Driver/Src/stm32f4xx_hal_tim.o
 .ARM.attributes
                0x000002e7       0x34 ./Drivers/STM32F4xx_HAL_Driver/Src/stm32f4xx_hal_tim_ex.o
 .ARM.attributes
                0x0000031b       0x34 ./Drivers/STM32F4xx_HAL_Driver/Src/stm32f4xx_hal_uart.o
 .ARM.attributes
                0x0000034f       0x34 ./Middlewares/Third_Party/FreeRTOS/Source/CMSIS_RTOS/cmsis_os.o
 .ARM.attributes
                0x00000383       0x34 ./Middlewares/Third_Party/FreeRTOS/Source/list.o
 .ARM.attributes
                0x000003b7       0x34 ./Middlewares/Third_Party/FreeRTOS/Source/queue.o
 .ARM.attributes
                0x000003eb       0x34 ./Middlewares/Third_Party/FreeRTOS/Source/tasks.o
 .ARM.attributes
                0x0000041f       0x34 ./Middlewares/Third_Party/FreeRTOS/Source/portable/GCC/ARM_CM4F/port.o
 .ARM.attributes
                0x00000453       0x34 ./Middlewares/Third_Party/FreeRTOS/Source/portable/MemMang/heap_4.o
 .ARM.attributes
                0x00000487       0x34 /home/saeedbzrgn/st/stm32cubeide_2.0.0/plugins/com.st.stm32cube.ide.mcu.externaltools.gnu-tools-for-stm32.13.3.rel1.linux64_1.0.100.202509120712/tools/bin/../lib/gcc/arm-none-eabi/13.3.1/../../../../arm-none-eabi/lib/thumb/v7e-m+fp/hard/libc_nano.a(libc_a-findfp.o)
 .ARM.attributes
                0x000004bb       0x34 /home/saeedbzrgn/st/stm32cubeide_2.0.0/plugins/com.st.stm32cube.ide.mcu.externaltools.gnu-tools-for-stm32.13.3.rel1.linux64_1.0.100.202509120712/tools/bin/../lib/gcc/arm-none-eabi/13.3.1/../../../../arm-none-eabi/lib/thumb/v7e-m+fp/hard/libc_nano.a(libc_a-memset.o)
 .ARM.attributes
                0x000004ef       0x34 /home/saeedbzrgn/st/stm32cubeide_2.0.0/plugins/com.st.stm32cube.ide.mcu.externaltools.gnu-tools-for-stm32.13.3.rel1.linux64_1.0.100.202509120712/tools/bin/../lib/gcc/arm-none-eabi/13.3.1/../../../../arm-none-eabi/lib/thumb/v7e-m+fp/hard/libc_nano.a(libc_a-reent.o)
 .ARM.attributes
                0x00000523       0x34 /home/saeedbzrgn/st/stm32cubeide_2.0.0/plugins/com.st.stm32cube.ide.mcu.externaltools.gnu-tools-for-stm32.13.3.rel1.linux64_1.0.100.202509120712/tools/bin/../lib/gcc/arm-none-eabi/13.3.1/../../../../arm-none-eabi/lib/thumb/v7e-m+fp/hard/libc_nano.a(libc_a-impure.o)
 .ARM.attributes
                0x00000557       0x34 /home/saeedbzrgn/st/stm32cubeide_2.0.0/plugins/com.st.stm32cube.ide.mcu.externaltools.gnu-tools-for-stm32.13.3.rel1.linux64_1.0.100.202509120712/tools/bin/../lib/gcc/arm-none-eabi/13.3.1/../../../../arm-none-eabi/lib/thumb/v7e-m+fp/hard/libc_nano.a(libc_a-init.o)
 .ARM.attributes
                0x0000058b       0x34 /home/saeedbzrgn/st/stm32cubeide_2.0.0/plugins/com.st.stm32cube.ide.mcu.externaltools.gnu-tools-for-stm32.13.3.rel1.linux64_1.0.100.202509120712/tools/bin/../lib/gcc/arm-none-eabi/13.3.1/../../../../arm-none-eabi/lib/thumb/v7e-m+fp/hard/libc_nano.a(libc_a-lock.o)
 .ARM.attributes
                0x000005bf       0x34 /home/saeedbzrgn/st/stm32cubeide_2.0.0/plugins/com.st.stm32cube.ide.mcu.externaltools.gnu-tools-for-stm32.13.3.rel1.linux64_1.0.100.202509120712/tools/bin/../lib/gcc/arm-none-eabi/13.3.1/../../../../arm-none-eabi/lib/thumb/v7e-m+fp/hard/libc_nano.a(libc_a-memcpy-stub.o)
 .ARM.attributes
                0x000005f3       0x34 /home/saeedbzrgn/st/stm32cubeide_2.0.0/plugins/com.st.stm32cube.ide.mcu.externaltools.gnu-tools-for-stm32.13.3.rel1.linux64_1.0.100.202509120712/tools/bin/../lib/gcc/arm-none-eabi/13.3.1/../../../../arm-none-eabi/lib/thumb/v7e-m+fp/hard/libc_nano.a(libc_a-freer.o)
 .ARM.attributes
                0x00000627       0x34 /home/saeedbzrgn/st/stm32cubeide_2.0.0/plugins/com.st.stm32cube.ide.mcu.externaltools.gnu-tools-for-stm32.13.3.rel1.linux64_1.0.100.202509120712/tools/bin/../lib/gcc/arm-none-eabi/13.3.1/../../../../arm-none-eabi/lib/thumb/v7e-m+fp/hard/libc_nano.a(libc_a-mallocr.o)
 .ARM.attributes
                0x0000065b       0x34 /home/saeedbzrgn/st/stm32cubeide_2.0.0/plugins/com.st.stm32cube.ide.mcu.externaltools.gnu-tools-for-stm32.13.3.rel1.linux64_1.0.100.202509120712/tools/bin/../lib/gcc/arm-none-eabi/13.3.1/../../../../arm-none-eabi/lib/thumb/v7e-m+fp/hard/libc_nano.a(libc_a-mlock.o)
 .ARM.attributes
                0x0000068f       0x22 /home/saeedbzrgn/st/stm32cubeide_2.0.0/plugins/com.st.stm32cube.ide.mcu.externaltools.gnu-tools-for-stm32.13.3.rel1.linux64_1.0.100.202509120712/tools/bin/../lib/gcc/arm-none-eabi/13.3.1/thumb/v7e-m+fp/hard/libgcc.a(_aeabi_uldivmod.o)
 .ARM.attributes
                0x000006b1       0x34 /home/saeedbzrgn/st/stm32cubeide_2.0.0/plugins/com.st.stm32cube.ide.mcu.externaltools.gnu-tools-for-stm32.13.3.rel1.linux64_1.0.100.202509120712/tools/bin/../lib/gcc/arm-none-eabi/13.3.1/thumb/v7e-m+fp/hard/libgcc.a(_udivmoddi4.o)
 .ARM.attributes
                0x000006e5       0x22 /home/saeedbzrgn/st/stm32cubeide_2.0.0/plugins/com.st.stm32cube.ide.mcu.externaltools.gnu-tools-for-stm32.13.3.rel1.linux64_1.0.100.202509120712/tools/bin/../lib/gcc/arm-none-eabi/13.3.1/thumb/v7e-m+fp/hard/libgcc.a(_dvmd_tls.o)
 .ARM.attributes
                0x00000707       0x22 /home/saeedbzrgn/st/stm32cubeide_2.0.0/plugins/com.st.stm32cube.ide.mcu.externaltools.gnu-tools-for-stm32.13.3.rel1.linux64_1.0.100.202509120712/tools/bin/../lib/gcc/arm-none-eabi/13.3.1/thumb/v7e-m+fp/hard/crtn.o
OUTPUT(Read_MultiDXL.elf elf32-littlearm)
LOAD linker stubs
LOAD /home/saeedbzrgn/st/stm32cubeide_2.0.0/plugins/com.st.stm32cube.ide.mcu.externaltools.gnu-tools-for-stm32.13.3.rel1.linux64_1.0.100.202509120712/tools/bin/../lib/gcc/arm-none-eabi/13.3.1/../../../../arm-none-eabi/lib/thumb/v7e-m+fp/hard/libc.a
LOAD /home/saeedbzrgn/st/stm32cubeide_2.0.0/plugins/com.st.stm32cube.ide.mcu.externaltools.gnu-tools-for-stm32.13.3.rel1.linux64_1.0.100.202509120712/tools/bin/../lib/gcc/arm-none-eabi/13.3.1/../../../../arm-none-eabi/lib/thumb/v7e-m+fp/hard/libm.a
LOAD /home/saeedbzrgn/st/stm32cubeide_2.0.0/plugins/com.st.stm32cube.ide.mcu.externaltools.gnu-tools-for-stm32.13.3.rel1.linux64_1.0.100.202509120712/tools/bin/../lib/gcc/arm-none-eabi/13.3.1/thumb/v7e-m+fp/hard/libgcc.a

.debug_info     0x00000000    0x153ba
 .debug_info    0x00000000      0x919 ./Core/Src/freertos.o
 .debug_info    0x00000919     0x1d99 ./Core/Src/main.o
 .debug_info    0x000026b2      0xbd2 ./Core/Src/stm32f4xx_hal_msp.o
 .debug_info    0x00003284      0xbdc ./Core/Src/stm32f4xx_hal_timebase_tim.o
 .debug_info    0x00003e60      0x989 ./Core/Src/stm32f4xx_it.o
 .debug_info    0x000047e9      0x512 ./Core/Src/system_stm32f4xx.o
 .debug_info    0x00004cfb       0x30 ./Core/Startup/startup_stm32f405rgtx.o
 .debug_info    0x00004d2b      0x932 ./Drivers/STM32F4xx_HAL_Driver/Src/stm32f4xx_hal.o
 .debug_info    0x0000565d      0xd7a ./Drivers/STM32F4xx_HAL_Driver/Src/stm32f4xx_hal_cortex.o
 .debug_info    0x000063d7      0x8e7 ./Drivers/STM32F4xx_HAL_Driver/Src/stm32f4xx_hal_dma.o
 .debug_info    0x00006cbe      0x6c3 ./Drivers/STM32F4xx_HAL_Driver/Src/stm32f4xx_hal_gpio.o
 .debug_info    0x00007381      0x8c3 ./Drivers/STM32F4xx_HAL_Driver/Src/stm32f4xx_hal_rcc.o
 .debug_info    0x00007c44     0x299d ./Drivers/STM32F4xx_HAL_Driver/Src/stm32f4xx_hal_tim.o
 .debug_info    0x0000a5e1     0x14db ./Drivers/STM32F4xx_HAL_Driver/Src/stm32f4xx_hal_tim_ex.o
 .debug_info    0x0000babc     0x2f4f ./Drivers/STM32F4xx_HAL_Driver/Src/stm32f4xx_hal_uart.o
 .debug_info    0x0000ea0b     0x21e2 ./Middlewares/Third_Party/FreeRTOS/Source/CMSIS_RTOS/cmsis_os.o
 .debug_info    0x00010bed      0x2af ./Middlewares/Third_Party/FreeRTOS/Source/list.o
 .debug_info    0x00010e9c     0x17cd ./Middlewares/Third_Party/FreeRTOS/Source/queue.o
 .debug_info    0x00012669     0x239e ./Middlewares/Third_Party/FreeRTOS/Source/tasks.o
 .debug_info    0x00014a07      0x4de ./Middlewares/Third_Party/FreeRTOS/Source/portable/GCC/ARM_CM4F/port.o
 .debug_info    0x00014ee5      0x4d5 ./Middlewares/Third_Party/FreeRTOS/Source/portable/MemMang/heap_4.o

.debug_abbrev   0x00000000     0x309c
 .debug_abbrev  0x00000000      0x16f ./Core/Src/freertos.o
 .debug_abbrev  0x0000016f      0x364 ./Core/Src/main.o
 .debug_abbrev  0x000004d3      0x1cc ./Core/Src/stm32f4xx_hal_msp.o
 .debug_abbrev  0x0000069f      0x1f4 ./Core/Src/stm32f4xx_hal_timebase_tim.o
 .debug_abbrev  0x00000893      0x189 ./Core/Src/stm32f4xx_it.o
 .debug_abbrev  0x00000a1c      0x11a ./Core/Src/system_stm32f4xx.o
 .debug_abbrev  0x00000b36       0x24 ./Core/Startup/startup_stm32f405rgtx.o
 .debug_abbrev  0x00000b5a      0x214 ./Drivers/STM32F4xx_HAL_Driver/Src/stm32f4xx_hal.o
 .debug_abbrev  0x00000d6e      0x31d ./Drivers/STM32F4xx_HAL_Driver/Src/stm32f4xx_hal_cortex.o
 .debug_abbrev  0x0000108b      0x264 ./Drivers/STM32F4xx_HAL_Driver/Src/stm32f4xx_hal_dma.o
 .debug_abbrev  0x000012ef      0x1d4 ./Drivers/STM32F4xx_HAL_Driver/Src/stm32f4xx_hal_gpio.o
 .debug_abbrev  0x000014c3      0x2b7 ./Drivers/STM32F4xx_HAL_Driver/Src/stm32f4xx_hal_rcc.o
 .debug_abbrev  0x0000177a      0x278 ./Drivers/STM32F4xx_HAL_Driver/Src/stm32f4xx_hal_tim.o
 .debug_abbrev  0x000019f2      0x283 ./Drivers/STM32F4xx_HAL_Driver/Src/stm32f4xx_hal_tim_ex.o
 .debug_abbrev  0x00001c75      0x30e ./Drivers/STM32F4xx_HAL_Driver/Src/stm32f4xx_hal_uart.o
 .debug_abbrev  0x00001f83      0x426 ./Middlewares/Third_Party/FreeRTOS/Source/CMSIS_RTOS/cmsis_os.o
 .debug_abbrev  0x000023a9       0xf5 ./Middlewares/Third_Party/FreeRTOS/Source/list.o
 .debug_abbrev  0x0000249e      0x3b5 ./Middlewares/Third_Party/FreeRTOS/Source/queue.o
 .debug_abbrev  0x00002853      0x3d0 ./Middlewares/Third_Party/FreeRTOS/Source/tasks.o
 .debug_abbrev  0x00002c23      0x25c ./Middlewares/Third_Party/FreeRTOS/Source/portable/GCC/ARM_CM4F/port.o
 .debug_abbrev  0x00002e7f      0x21d ./Middlewares/Third_Party/FreeRTOS/Source/portable/MemMang/heap_4.o

.debug_aranges  0x00000000     0x1230
 .debug_aranges
                0x00000000       0x20 ./Core/Src/freertos.o
 .debug_aranges
                0x00000020       0x78 ./Core/Src/main.o
 .debug_aranges
                0x00000098       0x30 ./Core/Src/stm32f4xx_hal_msp.o
 .debug_aranges
                0x000000c8       0x30 ./Core/Src/stm32f4xx_hal_timebase_tim.o
 .debug_aranges
                0x000000f8       0x68 ./Core/Src/stm32f4xx_it.o
 .debug_aranges
                0x00000160       0x28 ./Core/Src/system_stm32f4xx.o
 .debug_aranges
                0x00000188       0x28 ./Core/Startup/startup_stm32f405rgtx.o
 .debug_aranges
                0x000001b0       0xf0 ./Drivers/STM32F4xx_HAL_Driver/Src/stm32f4xx_hal.o
 .debug_aranges
                0x000002a0      0x130 ./Drivers/STM32F4xx_HAL_Driver/Src/stm32f4xx_hal_cortex.o
 .debug_aranges
                0x000003d0       0x90 ./Drivers/STM32F4xx_HAL_Driver/Src/stm32f4xx_hal_dma.o
 .debug_aranges
                0x00000460       0x58 ./Drivers/STM32F4xx_HAL_Driver/Src/stm32f4xx_hal_gpio.o
 .debug_aranges
                0x000004b8       0x88 ./Drivers/STM32F4xx_HAL_Driver/Src/stm32f4xx_hal_rcc.o
 .debug_aranges
                0x00000540      0x3d0 ./Drivers/STM32F4xx_HAL_Driver/Src/stm32f4xx_hal_tim.o
 .debug_aranges
                0x00000910      0x168 ./Drivers/STM32F4xx_HAL_Driver/Src/stm32f4xx_hal_tim_ex.o
 .debug_aranges
                0x00000a78      0x208 ./Drivers/STM32F4xx_HAL_Driver/Src/stm32f4xx_hal_uart.o
 .debug_aranges
                0x00000c80      0x1d8 ./Middlewares/Third_Party/FreeRTOS/Source/CMSIS_RTOS/cmsis_os.o
 .debug_aranges
                0x00000e58       0x40 ./Middlewares/Third_Party/FreeRTOS/Source/list.o
 .debug_aranges
                0x00000e98      0x108 ./Middlewares/Third_Party/FreeRTOS/Source/queue.o
 .debug_aranges
                0x00000fa0      0x1b8 ./Middlewares/Third_Party/FreeRTOS/Source/tasks.o
 .debug_aranges
                0x00001158       0x80 ./Middlewares/Third_Party/FreeRTOS/Source/portable/GCC/ARM_CM4F/port.o
 .debug_aranges
                0x000011d8       0x58 ./Middlewares/Third_Party/FreeRTOS/Source/portable/MemMang/heap_4.o

.debug_rnglists
                0x00000000      0xe29
 .debug_rnglists
                0x00000000       0x13 ./Core/Src/freertos.o
 .debug_rnglists
                0x00000013       0x5a ./Core/Src/main.o
 .debug_rnglists
                0x0000006d       0x21 ./Core/Src/stm32f4xx_hal_msp.o
 .debug_rnglists
                0x0000008e       0x20 ./Core/Src/stm32f4xx_hal_timebase_tim.o
 .debug_rnglists
                0x000000ae       0x49 ./Core/Src/stm32f4xx_it.o
 .debug_rnglists
                0x000000f7       0x1a ./Core/Src/system_stm32f4xx.o
 .debug_rnglists
                0x00000111       0x19 ./Core/Startup/startup_stm32f405rgtx.o
 .debug_rnglists
                0x0000012a       0xaf ./Drivers/STM32F4xx_HAL_Driver/Src/stm32f4xx_hal.o
 .debug_rnglists
                0x000001d9       0xe0 ./Drivers/STM32F4xx_HAL_Driver/Src/stm32f4xx_hal_cortex.o
 .debug_rnglists
                0x000002b9       0x70 ./Drivers/STM32F4xx_HAL_Driver/Src/stm32f4xx_hal_dma.o
 .debug_rnglists
                0x00000329       0x3f ./Drivers/STM32F4xx_HAL_Driver/Src/stm32f4xx_hal_gpio.o
 .debug_rnglists
                0x00000368       0x66 ./Drivers/STM32F4xx_HAL_Driver/Src/stm32f4xx_hal_rcc.o
 .debug_rnglists
                0x000003ce      0x31a ./Drivers/STM32F4xx_HAL_Driver/Src/stm32f4xx_hal_tim.o
 .debug_rnglists
                0x000006e8      0x125 ./Drivers/STM32F4xx_HAL_Driver/Src/stm32f4xx_hal_tim_ex.o
 .debug_rnglists
                0x0000080d      0x1bc ./Drivers/STM32F4xx_HAL_Driver/Src/stm32f4xx_hal_uart.o
 .debug_rnglists
                0x000009c9      0x16a ./Middlewares/Third_Party/FreeRTOS/Source/CMSIS_RTOS/cmsis_os.o
 .debug_rnglists
                0x00000b33       0x2b ./Middlewares/Third_Party/FreeRTOS/Source/list.o
 .debug_rnglists
                0x00000b5e       0xcd ./Middlewares/Third_Party/FreeRTOS/Source/queue.o
 .debug_rnglists
                0x00000c2b      0x15f ./Middlewares/Third_Party/FreeRTOS/Source/tasks.o
 .debug_rnglists
                0x00000d8a       0x5d ./Middlewares/Third_Party/FreeRTOS/Source/portable/GCC/ARM_CM4F/port.o
 .debug_rnglists
                0x00000de7       0x42 ./Middlewares/Third_Party/FreeRTOS/Source/portable/MemMang/heap_4.o

.debug_macro    0x00000000    0x20f83
 .debug_macro   0x00000000      0x2f5 ./Core/Src/freertos.o
 .debug_macro   0x000002f5      0xad8 ./Core/Src/freertos.o
 .debug_macro   0x00000dcd      0x190 ./Core/Src/freertos.o
 .debug_macro   0x00000f5d       0x22 ./Core/Src/freertos.o
 .debug_macro   0x00000f7f       0x8e ./Core/Src/freertos.o
 .debug_macro   0x0000100d       0x51 ./Core/Src/freertos.o
 .debug_macro   0x0000105e      0x103 ./Core/Src/freertos.o
 .debug_macro   0x00001161       0x6a ./Core/Src/freertos.o
 .debug_macro   0x000011cb      0x1df ./Core/Src/freertos.o
 .debug_macro   0x000013aa       0xf1 ./Core/Src/freertos.o
 .debug_macro   0x0000149b      0x15a ./Core/Src/freertos.o
 .debug_macro   0x000015f5       0xde ./Core/Src/freertos.o
 .debug_macro   0x000016d3       0x1c ./Core/Src/freertos.o
 .debug_macro   0x000016ef       0x26 ./Core/Src/freertos.o
 .debug_macro   0x00001715       0x61 ./Core/Src/freertos.o
 .debug_macro   0x00001776       0x2a ./Core/Src/freertos.o
 .debug_macro   0x000017a0       0x43 ./Core/Src/freertos.o
 .debug_macro   0x000017e3       0x34 ./Core/Src/freertos.o
 .debug_macro   0x00001817      0x370 ./Core/Src/freertos.o
 .debug_macro   0x00001b87       0x16 ./Core/Src/freertos.o
 .debug_macro   0x00001b9d       0x4a ./Core/Src/freertos.o
 .debug_macro   0x00001be7       0x34 ./Core/Src/freertos.o
 .debug_macro   0x00001c1b       0x10 ./Core/Src/freertos.o
 .debug_macro   0x00001c2b       0x58 ./Core/Src/freertos.o
 .debug_macro   0x00001c83       0x8e ./Core/Src/freertos.o
 .debug_macro   0x00001d11       0x1c ./Core/Src/freertos.o
 .debug_macro   0x00001d2d      0x185 ./Core/Src/freertos.o
 .debug_macro   0x00001eb2       0x10 ./Core/Src/freertos.o
 .debug_macro   0x00001ec2       0x3c ./Core/Src/freertos.o
 .debug_macro   0x00001efe      0x4fe ./Core/Src/freertos.o
 .debug_macro   0x000023fc       0xb5 ./Core/Src/freertos.o
 .debug_macro   0x000024b1       0xaa ./Core/Src/freertos.o
 .debug_macro   0x0000255b      0x29b ./Core/Src/freertos.o
 .debug_macro   0x000027f6       0x2e ./Core/Src/freertos.o
 .debug_macro   0x00002824       0x2f ./Core/Src/freertos.o
 .debug_macro   0x00002853       0x1c ./Core/Src/freertos.o
 .debug_macro   0x0000286f       0x22 ./Core/Src/freertos.o
 .debug_macro   0x00002891       0xfb ./Core/Src/freertos.o
 .debug_macro   0x0000298c     0x1011 ./Core/Src/freertos.o
 .debug_macro   0x0000399d      0x11f ./Core/Src/freertos.o
 .debug_macro   0x00003abc    0x1427b ./Core/Src/freertos.o
 .debug_macro   0x00017d37       0x6d ./Core/Src/freertos.o
 .debug_macro   0x00017da4     0x3693 ./Core/Src/freertos.o
 .debug_macro   0x0001b437       0x56 ./Core/Src/freertos.o
 .debug_macro   0x0001b48d      0x8bc ./Core/Src/freertos.o
 .debug_macro   0x0001bd49      0x9e9 ./Core/Src/freertos.o
 .debug_macro   0x0001c732      0x115 ./Core/Src/freertos.o
 .debug_macro   0x0001c847      0x130 ./Core/Src/freertos.o
 .debug_macro   0x0001c977       0xa5 ./Core/Src/freertos.o
 .debug_macro   0x0001ca1c      0x174 ./Core/Src/freertos.o
 .debug_macro   0x0001cb90      0x287 ./Core/Src/freertos.o
 .debug_macro   0x0001ce17       0x5f ./Core/Src/freertos.o
 .debug_macro   0x0001ce76      0x236 ./Core/Src/freertos.o
 .debug_macro   0x0001d0ac      0x12c ./Core/Src/freertos.o
 .debug_macro   0x0001d1d8      0x21e ./Core/Src/freertos.o
 .debug_macro   0x0001d3f6       0x2e ./Core/Src/freertos.o
 .debug_macro   0x0001d424      0x127 ./Core/Src/freertos.o
 .debug_macro   0x0001d54b       0x7e ./Core/Src/freertos.o
 .debug_macro   0x0001d5c9       0x89 ./Core/Src/freertos.o
 .debug_macro   0x0001d652      0x8ed ./Core/Src/freertos.o
 .debug_macro   0x0001df3f       0x4d ./Core/Src/freertos.o
 .debug_macro   0x0001df8c      0x2aa ./Core/Src/freertos.o
 .debug_macro   0x0001e236      0x12d ./Core/Src/freertos.o
 .debug_macro   0x0001e363       0x4c ./Core/Src/freertos.o
 .debug_macro   0x0001e3af      0x340 ./Core/Src/main.o
 .debug_macro   0x0001e6ef       0x5c ./Core/Src/main.o
 .debug_macro   0x0001e74b       0xf1 ./Core/Src/main.o
 .debug_macro   0x0001e83c       0x91 ./Core/Src/main.o
 .debug_macro   0x0001e8cd       0x8d ./Core/Src/main.o
 .debug_macro   0x0001e95a       0x7e ./Core/Src/main.o
 .debug_macro   0x0001e9d8       0x19 ./Core/Src/main.o
 .debug_macro   0x0001e9f1       0xf2 ./Core/Src/main.o
 .debug_macro   0x0001eae3      0x1dd ./Core/Src/stm32f4xx_hal_msp.o
 .debug_macro   0x0001ecc0      0x1ce ./Core/Src/stm32f4xx_hal_timebase_tim.o
 .debug_macro   0x0001ee8e      0x1e7 ./Core/Src/stm32f4xx_it.o
 .debug_macro   0x0001f075      0x1ce ./Core/Src/system_stm32f4xx.o
 .debug_macro   0x0001f243      0x22e ./Drivers/STM32F4xx_HAL_Driver/Src/stm32f4xx_hal.o
 .debug_macro   0x0001f471      0x1ce ./Drivers/STM32F4xx_HAL_Driver/Src/stm32f4xx_hal_cortex.o
 .debug_macro   0x0001f63f      0x1d4 ./Drivers/STM32F4xx_HAL_Driver/Src/stm32f4xx_hal_dma.o
 .debug_macro   0x0001f813      0x1d4 ./Drivers/STM32F4xx_HAL_Driver/Src/stm32f4xx_hal_gpio.o
 .debug_macro   0x0001f9e7      0x1f2 ./Drivers/STM32F4xx_HAL_Driver/Src/stm32f4xx_hal_rcc.o
 .debug_macro   0x0001fbd9      0x1cf ./Drivers/STM32F4xx_HAL_Driver/Src/stm32f4xx_hal_tim.o
 .debug_macro   0x0001fda8      0x1ce ./Drivers/STM32F4xx_HAL_Driver/Src/stm32f4xx_hal_tim_ex.o
 .debug_macro   0x0001ff76      0x1cf ./Drivers/STM32F4xx_HAL_Driver/Src/stm32f4xx_hal_uart.o
 .debug_macro   0x00020145      0x210 ./Middlewares/Third_Party/FreeRTOS/Source/CMSIS_RTOS/cmsis_os.o
 .debug_macro   0x00020355       0x10 ./Middlewares/Third_Party/FreeRTOS/Source/CMSIS_RTOS/cmsis_os.o
 .debug_macro   0x00020365       0x20 ./Middlewares/Third_Party/FreeRTOS/Source/CMSIS_RTOS/cmsis_os.o
 .debug_macro   0x00020385       0x16 ./Middlewares/Third_Party/FreeRTOS/Source/CMSIS_RTOS/cmsis_os.o
 .debug_macro   0x0002039b       0xe9 ./Middlewares/Third_Party/FreeRTOS/Source/CMSIS_RTOS/cmsis_os.o
 .debug_macro   0x00020484      0x199 ./Middlewares/Third_Party/FreeRTOS/Source/list.o
 .debug_macro   0x0002061d      0x228 ./Middlewares/Third_Party/FreeRTOS/Source/queue.o
 .debug_macro   0x00020845       0x16 ./Middlewares/Third_Party/FreeRTOS/Source/queue.o
 .debug_macro   0x0002085b       0x87 ./Middlewares/Third_Party/FreeRTOS/Source/queue.o
 .debug_macro   0x000208e2      0x28b ./Middlewares/Third_Party/FreeRTOS/Source/tasks.o
 .debug_macro   0x00020b6d       0x10 ./Middlewares/Third_Party/FreeRTOS/Source/tasks.o
 .debug_macro   0x00020b7d      0x246 ./Middlewares/Third_Party/FreeRTOS/Source/portable/GCC/ARM_CM4F/port.o
 .debug_macro   0x00020dc3      0x1c0 ./Middlewares/Third_Party/FreeRTOS/Source/portable/MemMang/heap_4.o

.debug_line     0x00000000    0x13e5b
 .debug_line    0x00000000      0x8f5 ./Core/Src/freertos.o
 .debug_line    0x000008f5      0xbe9 ./Core/Src/main.o
 .debug_line    0x000014de      0x78b ./Core/Src/stm32f4xx_hal_msp.o
 .debug_line    0x00001c69      0x73d ./Core/Src/stm32f4xx_hal_timebase_tim.o
 .debug_line    0x000023a6      0x790 ./Core/Src/stm32f4xx_it.o
 .debug_line    0x00002b36      0x735 ./Core/Src/system_stm32f4xx.o
 .debug_line    0x0000326b       0x7a ./Core/Startup/startup_stm32f405rgtx.o
 .debug_line    0x000032e5      0x9b1 ./Drivers/STM32F4xx_HAL_Driver/Src/stm32f4xx_hal.o
 .debug_line    0x00003c96      0xc81 ./Drivers/STM32F4xx_HAL_Driver/Src/stm32f4xx_hal_cortex.o
 .debug_line    0x00004917      0xf1d ./Drivers/STM32F4xx_HAL_Driver/Src/stm32f4xx_hal_dma.o
 .debug_line    0x00005834      0xb09 ./Drivers/STM32F4xx_HAL_Driver/Src/stm32f4xx_hal_gpio.o
 .debug_line    0x0000633d      0xdc0 ./Drivers/STM32F4xx_HAL_Driver/Src/stm32f4xx_hal_rcc.o
 .debug_line    0x000070fd     0x3726 ./Drivers/STM32F4xx_HAL_Driver/Src/stm32f4xx_hal_tim.o
 .debug_line    0x0000a823     0x1911 ./Drivers/STM32F4xx_HAL_Driver/Src/stm32f4xx_hal_tim_ex.o
 .debug_line    0x0000c134     0x24f9 ./Drivers/STM32F4xx_HAL_Driver/Src/stm32f4xx_hal_uart.o
 .debug_line    0x0000e62d     0x1281 ./Middlewares/Third_Party/FreeRTOS/Source/CMSIS_RTOS/cmsis_os.o
 .debug_line    0x0000f8ae      0x70d ./Middlewares/Third_Party/FreeRTOS/Source/list.o
 .debug_line    0x0000ffbb     0x1451 ./Middlewares/Third_Party/FreeRTOS/Source/queue.o
 .debug_line    0x0001140c     0x186a ./Middlewares/Third_Party/FreeRTOS/Source/tasks.o
 .debug_line    0x00012c76      0x8c1 ./Middlewares/Third_Party/FreeRTOS/Source/portable/GCC/ARM_CM4F/port.o
 .debug_line    0x00013537      0x924 ./Middlewares/Third_Party/FreeRTOS/Source/portable/MemMang/heap_4.o

.debug_str      0x00000000    0xc930f
 .debug_str     0x00000000    0xc930f ./Core/Src/freertos.o
                              0xc0679 (size before relaxing)
 .debug_str     0x000c930f        0x0 ./Core/Src/main.o
                              0xc378f (size before relaxing)
 .debug_str     0x000c930f        0x0 ./Core/Src/stm32f4xx_hal_msp.o
                              0xb9de6 (size before relaxing)
 .debug_str     0x000c930f        0x0 ./Core/Src/stm32f4xx_hal_timebase_tim.o
                              0xb9e0d (size before relaxing)
 .debug_str     0x000c930f        0x0 ./Core/Src/stm32f4xx_it.o
                              0xb9af1 (size before relaxing)
 .debug_str     0x000c930f        0x0 ./Core/Src/system_stm32f4xx.o
                              0xb9336 (size before relaxing)
 .debug_str     0x000c930f        0x0 ./Core/Startup/startup_stm32f405rgtx.o
                                 0xae (size before relaxing)
 .debug_str     0x000c930f        0x0 ./Drivers/STM32F4xx_HAL_Driver/Src/stm32f4xx_hal.o
                              0xb9e99 (size before relaxing)
 .debug_str     0x000c930f        0x0 ./Drivers/STM32F4xx_HAL_Driver/Src/stm32f4xx_hal_cortex.o
                              0xb9c15 (size before relaxing)
 .debug_str     0x000c930f        0x0 ./Drivers/STM32F4xx_HAL_Driver/Src/stm32f4xx_hal_dma.o
                              0xb9750 (size before relaxing)
 .debug_str     0x000c930f        0x0 ./Drivers/STM32F4xx_HAL_Driver/Src/stm32f4xx_hal_gpio.o
                              0xb94b1 (size before relaxing)
 .debug_str     0x000c930f        0x0 ./Drivers/STM32F4xx_HAL_Driver/Src/stm32f4xx_hal_rcc.o
                              0xb976a (size before relaxing)
 .debug_str     0x000c930f        0x0 ./Drivers/STM32F4xx_HAL_Driver/Src/stm32f4xx_hal_tim.o
                              0xba6c0 (size before relaxing)
 .debug_str     0x000c930f        0x0 ./Drivers/STM32F4xx_HAL_Driver/Src/stm32f4xx_hal_tim_ex.o
                              0xb9ecc (size before relaxing)
 .debug_str     0x000c930f        0x0 ./Drivers/STM32F4xx_HAL_Driver/Src/stm32f4xx_hal_uart.o
                              0xb9d4b (size before relaxing)
 .debug_str     0x000c930f        0x0 ./Middlewares/Third_Party/FreeRTOS/Source/CMSIS_RTOS/cmsis_os.o
                               0xeebe (size before relaxing)
 .debug_str     0x000c930f        0x0 ./Middlewares/Third_Party/FreeRTOS/Source/list.o
                               0xac75 (size before relaxing)
 .debug_str     0x000c930f        0x0 ./Middlewares/Third_Party/FreeRTOS/Source/queue.o
                               0xc608 (size before relaxing)
 .debug_str     0x000c930f        0x0 ./Middlewares/Third_Party/FreeRTOS/Source/tasks.o
                               0xd32f (size before relaxing)
 .debug_str     0x000c930f        0x0 ./Middlewares/Third_Party/FreeRTOS/Source/portable/GCC/ARM_CM4F/port.o
                               0xb9af (size before relaxing)
 .debug_str     0x000c930f        0x0 ./Middlewares/Third_Party/FreeRTOS/Source/portable/MemMang/heap_4.o
                               0xb5b7 (size before relaxing)

.comment        0x00000000       0x43
 .comment       0x00000000       0x43 ./Core/Src/freertos.o
                                 0x44 (size before relaxing)
 .comment       0x00000043        0x0 ./Core/Src/main.o
                                 0x44 (size before relaxing)
 .comment       0x00000043        0x0 ./Core/Src/stm32f4xx_hal_msp.o
                                 0x44 (size before relaxing)
 .comment       0x00000043        0x0 ./Core/Src/stm32f4xx_hal_timebase_tim.o
                                 0x44 (size before relaxing)
 .comment       0x00000043        0x0 ./Core/Src/stm32f4xx_it.o
                                 0x44 (size before relaxing)
 .comment       0x00000043        0x0 ./Core/Src/system_stm32f4xx.o
                                 0x44 (size before relaxing)
 .comment       0x00000043        0x0 ./Drivers/STM32F4xx_HAL_Driver/Src/stm32f4xx_hal.o
                                 0x44 (size before relaxing)
 .comment       0x00000043        0x0 ./Drivers/STM32F4xx_HAL_Driver/Src/stm32f4xx_hal_cortex.o
                                 0x44 (size before relaxing)
 .comment       0x00000043        0x0 ./Drivers/STM32F4xx_HAL_Driver/Src/stm32f4xx_hal_dma.o
                                 0x44 (size before relaxing)
 .comment       0x00000043        0x0 ./Drivers/STM32F4xx_HAL_Driver/Src/stm32f4xx_hal_gpio.o
                                 0x44 (size before relaxing)
 .comment       0x00000043        0x0 ./Drivers/STM32F4xx_HAL_Driver/Src/stm32f4xx_hal_rcc.o
                                 0x44 (size before relaxing)
 .comment       0x00000043        0x0 ./Drivers/STM32F4xx_HAL_Driver/Src/stm32f4xx_hal_tim.o
                                 0x44 (size before relaxing)
 .comment       0x00000043        0x0 ./Drivers/STM32F4xx_HAL_Driver/Src/stm32f4xx_hal_tim_ex.o
                                 0x44 (size before relaxing)
 .comment       0x00000043        0x0 ./Drivers/STM32F4xx_HAL_Driver/Src/stm32f4xx_hal_uart.o
                                 0x44 (size before relaxing)
 .comment       0x00000043        0x0 ./Middlewares/Third_Party/FreeRTOS/Source/CMSIS_RTOS/cmsis_os.o
                                 0x44 (size before relaxing)
 .comment       0x00000043        0x0 ./Middlewares/Third_Party/FreeRTOS/Source/list.o
                                 0x44 (size before relaxing)
 .comment       0x00000043        0x0 ./Middlewares/Third_Party/FreeRTOS/Source/queue.o
                                 0x44 (size before relaxing)
 .comment       0x00000043        0x0 ./Middlewares/Third_Party/FreeRTOS/Source/tasks.o
                                 0x44 (size before relaxing)
 .comment       0x00000043        0x0 ./Middlewares/Third_Party/FreeRTOS/Source/portable/GCC/ARM_CM4F/port.o
                                 0x44 (size before relaxing)
 .comment       0x00000043        0x0 ./Middlewares/Third_Party/FreeRTOS/Source/portable/MemMang/heap_4.o
                                 0x44 (size before relaxing)

.debug_frame    0x00000000     0x4ee8
 .debug_frame   0x00000000       0x38 ./Core/Src/freertos.o
 .debug_frame   0x00000038      0x1a0 ./Core/Src/main.o
 .debug_frame   0x000001d8       0x7c ./Core/Src/stm32f4xx_hal_msp.o
 .debug_frame   0x00000254       0x74 ./Core/Src/stm32f4xx_hal_timebase_tim.o
 .debug_frame   0x000002c8      0x118 ./Core/Src/stm32f4xx_it.o
 .debug_frame   0x000003e0       0x58 ./Core/Src/system_stm32f4xx.o
 .debug_frame   0x00000438      0x374 ./Drivers/STM32F4xx_HAL_Driver/Src/stm32f4xx_hal.o
 .debug_frame   0x000007ac      0x508 ./Drivers/STM32F4xx_HAL_Driver/Src/stm32f4xx_hal_cortex.o
 .debug_frame   0x00000cb4      0x250 ./Drivers/STM32F4xx_HAL_Driver/Src/stm32f4xx_hal_dma.o
 .debug_frame   0x00000f04      0x14c ./Drivers/STM32F4xx_HAL_Driver/Src/stm32f4xx_hal_gpio.o
 .debug_frame   0x00001050      0x1f4 ./Drivers/STM32F4xx_HAL_Driver/Src/stm32f4xx_hal_rcc.o
 .debug_frame   0x00001244     0x11c0 ./Drivers/STM32F4xx_HAL_Driver/Src/stm32f4xx_hal_tim.o
 .debug_frame   0x00002404      0x638 ./Drivers/STM32F4xx_HAL_Driver/Src/stm32f4xx_hal_tim_ex.o
 .debug_frame   0x00002a3c      0x954 ./Drivers/STM32F4xx_HAL_Driver/Src/stm32f4xx_hal_uart.o
 .debug_frame   0x00003390      0x80c ./Middlewares/Third_Party/FreeRTOS/Source/CMSIS_RTOS/cmsis_os.o
 .debug_frame   0x00003b9c       0xd8 ./Middlewares/Third_Party/FreeRTOS/Source/list.o
 .debug_frame   0x00003c74      0x46c ./Middlewares/Third_Party/FreeRTOS/Source/queue.o
 .debug_frame   0x000040e0      0x77c ./Middlewares/Third_Party/FreeRTOS/Source/tasks.o
 .debug_frame   0x0000485c      0x1a8 ./Middlewares/Third_Party/FreeRTOS/Source/portable/GCC/ARM_CM4F/port.o
 .debug_frame   0x00004a04      0x12c ./Middlewares/Third_Party/FreeRTOS/Source/portable/MemMang/heap_4.o
 .debug_frame   0x00004b30      0x144 /home/saeedbzrgn/st/stm32cubeide_2.0.0/plugins/com.st.stm32cube.ide.mcu.externaltools.gnu-tools-for-stm32.13.3.rel1.linux64_1.0.100.202509120712/tools/bin/../lib/gcc/arm-none-eabi/13.3.1/../../../../arm-none-eabi/lib/thumb/v7e-m+fp/hard/libc_nano.a(libc_a-findfp.o)
 .debug_frame   0x00004c74       0x20 /home/saeedbzrgn/st/stm32cubeide_2.0.0/plugins/com.st.stm32cube.ide.mcu.externaltools.gnu-tools-for-stm32.13.3.rel1.linux64_1.0.100.202509120712/tools/bin/../lib/gcc/arm-none-eabi/13.3.1/../../../../arm-none-eabi/lib/thumb/v7e-m+fp/hard/libc_nano.a(libc_a-memset.o)
 .debug_frame   0x00004c94       0x38 /home/saeedbzrgn/st/stm32cubeide_2.0.0/plugins/com.st.stm32cube.ide.mcu.externaltools.gnu-tools-for-stm32.13.3.rel1.linux64_1.0.100.202509120712/tools/bin/../lib/gcc/arm-none-eabi/13.3.1/../../../../arm-none-eabi/lib/thumb/v7e-m+fp/hard/libc_nano.a(libc_a-reent.o)
 .debug_frame   0x00004ccc       0x2c /home/saeedbzrgn/st/stm32cubeide_2.0.0/plugins/com.st.stm32cube.ide.mcu.externaltools.gnu-tools-for-stm32.13.3.rel1.linux64_1.0.100.202509120712/tools/bin/../lib/gcc/arm-none-eabi/13.3.1/../../../../arm-none-eabi/lib/thumb/v7e-m+fp/hard/libc_nano.a(libc_a-init.o)
 .debug_frame   0x00004cf8       0xb0 /home/saeedbzrgn/st/stm32cubeide_2.0.0/plugins/com.st.stm32cube.ide.mcu.externaltools.gnu-tools-for-stm32.13.3.rel1.linux64_1.0.100.202509120712/tools/bin/../lib/gcc/arm-none-eabi/13.3.1/../../../../arm-none-eabi/lib/thumb/v7e-m+fp/hard/libc_nano.a(libc_a-lock.o)
 .debug_frame   0x00004da8       0x28 /home/saeedbzrgn/st/stm32cubeide_2.0.0/plugins/com.st.stm32cube.ide.mcu.externaltools.gnu-tools-for-stm32.13.3.rel1.linux64_1.0.100.202509120712/tools/bin/../lib/gcc/arm-none-eabi/13.3.1/../../../../arm-none-eabi/lib/thumb/v7e-m+fp/hard/libc_nano.a(libc_a-memcpy-stub.o)
 .debug_frame   0x00004dd0       0x38 /home/saeedbzrgn/st/stm32cubeide_2.0.0/plugins/com.st.stm32cube.ide.mcu.externaltools.gnu-tools-for-stm32.13.3.rel1.linux64_1.0.100.202509120712/tools/bin/../lib/gcc/arm-none-eabi/13.3.1/../../../../arm-none-eabi/lib/thumb/v7e-m+fp/hard/libc_nano.a(libc_a-freer.o)
 .debug_frame   0x00004e08       0x50 /home/saeedbzrgn/st/stm32cubeide_2.0.0/plugins/com.st.stm32cube.ide.mcu.externaltools.gnu-tools-for-stm32.13.3.rel1.linux64_1.0.100.202509120712/tools/bin/../lib/gcc/arm-none-eabi/13.3.1/../../../../arm-none-eabi/lib/thumb/v7e-m+fp/hard/libc_nano.a(libc_a-mallocr.o)
 .debug_frame   0x00004e58       0x30 /home/saeedbzrgn/st/stm32cubeide_2.0.0/plugins/com.st.stm32cube.ide.mcu.externaltools.gnu-tools-for-stm32.13.3.rel1.linux64_1.0.100.202509120712/tools/bin/../lib/gcc/arm-none-eabi/13.3.1/../../../../arm-none-eabi/lib/thumb/v7e-m+fp/hard/libc_nano.a(libc_a-mlock.o)
 .debug_frame   0x00004e88       0x2c /home/saeedbzrgn/st/stm32cubeide_2.0.0/plugins/com.st.stm32cube.ide.mcu.externaltools.gnu-tools-for-stm32.13.3.rel1.linux64_1.0.100.202509120712/tools/bin/../lib/gcc/arm-none-eabi/13.3.1/thumb/v7e-m+fp/hard/libgcc.a(_aeabi_uldivmod.o)
 .debug_frame   0x00004eb4       0x34 /home/saeedbzrgn/st/stm32cubeide_2.0.0/plugins/com.st.stm32cube.ide.mcu.externaltools.gnu-tools-for-stm32.13.3.rel1.linux64_1.0.100.202509120712/tools/bin/../lib/gcc/arm-none-eabi/13.3.1/thumb/v7e-m+fp/hard/libgcc.a(_udivmoddi4.o)

.debug_line_str
                0x00000000       0x92
 .debug_line_str
                0x00000000       0x92 ./Core/Startup/startup_stm32f405rgtx.o
