Archive member included to satisfy reference by file (symbol)

/home/saeedbzrgn/st/stm32cubeide_2.0.0/plugins/com.st.stm32cube.ide.mcu.externaltools.gnu-tools-for-stm32.13.3.rel1.linux64_1.0.100.202509120712/tools/bin/../lib/gcc/arm-none-eabi/13.3.1/../../../../arm-none-eabi/lib/thumb/v7e-m+fp/hard/libc_nano.a(libc_a-exit.o)
                              /home/saeedbzrgn/st/stm32cubeide_2.0.0/plugins/com.st.stm32cube.ide.mcu.externaltools.gnu-tools-for-stm32.13.3.rel1.linux64_1.0.100.202509120712/tools/bin/../lib/gcc/arm-none-eabi/13.3.1/../../../../arm-none-eabi/lib/thumb/v7e-m+fp/hard/crt0.o (exit)
/home/saeedbzrgn/st/stm32cubeide_2.0.0/plugins/com.st.stm32cube.ide.mcu.externaltools.gnu-tools-for-stm32.13.3.rel1.linux64_1.0.100.202509120712/tools/bin/../lib/gcc/arm-none-eabi/13.3.1/../../../../arm-none-eabi/lib/thumb/v7e-m+fp/hard/libc_nano.a(libc_a-malloc.o)
                              ./Lib/ringBuffer_STM32/rbuf.o (malloc)
/home/saeedbzrgn/st/stm32cubeide_2.0.0/plugins/com.st.stm32cube.ide.mcu.externaltools.gnu-tools-for-stm32.13.3.rel1.linux64_1.0.100.202509120712/tools/bin/../lib/gcc/arm-none-eabi/13.3.1/../../../../arm-none-eabi/lib/thumb/v7e-m+fp/hard/libc_nano.a(libc_a-mallocr.o)
                              /home/saeedbzrgn/st/stm32cubeide_2.0.0/plugins/com.st.stm32cube.ide.mcu.externaltools.gnu-tools-for-stm32.13.3.rel1.linux64_1.0.100.202509120712/tools/bin/../lib/gcc/arm-none-eabi/13.3.1/../../../../arm-none-eabi/lib/thumb/v7e-m+fp/hard/libc_nano.a(libc_a-malloc.o) (_malloc_r)
/home/saeedbzrgn/st/stm32cubeide_2.0.0/plugins/com.st.stm32cube.ide.mcu.externaltools.gnu-tools-for-stm32.13.3.rel1.linux64_1.0.100.202509120712/tools/bin/../lib/gcc/arm-none-eabi/13.3.1/../../../../arm-none-eabi/lib/thumb/v7e-m+fp/hard/libc_nano.a(libc_a-mlock.o)
                              /home/saeedbzrgn/st/stm32cubeide_2.0.0/plugins/com.st.stm32cube.ide.mcu.externaltools.gnu-tools-for-stm32.13.3.rel1.linux64_1.0.100.202509120712/tools/bin/../lib/gcc/arm-none-eabi/13.3.1/../../../../arm-none-eabi/lib/thumb/v7e-m+fp/hard/libc_nano.a(libc_a-mallocr.o) (__malloc_lock)
/home/saeedbzrgn/st/stm32cubeide_2.0.0/plugins/com.st.stm32cube.ide.mcu.externaltools.gnu-tools-for-stm32.13.3.rel1.linux64_1.0.100.202509120712/tools/bin/../lib/gcc/arm-none-eabi/13.3.1/../../../../arm-none-eabi/lib/thumb/v7e-m+fp/hard/libc_nano.a(libc_a-findfp.o)
                              ./Middlewares/Third_Party/FreeRTOS/Source/tasks.o (__sf)
/home/saeedbzrgn/st/stm32cubeide_2.0.0/plugins/com.st.stm32cube.ide.mcu.externaltools.gnu-tools-for-stm32.13.3.rel1.linux64_1.0.100.202509120712/tools/bin/../lib/gcc/arm-none-eabi/13.3.1/../../../../arm-none-eabi/lib/thumb/v7e-m+fp/hard/libc_nano.a(libc_a-fwalk.o)
                              /home/saeedbzrgn/st/stm32cubeide_2.0.0/plugins/com.st.stm32cube.ide.mcu.externaltools.gnu-tools-for-stm32.13.3.rel1.linux64_1.0.100.202509120712/tools/bin/../lib/gcc/arm-none-eabi/13.3.1/../../../../arm-none-eabi/lib/thumb/v7e-m+fp/hard/libc_nano.a(libc_a-findfp.o) (_fwalk_sglue)
/home/saeedbzrgn/st/stm32cubeide_2.0.0/plugins/com.st.stm32cube.ide.mcu.externaltools.gnu-tools-for-stm32.13.3.rel1.linux64_1.0.100.202509120712/tools/bin/../lib/gcc/arm-none-eabi/13.3.1/../../../../arm-none-eabi/lib/thumb/v7e-m+fp/hard/libc_nano.a(libc_a-stdio.o)
                              /home/saeedbzrgn/st/stm32cubeide_2.0.0/plugins/com.st.stm32cube.ide.mcu.externaltools.gnu-tools-for-stm32.13.3.rel1.linux64_1.0.100.202509120712/tools/bin/../lib/gcc/arm-none-eabi/13.3.1/../../../../arm-none-eabi/lib/thumb/v7e-m+fp/hard/libc_nano.a(libc_a-findfp.o) (__sread)
/home/saeedbzrgn/st/stm32cubeide_2.0.0/plugins/com.st.stm32cube.ide.mcu.externaltools.gnu-tools-for-stm32.13.3.rel1.linux64_1.0.100.202509120712/tools/bin/../lib/gcc/arm-none-eabi/13.3.1/../../../../arm-none-eabi/lib/thumb/v7e-m+fp/hard/libc_nano.a(libc_a-memset.o)
                              /home/saeedbzrgn/st/stm32cubeide_2.0.0/plugins/com.st.stm32cube.ide.mcu.externaltools.gnu-tools-for-stm32.13.3.rel1.linux64_1.0.100.202509120712/tools/bin/../lib/gcc/arm-none-eabi/13.3.1/../../../../arm-none-eabi/lib/thumb/v7e-m+fp/hard/crt0.o (memset)
/home/saeedbzrgn/st/stm32cubeide_2.0.0/plugins/com.st.stm32cube.ide.mcu.externaltools.gnu-tools-for-stm32.13.3.rel1.linux64_1.0.100.202509120712/tools/bin/../lib/gcc/arm-none-eabi/13.3.1/../../../../arm-none-eabi/lib/thumb/v7e-m+fp/hard/libc_nano.a(libc_a-closer.o)
                              /home/saeedbzrgn/st/stm32cubeide_2.0.0/plugins/com.st.stm32cube.ide.mcu.externaltools.gnu-tools-for-stm32.13.3.rel1.linux64_1.0.100.202509120712/tools/bin/../lib/gcc/arm-none-eabi/13.3.1/../../../../arm-none-eabi/lib/thumb/v7e-m+fp/hard/libc_nano.a(libc_a-stdio.o) (_close_r)
/home/saeedbzrgn/st/stm32cubeide_2.0.0/plugins/com.st.stm32cube.ide.mcu.externaltools.gnu-tools-for-stm32.13.3.rel1.linux64_1.0.100.202509120712/tools/bin/../lib/gcc/arm-none-eabi/13.3.1/../../../../arm-none-eabi/lib/thumb/v7e-m+fp/hard/libc_nano.a(libc_a-reent.o)
[...]
Memory Configuration

Name             Origin             Length             Attributes
CCMRAM           0x10000000         0x00010000         xrw
RAM              0x20000000         0x00020000         xrw
FLASH            0x08000000         0x00100000         xr
*default*        0x00000000         0xffffffff

Linker script and memory map

LOAD /home/saeedbzrgn/st/stm32cubeide_2.0.0/plugins/com.st.stm32cube.ide.mcu.externaltools.gnu-tools-for-stm32.13.3.rel1.linux64_1.0.100.202509120712/tools/bin/../lib/gcc/arm-none-eabi/13.3.1/thumb/v7e-m+fp/hard/crti.o
LOAD /home/saeedbzrgn/st/stm32cubeide_2.0.0/plugins/com.st.stm32cube.ide.mcu.externaltools.gnu-tools-for-stm32.13.3.rel1.linux64_1.0.100.202509120712/tools/bin/../lib/gcc/arm-none-eabi/13.3.1/thumb/v7e-m+fp/hard/crtbegin.o
LOAD /home/saeedbzrgn/st/stm32cubeide_2.0.0/plugins/com.st.stm32cube.ide.mcu.externaltools.gnu-tools-for-stm32.13.3.rel1.linux64_1.0.100.202509120712/tools/bin/../lib/gcc/arm-none-eabi/13.3.1/../../../../arm-none-eabi/lib/thumb/v7e-m+fp/hard/crt0.o
LOAD ./Core/Src/freertos.o
LOAD ./Core/Src/main.o
LOAD ./Core/Src/stm32f4xx_hal_msp.o
LOAD ./Core/Src/stm32f4xx_hal_timebase_tim.o
LOAD ./Core/Src/stm32f4xx_it.o
LOAD ./Core/Src/syscalls.o
LOAD ./Core/Src/sysmem.o
LOAD ./Core/Src/system_stm32f4xx.o
LOAD ./Core/Startup/startup_stm32f405rgtx.o
LOAD ./Drivers/STM32F4xx_HAL_Driver/Src/stm32f4xx_hal.o
LOAD ./Drivers/STM32F4xx_HAL_Driver/Src/stm32f4xx_hal_cortex.o
LOAD ./Drivers/STM32F4xx_HAL_Driver/Src/stm32f4xx_hal_dma.o
LOAD ./Drivers/STM32F4xx_HAL_Driver/Src/stm32f4xx_hal_dma_ex.o
LOAD ./Drivers/STM32F4xx_HAL_Driver/Src/stm32f4xx_hal_exti.o
LOAD ./Drivers/STM32F4xx_HAL_Driver/Src/stm32f4xx_hal_flash.o
LOAD ./Drivers/STM32F4xx_HAL_Driver/Src/stm32f4xx_hal_flash_ex.o
LOAD ./Drivers/STM32F4xx_HAL_Driver/Src/stm32f4xx_hal_flash_ramfunc.o
LOAD ./Drivers/STM32F4xx_HAL_Driver/Src/stm32f4xx_hal_gpio.o
LOAD ./Drivers/STM32F4xx_HAL_Driver/Src/stm32f4xx_hal_pwr.o
LOAD ./Drivers/STM32F4xx_HAL_Driver/Src/stm32f4xx_hal_pwr_ex.o
LOAD ./Drivers/STM32F4xx_HAL_Driver/Src/stm32f4xx_hal_rcc.o
LOAD ./Drivers/STM32F4xx_HAL_Driver/Src/stm32f4xx_hal_rcc_ex.o
LOAD ./Drivers/STM32F4xx_HAL_Driver/Src/stm32f4xx_hal_tim.o
LOAD ./Drivers/STM32F4xx_HAL_Driver/Src/stm32f4xx_hal_tim_ex.o
LOAD ./Drivers/STM32F4xx_HAL_Driver/Src/stm32f4xx_hal_uart.o
LOAD ./Lib/ringBuffer_STM32/rbuf.o
LOAD ./Middlewares/Third_Party/FreeRTOS/Source/CMSIS_RTOS/cmsis_os.o
LOAD ./Middlewares/Third_Party/FreeRTOS/Source/croutine.o
LOAD ./Middlewares/Third_Party/FreeRTOS/Source/event_groups.o
LOAD ./Middlewares/Third_Party/FreeRTOS/Source/list.o
LOAD ./Middlewares/Third_Party/FreeRTOS/Source/queue.o
LOAD ./Middlewares/Third_Party/FreeRTOS/Source/stream_buffer.o
LOAD ./Middlewares/Third_Party/FreeRTOS/Source/tasks.o
LOAD ./Middlewares/Third_Party/FreeRTOS/Source/timers.o
LOAD ./Middlewares/Third_Party/FreeRTOS/Source/portable/GCC/ARM_CM4F/port.o
LOAD ./Middlewares/Third_Party/FreeRTOS/Source/portable/MemMang/heap_4.o
START GROUP
LOAD /home/saeedbzrgn/st/stm32cubeide_2.0.0/plugins/com.st.stm32cube.ide.mcu.externaltools.gnu-tools-for-stm32.13.3.rel1.linux64_1.0.100.202509120712/tools/bin/../lib/gcc/arm-none-eabi/13.3.1/../../../../arm-none-eabi/lib/thumb/v7e-m+fp/hard/libc_nano.a
LOAD /home/saeedbzrgn/st/stm32cubeide_2.0.0/plugins/com.st.stm32cube.ide.mcu.externaltools.gnu-tools-for-stm32.13.3.rel1.linux64_1.0.100.202509120712/tools/bin/../lib/gcc/arm-none-eabi/13.3.1/../../../../arm-none-eabi/lib/thumb/v7e-m+fp/hard/libm.a
END GROUP
START GROUP
LOAD /home/saeedbzrgn/st/stm32cubeide_2.0.0/plugins/com.st.stm32cube.ide.mcu.externaltools.gnu-tools-for-stm32.13.3.rel1.linux64_1.0.100.202509120712/tools/bin/../lib/gcc/arm-none-eabi/13.3.1/thumb/v7e-m+fp/hard/libgcc.a
LOAD /home/saeedbzrgn/st/stm32cubeide_2.0.0/plugins/com.st.stm32cube.ide.mcu.externaltools.gnu-tools-for-stm32.13.3.rel1.linux64_1.0.100.202509120712/tools/bin/../lib/gcc/arm-none-eabi/13.3.1/../../../../arm-none-eabi/lib/thumb/v7e-m+fp/hard/libc_nano.a
END GROUP
START GROUP
LOAD /home/saeedbzrgn/st/stm32cubeide_2.0.0/plugins/com.st.stm32cube.ide.mcu.externaltools.gnu-tools-for-stm32.13.3.rel1.linux64_1.0.100.202509120712/tools/bin/../lib/gcc/arm-none-eabi/13.3.1/thumb/v7e-m+fp/hard/libgcc.a
LOAD /home/saeedbzrgn/st/stm32cubeide_2.0.0/plugins/com.st.stm32cube.ide.mcu.externaltools.gnu-tools-for-stm32.13.3.rel1.linux64_1.0.100.202509120712/tools/bin/../lib/gcc/arm-none-eabi/13.3.1/../../../../arm-none-eabi/lib/thumb/v7e-m+fp/hard/libc_nano.a
LOAD /home/saeedbzrgn/st/stm32cubeide_2.0.0/plugins/com.st.stm32cube.ide.mcu.externaltools.gnu-tools-for-stm32.13.3.rel1.linux64_1.0.100.202509120712/tools/bin/../lib/gcc/arm-none-eabi/13.3.1/../../../../arm-none-eabi/lib/thumb/v7e-m+fp/hard/libnosys.a
END GROUP
START GROUP
LOAD /home/saeedbzrgn/st/stm32cubeide_2.0.0/plugins/com.st.stm32cube.ide.mcu.externaltools.gnu-tools-for-stm32.13.3.rel1.linux64_1.0.100.202509120712/tools/bin/../lib/gcc/arm-none-eabi/13.3.1/thumb/v7e-m+fp/hard/libgcc.a
LOAD /home/saeedbzrgn/st/stm32cubeide_2.0.0/plugins/com.st.stm32cube.ide.mcu.externaltools.gnu-tools-for-stm32.13.3.rel1.linux64_1.0.100.202509120712/tools/bin/../lib/gcc/arm-none-eabi/13.3.1/../../../../arm-none-eabi/lib/thumb/v7e-m+fp/hard/libc_nano.a
LOAD /home/saeedbzrgn/st/stm32cubeide_2.0.0/plugins/com.st.stm32cube.ide.mcu.externaltools.gnu-tools-for-stm32.13.3.rel1.linux64_1.0.100.202509120712/tools/bin/../lib/gcc/arm-none-eabi/13.3.1/../../../../arm-none-eabi/lib/thumb/v7e-m+fp/hard/libnosys.a
END GROUP
LOAD /home/saeedbzrgn/st/stm32cubeide_2.0.0/plugins/com.st.stm32cube.ide.mcu.externaltools.gnu-tools-for-stm32.13.3.rel1.linux64_1.0.100.202509120712/tools/bin/../lib/gcc/arm-none-eabi/13.3.1/thumb/v7e-m+fp/hard/crtend.o
LOAD /home/saeedbzrgn/st/stm32cubeide_2.0.0/plugins/com.st.stm32cube.ide.mcu.externaltools.gnu-tools-for-stm32.13.3.rel1.linux64_1.0.100.202509120712/tools/bin/../lib/gcc/arm-none-eabi/13.3.1/thumb/v7e-m+fp/hard/crtn.o
                0x20020000                        _estack = (ORIGIN (RAM) + LENGTH (RAM))
                0x00000200                        _Min_Heap_Size = 0x200
                0x00000400                        _Min_Stack_Size = 0x400

.isr_vector     0x08000000      0x188
                0x08000000                        . = ALIGN (0x4)
 *(.isr_vector)
 .isr_vector    0x08000000      0x188 ./Core/Startup/startup_stm32f405rgtx.o
                0x08000000                g_pfnVectors
                0x08000188                        . = ALIGN (0x4)

.text           0x08000190     0x6240
                0x08000190                        . = ALIGN (0x4)
 *(.text)
 .text          0x08000190       0x40 /home/saeedbzrgn/st/stm32cubeide_2.0.0/plugins/com.st.stm32cube.ide.mcu.externaltools.gnu-tools-for-stm32.13.3.rel1.linux64_1.0.100.202509120712/tools/bin/../lib/gcc/arm-none-eabi/13.3.1/thumb/v7e-m+fp/hard/crtbegin.o
 .text          0x080001d0       0x30 /home/saeedbzrgn/st/stm32cubeide_2.0.0/plugins/com.st.stm32cube.ide.mcu.externaltools.gnu-tools-for-stm32.13.3.rel1.linux64_1.0.100.202509120712/tools/bin/../lib/gcc/arm-none-eabi/13.3.1/thumb/v7e-m+fp/hard/libgcc.a(_aeabi_uldivmod.o)
                0x080001d0                __aeabi_uldivmod
 .text          0x08000200      0x2f8 /home/saeedbzrgn/st/stm32cubeide_2.0.0/plugins/com.st.stm32cube.ide.mcu.externaltools.gnu-tools-for-stm32.13.3.rel1.linux64_1.0.100.202509120712/tools/bin/../lib/gcc/arm-none-eabi/13.3.1/thumb/v7e-m+fp/hard/libgcc.a(_udivmoddi4.o)
                0x08000200                __udivmoddi4
 .text          0x080004f8        0x4 /home/saeedbzrgn/st/stm32cubeide_2.0.0/plugins/com.st.stm32cube.ide.mcu.externaltools.gnu-tools-for-stm32.13.3.rel1.linux64_1.0.100.202509120712/tools/bin/../lib/gcc/arm-none-eabi/13.3.1/thumb/v7e-m+fp/hard/libgcc.a(_dvmd_tls.o)
                0x080004f8                __aeabi_ldiv0
                0x080004f8                __aeabi_idiv0
 *(.text*)
 .text.vApplicationGetIdleTaskMemory
                0x080004fc       0x34 ./Core/Src/freertos.o
                0x080004fc                vApplicationGetIdleTaskMemory
 .text.main     0x08000530      0x1b4 ./Core/Src/main.o
                0x08000530                main
 .text.SystemClock_Config
                0x080006e4       0xd4 ./Core/Src/main.o
                0x080006e4                SystemClock_Config
 .text.MX_UART5_Init
                0x080007b8       0x54 ./Core/Src/main.o
 .text.MX_USART3_UART_Init
                0x0800080c       0x54 ./Core/Src/main.o
 .text.MX_USART6_UART_Init
                0x08000860       0x54 ./Core/Src/main.o
 .text.MX_GPIO_Init
                0x080008b4      0x138 ./Core/Src/main.o
 .text.update_crc
                0x080009ec       0x64 ./Core/Src/main.o
                0x080009ec                update_crc
 .text.ReadPos_Request
                0x08000a50       0xfc ./Core/Src/main.o
                0x08000a50                ReadPos_Request
 .text.Pos_Calculate
                0x08000b4c       0x30 ./Core/Src/main.o
                0x08000b4c                Pos_Calculate
 .text.HAL_UART_TxCpltCallback
                0x08000b7c       0x6c ./Core/Src/main.o
                0x08000b7c                HAL_UART_TxCpltCallback
 .text.HAL_UART_RxCpltCallback
                0x08000be8      0x188 ./Core/Src/main.o
                0x08000be8                HAL_UART_RxCpltCallback
 .text.StartDefaultTask
                0x08000d70       0x58 ./Core/Src/main.o
                0x08000d70                StartDefaultTask
 .text.StartReadPositionU3Task
                0x08000dc8       0x80 ./Core/Src/main.o
                0x08000dc8                StartReadPositionU3Task
 .text.StartReadPositionU5Task
                0x08000e48       0x80 ./Core/Src/main.o
                0x08000e48                StartReadPositionU5Task
 .text.StartReadPositionU6Task
                0x08000ec8       0x80 ./Core/Src/main.o
                0x08000ec8                StartReadPositionU6Task
 .text.HAL_TIM_PeriodElapsedCallback
                0x08000f48       0x24 ./Core/Src/main.o
                0x08000f48                HAL_TIM_PeriodElapsedCallback
 .text.Error_Handler
                0x08000f6c       0x18 ./Core/Src/main.o
                0x08000f6c                Error_Handler
 .text.HAL_MspInit
                0x08000f84       0x58 ./Core/Src/stm32f4xx_hal_msp.o
                0x08000f84                HAL_MspInit
 .text.HAL_UART_MspInit
                0x08000fdc      0x1d4 ./Core/Src/stm32f4xx_hal_msp.o
                0x08000fdc                HAL_UART_MspInit
 .text.HAL_InitTick
                0x080011b0       0xf8 ./Core/Src/stm32f4xx_hal_timebase_tim.o
                0x080011b0                HAL_InitTick
 .text.NMI_Handler
                0x080012a8        0x8 ./Core/Src/stm32f4xx_it.o
                0x080012a8                NMI_Handler
 .text.HardFault_Handler
                0x080012b0        0x8 ./Core/Src/stm32f4xx_it.o
                0x080012b0                HardFault_Handler
 .text.MemManage_Handler
                0x080012b8        0x8 ./Core/Src/stm32f4xx_it.o
                0x080012b8                MemManage_Handler
 .text.BusFault_Handler
                0x080012c0        0x8 ./Core/Src/stm32f4xx_it.o
                0x080012c0                BusFault_Handler
 .text.UsageFault_Handler
                0x080012c8        0x8 ./Core/Src/stm32f4xx_it.o
                0x080012c8                UsageFault_Handler
 .text.DebugMon_Handler
                0x080012d0        0xe ./Core/Src/stm32f4xx_it.o
                0x080012d0                DebugMon_Handler
 *fill*         0x080012de        0x2 
 .text.USART3_IRQHandler
                0x080012e0       0x14 ./Core/Src/stm32f4xx_it.o
                0x080012e0                USART3_IRQHandler
 .text.TIM8_TRG_COM_TIM14_IRQHandler
                0x080012f4       0x14 ./Core/Src/stm32f4xx_it.o
                0x080012f4                TIM8_TRG_COM_TIM14_IRQHandler
 .text.UART5_IRQHandler
                0x08001308       0x14 ./Core/Src/stm32f4xx_it.o
                0x08001308                UART5_IRQHandler
 .text.USART6_IRQHandler
                0x0800131c       0x14 ./Core/Src/stm32f4xx_it.o
                0x0800131c                USART6_IRQHandler
 .text._sbrk    0x08001330       0x6c ./Core/Src/sysmem.o
                0x08001330                _sbrk
 .text.SystemInit
                0x0800139c       0x24 ./Core/Src/system_stm32f4xx.o
                0x0800139c                SystemInit
 .text.Reset_Handler
                0x080013c0       0x50 ./Core/Startup/startup_stm32f405rgtx.o
                0x080013c0                Reset_Handler
 .text.Default_Handler
                0x08001410        0x2 ./Core/Startup/startup_stm32f405rgtx.o
                0x08001410                RTC_Alarm_IRQHandler
                0x08001410                HASH_RNG_IRQHandler
                0x08001410                EXTI2_IRQHandler
                0x08001410                TIM8_CC_IRQHandler
                0x08001410                TIM1_CC_IRQHandler
                0x08001410                DMA2_Stream5_IRQHandler
                0x08001410                DMA1_Stream5_IRQHandler
                0x08001410                PVD_IRQHandler
                0x08001410                SDIO_IRQHandler
                0x08001410                TAMP_STAMP_IRQHandler
                0x08001410                CAN2_RX1_IRQHandler
                0x08001410                EXTI3_IRQHandler
                0x08001410                TIM1_UP_TIM10_IRQHandler
                0x08001410                TIM8_UP_TIM13_IRQHandler
                0x08001410                I2C3_ER_IRQHandler
                0x08001410                EXTI0_IRQHandler
                0x08001410                I2C2_EV_IRQHandler
                0x08001410                DMA1_Stream2_IRQHandler
                0x08001410                CAN1_RX0_IRQHandler
                0x08001410                FPU_IRQHandler
                0x08001410                OTG_HS_WKUP_IRQHandler
                0x08001410                CAN2_SCE_IRQHandler
                0x08001410                DMA2_Stream2_IRQHandler
                0x08001410                SPI1_IRQHandler
                0x08001410                TIM6_DAC_IRQHandler
                0x08001410                TIM1_BRK_TIM9_IRQHandler
                0x08001410                CAN2_RX0_IRQHandler
                0x08001410                DMA2_Stream3_IRQHandler
                0x08001410                CAN1_RX1_IRQHandler
                0x08001410                DMA2_Stream0_IRQHandler
                0x08001410                TIM4_IRQHandler
                0x08001410                I2C1_EV_IRQHandler
                0x08001410                DMA1_Stream6_IRQHandler
                0x08001410                DMA1_Stream1_IRQHandler
                0x08001410                UART4_IRQHandler
                0x08001410                TIM3_IRQHandler
                0x08001410                RCC_IRQHandler
                0x08001410                TIM8_BRK_TIM12_IRQHandler
                0x08001410                Default_Handler
                0x08001410                EXTI15_10_IRQHandler
                0x08001410                ADC_IRQHandler
                0x08001410                DMA1_Stream7_IRQHandler
                0x08001410                TIM7_IRQHandler
                0x08001410                CAN2_TX_IRQHandler
                0x08001410                TIM5_IRQHandler
                0x08001410                DMA2_Stream7_IRQHandler
                0x08001410                I2C3_EV_IRQHandler
                0x08001410                EXTI9_5_IRQHandler
                0x08001410                RTC_WKUP_IRQHandler
                0x08001410                SPI2_IRQHandler
                0x08001410                OTG_HS_EP1_IN_IRQHandler
                0x08001410                DMA1_Stream0_IRQHandler
                0x08001410                CAN1_TX_IRQHandler
                0x08001410                EXTI4_IRQHandler
                0x08001410                FSMC_IRQHandler
                0x08001410                OTG_HS_EP1_OUT_IRQHandler
                0x08001410                WWDG_IRQHandler
                0x08001410                TIM2_IRQHandler
                0x08001410                OTG_FS_WKUP_IRQHandler
                0x08001410                TIM1_TRG_COM_TIM11_IRQHandler
                0x08001410                OTG_HS_IRQHandler
                0x08001410                EXTI1_IRQHandler
                0x08001410                USART2_IRQHandler
                0x08001410                I2C2_ER_IRQHandler
                0x08001410                DMA2_Stream1_IRQHandler
                0x08001410                CAN1_SCE_IRQHandler
                0x08001410                FLASH_IRQHandler
                0x08001410                DMA2_Stream4_IRQHandler
                0x08001410                USART1_IRQHandler
                0x08001410                OTG_FS_IRQHandler
                0x08001410                SPI3_IRQHandler
                0x08001410                DMA1_Stream4_IRQHandler
                0x08001410                I2C1_ER_IRQHandler
                0x08001410                DMA2_Stream6_IRQHandler
                0x08001410                DMA1_Stream3_IRQHandler
 *fill*         0x08001412        0x2 
 .text.HAL_Init
                0x08001414       0x44 ./Drivers/STM32F4xx_HAL_Driver/Src/stm32f4xx_hal.o
                0x08001414                HAL_Init
 .text.HAL_IncTick
                0x08001458       0x28 ./Drivers/STM32F4xx_HAL_Driver/Src/stm32f4xx_hal.o
                0x08001458                HAL_IncTick
 .text.HAL_GetTick
                0x08001480       0x18 ./Drivers/STM32F4xx_HAL_Driver/Src/stm32f4xx_hal.o
                0x08001480                HAL_GetTick
 .text.__NVIC_SetPriorityGrouping
                0x08001498       0x48 ./Drivers/STM32F4xx_HAL_Driver/Src/stm32f4xx_hal_cortex.o
 .text.__NVIC_GetPriorityGrouping
                0x080014e0       0x1c ./Drivers/STM32F4xx_HAL_Driver/Src/stm32f4xx_hal_cortex.o
 .text.__NVIC_EnableIRQ
                0x080014fc       0x3c ./Drivers/STM32F4xx_HAL_Driver/Src/stm32f4xx_hal_cortex.o
 .text.__NVIC_SetPriority
                0x08001538       0x54 ./Drivers/STM32F4xx_HAL_Driver/Src/stm32f4xx_hal_cortex.o
 .text.NVIC_EncodePriority
                0x0800158c       0x66 ./Drivers/STM32F4xx_HAL_Driver/Src/stm32f4xx_hal_cortex.o
 .text.HAL_NVIC_SetPriorityGrouping
                0x080015f2       0x16 ./Drivers/STM32F4xx_HAL_Driver/Src/stm32f4xx_hal_cortex.o
                0x080015f2                HAL_NVIC_SetPriorityGrouping
 .text.HAL_NVIC_SetPriority
                0x08001608       0x38 ./Drivers/STM32F4xx_HAL_Driver/Src/stm32f4xx_hal_cortex.o
                0x08001608                HAL_NVIC_SetPriority
 .text.HAL_NVIC_EnableIRQ
                0x08001640       0x1c ./Drivers/STM32F4xx_HAL_Driver/Src/stm32f4xx_hal_cortex.o
                0x08001640                HAL_NVIC_EnableIRQ
 .text.HAL_DMA_Abort
                0x0800165c       0xe0 ./Drivers/STM32F4xx_HAL_Driver/Src/stm32f4xx_hal_dma.o
                0x0800165c                HAL_DMA_Abort
 .text.HAL_DMA_Abort_IT
                0x0800173c       0x44 ./Drivers/STM32F4xx_HAL_Driver/Src/stm32f4xx_hal_dma.o
                0x0800173c                HAL_DMA_Abort_IT
 .text.HAL_GPIO_Init
                0x08001780      0x338 ./Drivers/STM32F4xx_HAL_Driver/Src/stm32f4xx_hal_gpio.o
                0x08001780                HAL_GPIO_Init
 .text.HAL_GPIO_WritePin
                0x08001ab8       0x32 ./Drivers/STM32F4xx_HAL_Driver/Src/stm32f4xx_hal_gpio.o
                0x08001ab8                HAL_GPIO_WritePin
 .text.HAL_GPIO_TogglePin
                0x08001aea       0x34 ./Drivers/STM32F4xx_HAL_Driver/Src/stm32f4xx_hal_gpio.o
                0x08001aea                HAL_GPIO_TogglePin
 *fill*         0x08001b1e        0x2 
 .text.HAL_RCC_OscConfig
                0x08001b20      0x4f0 ./Drivers/STM32F4xx_HAL_Driver/Src/stm32f4xx_hal_rcc.o
                0x08001b20                HAL_RCC_OscConfig
 .text.HAL_RCC_ClockConfig
                0x08002010      0x1cc ./Drivers/STM32F4xx_HAL_Driver/Src/stm32f4xx_hal_rcc.o
                0x08002010                HAL_RCC_ClockConfig
 .text.HAL_RCC_GetSysClockFreq
                0x080021dc      0x20c ./Drivers/STM32F4xx_HAL_Driver/Src/stm32f4xx_hal_rcc.o
                0x080021dc                HAL_RCC_GetSysClockFreq
 .text.HAL_RCC_GetHCLKFreq
                0x080023e8       0x18 ./Drivers/STM32F4xx_HAL_Driver/Src/stm32f4xx_hal_rcc.o
                0x080023e8                HAL_RCC_GetHCLKFreq
 .text.HAL_RCC_GetPCLK1Freq
                0x08002400       0x28 ./Drivers/STM32F4xx_HAL_Driver/Src/stm32f4xx_hal_rcc.o
                0x08002400                HAL_RCC_GetPCLK1Freq
 .text.HAL_RCC_GetPCLK2Freq
                0x08002428       0x28 ./Drivers/STM32F4xx_HAL_Driver/Src/stm32f4xx_hal_rcc.o
                0x08002428                HAL_RCC_GetPCLK2Freq
 .text.HAL_RCC_GetClockConfig
                0x08002450       0x64 ./Drivers/STM32F4xx_HAL_Driver/Src/stm32f4xx_hal_rcc.o
                0x08002450                HAL_RCC_GetClockConfig
 .text.HAL_TIM_Base_Init
                0x080024b4       0x9e ./Drivers/STM32F4xx_HAL_Driver/Src/stm32f4xx_hal_tim.o
                0x080024b4                HAL_TIM_Base_Init
 .text.HAL_TIM_Base_MspInit
                0x08002552       0x14 ./Drivers/STM32F4xx_HAL_Driver/Src/stm32f4xx_hal_tim.o
                0x08002552                HAL_TIM_Base_MspInit
 *fill*         0x08002566        0x2 
 .text.HAL_TIM_Base_Start_IT
                0x08002568       0xe0 ./Drivers/STM32F4xx_HAL_Driver/Src/stm32f4xx_hal_tim.o
                0x08002568                HAL_TIM_Base_Start_IT
 .text.HAL_TIM_IRQHandler
                0x08002648      0x1e0 ./Drivers/STM32F4xx_HAL_Driver/Src/stm32f4xx_hal_tim.o
                0x08002648                HAL_TIM_IRQHandler
 .text.HAL_TIM_OC_DelayElapsedCallback
                0x08002828       0x14 ./Drivers/STM32F4xx_HAL_Driver/Src/stm32f4xx_hal_tim.o
                0x08002828                HAL_TIM_OC_DelayElapsedCallback
 .text.HAL_TIM_IC_CaptureCallback
                0x0800283c       0x14 ./Drivers/STM32F4xx_HAL_Driver/Src/stm32f4xx_hal_tim.o
                0x0800283c                HAL_TIM_IC_CaptureCallback
 .text.HAL_TIM_PWM_PulseFinishedCallback
                0x08002850       0x14 ./Drivers/STM32F4xx_HAL_Driver/Src/stm32f4xx_hal_tim.o
                0x08002850                HAL_TIM_PWM_PulseFinishedCallback
 .text.HAL_TIM_TriggerCallback
                0x08002864       0x14 ./Drivers/STM32F4xx_HAL_Driver/Src/stm32f4xx_hal_tim.o
                0x08002864                HAL_TIM_TriggerCallback
 .text.TIM_Base_SetConfig
                0x08002878      0x14c ./Drivers/STM32F4xx_HAL_Driver/Src/stm32f4xx_hal_tim.o
                0x08002878                TIM_Base_SetConfig
 .text.HAL_TIMEx_CommutCallback
                0x080029c4       0x14 ./Drivers/STM32F4xx_HAL_Driver/Src/stm32f4xx_hal_tim_ex.o
                0x080029c4                HAL_TIMEx_CommutCallback
 .text.HAL_TIMEx_BreakCallback
                0x080029d8       0x14 ./Drivers/STM32F4xx_HAL_Driver/Src/stm32f4xx_hal_tim_ex.o
                0x080029d8                HAL_TIMEx_BreakCallback
 .text.HAL_UART_Init
                0x080029ec       0xa0 ./Drivers/STM32F4xx_HAL_Driver/Src/stm32f4xx_hal_uart.o
                0x080029ec                HAL_UART_Init
 .text.HAL_UART_Transmit_IT
                0x08002a8c       0x6c ./Drivers/STM32F4xx_HAL_Driver/Src/stm32f4xx_hal_uart.o
                0x08002a8c                HAL_UART_Transmit_IT
 .text.HAL_UART_Receive_IT
                0x08002af8       0x4a ./Drivers/STM32F4xx_HAL_Driver/Src/stm32f4xx_hal_uart.o
                0x08002af8                HAL_UART_Receive_IT
 *fill*         0x08002b42        0x2 
 .text.HAL_UART_IRQHandler
                0x08002b44      0x554 ./Drivers/STM32F4xx_HAL_Driver/Src/stm32f4xx_hal_uart.o
                0x08002b44                HAL_UART_IRQHandler
 .text.HAL_UART_ErrorCallback
                0x08003098       0x14 ./Drivers/STM32F4xx_HAL_Driver/Src/stm32f4xx_hal_uart.o
                0x08003098                HAL_UART_ErrorCallback
 .text.HAL_UARTEx_RxEventCallback
                0x080030ac       0x18 ./Drivers/STM32F4xx_HAL_Driver/Src/stm32f4xx_hal_uart.o
                0x080030ac                HAL_UARTEx_RxEventCallback
 .text.UART_Start_Receive_IT
                0x080030c4       0x74 ./Drivers/STM32F4xx_HAL_Driver/Src/stm32f4xx_hal_uart.o
                0x080030c4                UART_Start_Receive_IT
 .text.UART_EndRxTransfer
                0x08003138       0xc6 ./Drivers/STM32F4xx_HAL_Driver/Src/stm32f4xx_hal_uart.o
 .text.UART_DMAAbortOnError
                0x080031fe       0x22 ./Drivers/STM32F4xx_HAL_Driver/Src/stm32f4xx_hal_uart.o
 .text.UART_Transmit_IT
                0x08003220       0xa0 ./Drivers/STM32F4xx_HAL_Driver/Src/stm32f4xx_hal_uart.o
 .text.UART_EndTransmit_IT
                0x080032c0       0x30 ./Drivers/STM32F4xx_HAL_Driver/Src/stm32f4xx_hal_uart.o
 .text.UART_Receive_IT
                0x080032f0      0x17c ./Drivers/STM32F4xx_HAL_Driver/Src/stm32f4xx_hal_uart.o
 .text.UART_SetConfig
                0x0800346c      0x4e8 ./Drivers/STM32F4xx_HAL_Driver/Src/stm32f4xx_hal_uart.o
 .text.RBUF_Init
                0x08003954       0x6e ./Lib/ringBuffer_STM32/rbuf.o
                0x08003954                RBUF_Init
 .text.RBUF_IsFull
                0x080039c2       0x26 ./Lib/ringBuffer_STM32/rbuf.o
                0x080039c2                RBUF_IsFull
 .text.RBUF_IsEmpty
                0x080039e8       0x22 ./Lib/ringBuffer_STM32/rbuf.o
                0x080039e8                RBUF_IsEmpty
 .text.RBUF_Push
                0x08003a0a       0x68 ./Lib/ringBuffer_STM32/rbuf.o
                0x08003a0a                RBUF_Push
 .text.RBUF_Pop
                0x08003a72       0x68 ./Lib/ringBuffer_STM32/rbuf.o
                0x08003a72                RBUF_Pop
 .text.makeFreeRtosPriority
                0x08003ada       0x30 ./Middlewares/Third_Party/FreeRTOS/Source/CMSIS_RTOS/cmsis_os.o
 .text.osKernelStart
                0x08003b0a        0xe ./Middlewares/Third_Party/FreeRTOS/Source/CMSIS_RTOS/cmsis_os.o
                0x08003b0a                osKernelStart
 .text.osThreadCreate
                0x08003b18       0x98 ./Middlewares/Third_Party/FreeRTOS/Source/CMSIS_RTOS/cmsis_os.o
                0x08003b18                osThreadCreate
 .text.osDelay  0x08003bb0       0x28 ./Middlewares/Third_Party/FreeRTOS/Source/CMSIS_RTOS/cmsis_os.o
                0x08003bb0                osDelay
 .text.osSemaphoreCreate
                0x08003bd8       0x64 ./Middlewares/Third_Party/FreeRTOS/Source/CMSIS_RTOS/cmsis_os.o
                0x08003bd8                osSemaphoreCreate
 .text.vListInitialise
                0x08003c3c       0x40 ./Middlewares/Third_Party/FreeRTOS/Source/list.o
                0x08003c3c                vListInitialise
 .text.vListInitialiseItem
                0x08003c7c       0x1a ./Middlewares/Third_Party/FreeRTOS/Source/list.o
                0x08003c7c                vListInitialiseItem
 .text.vListInsertEnd
                0x08003c96       0x48 ./Middlewares/Third_Party/FreeRTOS/Source/list.o
                0x08003c96                vListInsertEnd
 .text.vListInsert
                0x08003cde       0x72 ./Middlewares/Third_Party/FreeRTOS/Source/list.o
                0x08003cde                vListInsert
 .text.uxListRemove
                0x08003d50       0x54 ./Middlewares/Third_Party/FreeRTOS/Source/list.o
                0x08003d50                uxListRemove
 .text.xQueueGenericReset
                0x08003da4       0xd4 ./Middlewares/Third_Party/FreeRTOS/Source/queue.o
                0x08003da4                xQueueGenericReset
 .text.xQueueGenericCreateStatic
                0x08003e78       0xfa ./Middlewares/Third_Party/FreeRTOS/Source/queue.o
                0x08003e78                xQueueGenericCreateStatic
 .text.xQueueGenericCreate
                0x08003f72       0x76 ./Middlewares/Third_Party/FreeRTOS/Source/queue.o
                0x08003f72                xQueueGenericCreate
 .text.prvInitialiseNewQueue
                0x08003fe8       0x3e ./Middlewares/Third_Party/FreeRTOS/Source/queue.o
 *fill*         0x08004026        0x2 
 .text.xQueueGenericSend
                0x08004028      0x204 ./Middlewares/Third_Party/FreeRTOS/Source/queue.o
                0x08004028                xQueueGenericSend
 .text.xQueueGiveFromISR
                0x0800422c      0x120 ./Middlewares/Third_Party/FreeRTOS/Source/queue.o
                0x0800422c                xQueueGiveFromISR
 .text.xQueueSemaphoreTake
                0x0800434c      0x220 ./Middlewares/Third_Party/FreeRTOS/Source/queue.o
                0x0800434c                xQueueSemaphoreTake
 .text.prvGetDisinheritPriorityAfterTimeout
                0x0800456c       0x30 ./Middlewares/Third_Party/FreeRTOS/Source/queue.o
 .text.prvCopyDataToQueue
                0x0800459c       0xd4 ./Middlewares/Third_Party/FreeRTOS/Source/queue.o
 .text.prvUnlockQueue
                0x08004670       0xa4 ./Middlewares/Third_Party/FreeRTOS/Source/queue.o
 .text.prvIsQueueEmpty
                0x08004714       0x2c ./Middlewares/Third_Party/FreeRTOS/Source/queue.o
 .text.prvIsQueueFull
                0x08004740       0x30 ./Middlewares/Third_Party/FreeRTOS/Source/queue.o
 .text.xTaskCreateStatic
                0x08004770       0xc0 ./Middlewares/Third_Party/FreeRTOS/Source/tasks.o
                0x08004770                xTaskCreateStatic
 .text.xTaskCreate
                0x08004830       0x8a ./Middlewares/Third_Party/FreeRTOS/Source/tasks.o
                0x08004830                xTaskCreate
 *fill*         0x080048ba        0x2 
 .text.prvInitialiseNewTask
                0x080048bc      0x140 ./Middlewares/Third_Party/FreeRTOS/Source/tasks.o
 .text.prvAddNewTaskToReadyList
                0x080049fc       0xd4 ./Middlewares/Third_Party/FreeRTOS/Source/tasks.o
 .text.vTaskDelay
                0x08004ad0       0x6c ./Middlewares/Third_Party/FreeRTOS/Source/tasks.o
                0x08004ad0                vTaskDelay
 .text.vTaskStartScheduler
                0x08004b3c       0xd4 ./Middlewares/Third_Party/FreeRTOS/Source/tasks.o
                0x08004b3c                vTaskStartScheduler
 .text.vTaskSuspendAll
                0x08004c10       0x1c ./Middlewares/Third_Party/FreeRTOS/Source/tasks.o
                0x08004c10                vTaskSuspendAll
 .text.xTaskResumeAll
                0x08004c2c      0x13c ./Middlewares/Third_Party/FreeRTOS/Source/tasks.o
                0x08004c2c                xTaskResumeAll
 .text.xTaskIncrementTick
                0x08004d68      0x174 ./Middlewares/Third_Party/FreeRTOS/Source/tasks.o
                0x08004d68                xTaskIncrementTick
 .text.vTaskSwitchContext
                0x08004edc       0xc8 ./Middlewares/Third_Party/FreeRTOS/Source/tasks.o
                0x08004edc                vTaskSwitchContext
 .text.vTaskPlaceOnEventList
                0x08004fa4       0x4c ./Middlewares/Third_Party/FreeRTOS/Source/tasks.o
                0x08004fa4                vTaskPlaceOnEventList
 .text.xTaskRemoveFromEventList
                0x08004ff0       0xc8 ./Middlewares/Third_Party/FreeRTOS/Source/tasks.o
                0x08004ff0                xTaskRemoveFromEventList
 .text.vTaskInternalSetTimeOutState
                0x080050b8       0x2c ./Middlewares/Third_Party/FreeRTOS/Source/tasks.o
                0x080050b8                vTaskInternalSetTimeOutState
 .text.xTaskCheckForTimeOut
                0x080050e4       0xc8 ./Middlewares/Third_Party/FreeRTOS/Source/tasks.o
                0x080050e4                xTaskCheckForTimeOut
 .text.vTaskMissedYield
                0x080051ac       0x18 ./Middlewares/Third_Party/FreeRTOS/Source/tasks.o
                0x080051ac                vTaskMissedYield
 .text.prvIdleTask
                0x080051c4       0x30 ./Middlewares/Third_Party/FreeRTOS/Source/tasks.o
 .text.prvInitialiseTaskLists
                0x080051f4       0x80 ./Middlewares/Third_Party/FreeRTOS/Source/tasks.o
 .text.prvCheckTasksWaitingTermination
                0x08005274       0x5c ./Middlewares/Third_Party/FreeRTOS/Source/tasks.o
 .text.prvDeleteTCB
                0x080052d0       0x6a ./Middlewares/Third_Party/FreeRTOS/Source/tasks.o
 *fill*         0x0800533a        0x2 
 .text.prvResetNextTaskUnblockTime
                0x0800533c       0x40 ./Middlewares/Third_Party/FreeRTOS/Source/tasks.o
 .text.xTaskGetSchedulerState
                0x0800537c       0x3c ./Middlewares/Third_Party/FreeRTOS/Source/tasks.o
                0x0800537c                xTaskGetSchedulerState
 .text.xTaskPriorityInherit
                0x080053b8       0xec ./Middlewares/Third_Party/FreeRTOS/Source/tasks.o
                0x080053b8                xTaskPriorityInherit
 .text.xTaskPriorityDisinherit
                0x080054a4      0x110 ./Middlewares/Third_Party/FreeRTOS/Source/tasks.o
                0x080054a4                xTaskPriorityDisinherit
 .text.vTaskPriorityDisinheritAfterTimeout
                0x080055b4      0x120 ./Middlewares/Third_Party/FreeRTOS/Source/tasks.o
                0x080055b4                vTaskPriorityDisinheritAfterTimeout
 .text.pvTaskIncrementMutexHeldCount
                0x080056d4       0x28 ./Middlewares/Third_Party/FreeRTOS/Source/tasks.o
                0x080056d4                pvTaskIncrementMutexHeldCount
 .text.prvAddCurrentTaskToDelayedList
                0x080056fc       0xcc ./Middlewares/Third_Party/FreeRTOS/Source/tasks.o
 .text.pxPortInitialiseStack
                0x080057c8       0x68 ./Middlewares/Third_Party/FreeRTOS/Source/portable/GCC/ARM_CM4F/port.o
                0x080057c8                pxPortInitialiseStack
 .text.prvTaskExitError
                0x08005830       0x5c ./Middlewares/Third_Party/FreeRTOS/Source/portable/GCC/ARM_CM4F/port.o
 *fill*         0x0800588c        0x4 
 .text.SVC_Handler
                0x08005890       0x28 ./Middlewares/Third_Party/FreeRTOS/Source/portable/GCC/ARM_CM4F/port.o
                0x08005890                SVC_Handler
 .text.prvPortStartFirstTask
                0x080058b8       0x28 ./Middlewares/Third_Party/FreeRTOS/Source/portable/GCC/ARM_CM4F/port.o
 .text.xPortStartScheduler
                0x080058e0      0x148 ./Middlewares/Third_Party/FreeRTOS/Source/portable/GCC/ARM_CM4F/port.o
                0x080058e0                xPortStartScheduler
 .text.vPortEnterCritical
                0x08005a28       0x64 ./Middlewares/Third_Party/FreeRTOS/Source/portable/GCC/ARM_CM4F/port.o
                0x08005a28                vPortEnterCritical
 .text.vPortExitCritical
                0x08005a8c       0x54 ./Middlewares/Third_Party/FreeRTOS/Source/portable/GCC/ARM_CM4F/port.o
                0x08005a8c                vPortExitCritical
 .text.PendSV_Handler
                0x08005ae0       0x68 ./Middlewares/Third_Party/FreeRTOS/Source/portable/GCC/ARM_CM4F/port.o
                0x08005ae0                PendSV_Handler
 .text.SysTick_Handler
                0x08005b48       0x44 ./Middlewares/Third_Party/FreeRTOS/Source/portable/GCC/ARM_CM4F/port.o
                0x08005b48                SysTick_Handler
 .text.vPortSetupTimerInterrupt
                0x08005b8c       0x48 ./Middlewares/Third_Party/FreeRTOS/Source/portable/GCC/ARM_CM4F/port.o
                0x08005b8c                vPortSetupTimerInterrupt
 .text.vPortEnableVFP
                0x08005bd4       0x14 ./Middlewares/Third_Party/FreeRTOS/Source/portable/GCC/ARM_CM4F/port.o
 .text.vPortValidateInterruptPriority
                0x08005be8       0x84 ./Middlewares/Third_Party/FreeRTOS/Source/portable/GCC/ARM_CM4F/port.o
                0x08005be8                vPortValidateInterruptPriority
 .text.pvPortMalloc
                0x08005c6c      0x19c ./Middlewares/Third_Party/FreeRTOS/Source/portable/MemMang/heap_4.o
                0x08005c6c                pvPortMalloc
 .text.vPortFree
                0x08005e08       0xc8 ./Middlewares/Third_Party/FreeRTOS/Source/portable/MemMang/heap_4.o
                0x08005e08                vPortFree
 .text.prvHeapInit
                0x08005ed0       0xc4 ./Middlewares/Third_Party/FreeRTOS/Source/portable/MemMang/heap_4.o
 .text.prvInsertBlockIntoFreeList
                0x08005f94       0xb4 ./Middlewares/Third_Party/FreeRTOS/Source/portable/MemMang/heap_4.o
 .text.malloc   0x08006048       0x10 /home/saeedbzrgn/st/stm32cubeide_2.0.0/plugins/com.st.stm32cube.ide.mcu.externaltools.gnu-tools-for-stm32.13.3.rel1.linux64_1.0.100.202509120712/tools/bin/../lib/gcc/arm-none-eabi/13.3.1/../../../../arm-none-eabi/lib/thumb/v7e-m+fp/hard/libc_nano.a(libc_a-malloc.o)
                0x08006048                malloc
 .text.free     0x08006058       0x10 /home/saeedbzrgn/st/stm32cubeide_2.0.0/plugins/com.st.stm32cube.ide.mcu.externaltools.gnu-tools-for-stm32.13.3.rel1.linux64_1.0.100.202509120712/tools/bin/../lib/gcc/arm-none-eabi/13.3.1/../../../../arm-none-eabi/lib/thumb/v7e-m+fp/hard/libc_nano.a(libc_a-malloc.o)
                0x08006058                free
 .text.sbrk_aligned
                0x08006068       0x44 /home/saeedbzrgn/st/stm32cubeide_2.0.0/plugins/com.st.stm32cube.ide.mcu.externaltools.gnu-tools-for-stm32.13.3.rel1.linux64_1.0.100.202509120712/tools/bin/../lib/gcc/arm-none-eabi/13.3.1/../../../../arm-none-eabi/lib/thumb/v7e-m+fp/hard/libc_nano.a(libc_a-mallocr.o)
 .text._malloc_r
                0x080060ac      0x100 /home/saeedbzrgn/st/stm32cubeide_2.0.0/plugins/com.st.stm32cube.ide.mcu.externaltools.gnu-tools-for-stm32.13.3.rel1.linux64_1.0.100.202509120712/tools/bin/../lib/gcc/arm-none-eabi/13.3.1/../../../../arm-none-eabi/lib/thumb/v7e-m+fp/hard/libc_nano.a(libc_a-mallocr.o)
                0x080060ac                _malloc_r
 .text.__malloc_lock
                0x080061ac        0xc /home/saeedbzrgn/st/stm32cubeide_2.0.0/plugins/com.st.stm32cube.ide.mcu.externaltools.gnu-tools-for-stm32.13.3.rel1.linux64_1.0.100.202509120712/tools/bin/../lib/gcc/arm-none-eabi/13.3.1/../../../../arm-none-eabi/lib/thumb/v7e-m+fp/hard/libc_nano.a(libc_a-mlock.o)
                0x080061ac                __malloc_lock
 .text.__malloc_unlock
                0x080061b8        0xc /home/saeedbzrgn/st/stm32cubeide_2.0.0/plugins/com.st.stm32cube.ide.mcu.externaltools.gnu-tools-for-stm32.13.3.rel1.linux64_1.0.100.202509120712/tools/bin/../lib/gcc/arm-none-eabi/13.3.1/../../../../arm-none-eabi/lib/thumb/v7e-m+fp/hard/libc_nano.a(libc_a-mlock.o)
                0x080061b8                __malloc_unlock
 .text.memset   0x080061c4       0x10 /home/saeedbzrgn/st/stm32cubeide_2.0.0/plugins/com.st.stm32cube.ide.mcu.externaltools.gnu-tools-for-stm32.13.3.rel1.linux64_1.0.100.202509120712/tools/bin/../lib/gcc/arm-none-eabi/13.3.1/../../../../arm-none-eabi/lib/thumb/v7e-m+fp/hard/libc_nano.a(libc_a-memset.o)
                0x080061c4                memset
 .text._reclaim_reent
                0x080061d4       0xbc /home/saeedbzrgn/st/stm32cubeide_2.0.0/plugins/com.st.stm32cube.ide.mcu.externaltools.gnu-tools-for-stm32.13.3.rel1.linux64_1.0.100.202509120712/tools/bin/../lib/gcc/arm-none-eabi/13.3.1/../../../../arm-none-eabi/lib/thumb/v7e-m+fp/hard/libc_nano.a(libc_a-reent.o)
                0x080061d4                _reclaim_reent
 .text._sbrk_r  0x08006290       0x20 /home/saeedbzrgn/st/stm32cubeide_2.0.0/plugins/com.st.stm32cube.ide.mcu.externaltools.gnu-tools-for-stm32.13.3.rel1.linux64_1.0.100.202509120712/tools/bin/../lib/gcc/arm-none-eabi/13.3.1/../../../../arm-none-eabi/lib/thumb/v7e-m+fp/hard/libc_nano.a(libc_a-sbrkr.o)
                0x08006290                _sbrk_r
 .text.__errno  0x080062b0        0xc /home/saeedbzrgn/st/stm32cubeide_2.0.0/plugins/com.st.stm32cube.ide.mcu.externaltools.gnu-tools-for-stm32.13.3.rel1.linux64_1.0.100.202509120712/tools/bin/../lib/gcc/arm-none-eabi/13.3.1/../../../../arm-none-eabi/lib/thumb/v7e-m+fp/hard/libc_nano.a(libc_a-errno.o)
                0x080062b0                __errno
 .text.__libc_init_array
                0x080062bc       0x48 /home/saeedbzrgn/st/stm32cubeide_2.0.0/plugins/com.st.stm32cube.ide.mcu.externaltools.gnu-tools-for-stm32.13.3.rel1.linux64_1.0.100.202509120712/tools/bin/../lib/gcc/arm-none-eabi/13.3.1/../../../../arm-none-eabi/lib/thumb/v7e-m+fp/hard/libc_nano.a(libc_a-init.o)
                0x080062bc                __libc_init_array
 .text.__retarget_lock_acquire_recursive
                0x08006304        0x2 /home/saeedbzrgn/st/stm32cubeide_2.0.0/plugins/com.st.stm32cube.ide.mcu.externaltools.gnu-tools-for-stm32.13.3.rel1.linux64_1.0.100.202509120712/tools/bin/../lib/gcc/arm-none-eabi/13.3.1/../../../../arm-none-eabi/lib/thumb/v7e-m+fp/hard/libc_nano.a(libc_a-lock.o)
                0x08006304                __retarget_lock_acquire_recursive
 .text.__retarget_lock_release_recursive
                0x08006306        0x2 /home/saeedbzrgn/st/stm32cubeide_2.0.0/plugins/com.st.stm32cube.ide.mcu.externaltools.gnu-tools-for-stm32.13.3.rel1.linux64_1.0.100.202509120712/tools/bin/../lib/gcc/arm-none-eabi/13.3.1/../../../../arm-none-eabi/lib/thumb/v7e-m+fp/hard/libc_nano.a(libc_a-lock.o)
                0x08006306                __retarget_lock_release_recursive
 .text.memcpy   0x08006308       0x1c /home/saeedbzrgn/st/stm32cubeide_2.0.0/plugins/com.st.stm32cube.ide.mcu.externaltools.gnu-tools-for-stm32.13.3.rel1.linux64_1.0.100.202509120712/tools/bin/../lib/gcc/arm-none-eabi/13.3.1/../../../../arm-none-eabi/lib/thumb/v7e-m+fp/hard/libc_nano.a(libc_a-memcpy-stub.o)
                0x08006308                memcpy
 .text._free_r  0x08006324       0x94 /home/saeedbzrgn/st/stm32cubeide_2.0.0/plugins/com.st.stm32cube.ide.mcu.externaltools.gnu-tools-for-stm32.13.3.rel1.linux64_1.0.100.202509120712/tools/bin/../lib/gcc/arm-none-eabi/13.3.1/../../../../arm-none-eabi/lib/thumb/v7e-m+fp/hard/libc_nano.a(libc_a-freer.o)
                0x08006324                _free_r
 *(.glue_7)
 .glue_7        0x080063b8        0x0 linker stubs
 *(.glue_7t)
 .glue_7t       0x080063b8        0x0 linker stubs
 *(.eh_frame)
 .eh_frame      0x080063b8        0x0 /home/saeedbzrgn/st/stm32cubeide_2.0.0/plugins/com.st.stm32cube.ide.mcu.externaltools.gnu-tools-for-stm32.13.3.rel1.linux64_1.0.100.202509120712/tools/bin/../lib/gcc/arm-none-eabi/13.3.1/thumb/v7e-m+fp/hard/crtbegin.o
 *(.init)
 .init          0x080063b8        0x4 /home/saeedbzrgn/st/stm32cubeide_2.0.0/plugins/com.st.stm32cube.ide.mcu.externaltools.gnu-tools-for-stm32.13.3.rel1.linux64_1.0.100.202509120712/tools/bin/../lib/gcc/arm-none-eabi/13.3.1/thumb/v7e-m+fp/hard/crti.o
                0x080063b8                _init
 .init          0x080063bc        0x8 /home/saeedbzrgn/st/stm32cubeide_2.0.0/plugins/com.st.stm32cube.ide.mcu.externaltools.gnu-tools-for-stm32.13.3.rel1.linux64_1.0.100.202509120712/tools/bin/../lib/gcc/arm-none-eabi/13.3.1/thumb/v7e-m+fp/hard/crtn.o
 *(.fini)
 .fini          0x080063c4        0x4 /home/saeedbzrgn/st/stm32cubeide_2.0.0/plugins/com.st.stm32cube.ide.mcu.externaltools.gnu-tools-for-stm32.13.3.rel1.linux64_1.0.100.202509120712/tools/bin/../lib/gcc/arm-none-eabi/13.3.1/thumb/v7e-m+fp/hard/crti.o
                0x080063c4                _fini
 .fini          0x080063c8        0x8 /home/saeedbzrgn/st/stm32cubeide_2.0.0/plugins/com.st.stm32cube.ide.mcu.externaltools.gnu-tools-for-stm32.13.3.rel1.linux64_1.0.100.202509120712/tools/bin/../lib/gcc/arm-none-eabi/13.3.1/thumb/v7e-m+fp/hard/crtn.o
                0x080063d0                        . = ALIGN (0x4)
                0x080063d0                        _etext = .

.vfp11_veneer   0x080063d0        0x0
 .vfp11_veneer  0x080063d0        0x0 linker stubs

.v4_bx          0x080063d0        0x0
 .v4_bx         0x080063d0        0x0 linker stubs

.iplt           0x080063d0        0x0
 .iplt          0x080063d0        0x0 /home/saeedbzrgn/st/stm32cubeide_2.0.0/plugins/com.st.stm32cube.ide.mcu.externaltools.gnu-tools-for-stm32.13.3.rel1.linux64_1.0.100.202509120712/tools/bin/../lib/gcc/arm-none-eabi/13.3.1/thumb/v7e-m+fp/hard/crtbegin.o

.rodata         0x080063d0      0x2cc
                0x080063d0                        . = ALIGN (0x4)
 *(.rodata)
 .rodata        0x080063d0       0xac ./Core/Src/main.o
 .rodata        0x0800647c        0x5 ./Middlewares/Third_Party/FreeRTOS/Source/tasks.o
 *(.rodata*)
 *fill*         0x08006481        0x3 
 .rodata.crc_table.1
                0x08006484      0x200 ./Core/Src/main.o
 .rodata.AHBPrescTable
                0x08006684       0x10 ./Core/Src/system_stm32f4xx.o
                0x08006684                AHBPrescTable
 .rodata.APBPrescTable
                0x08006694        0x8 ./Core/Src/system_stm32f4xx.o
                0x08006694                APBPrescTable
                0x0800669c                        . = ALIGN (0x4)

.ARM.extab      0x0800669c        0x0
                0x0800669c                        . = ALIGN (0x4)
 *(.ARM.extab* .gnu.linkonce.armextab.*)
                0x0800669c                        . = ALIGN (0x4)

.ARM            0x0800669c        0x8
                0x0800669c                        . = ALIGN (0x4)
                0x0800669c                        __exidx_start = .
 *(.ARM.exidx*)
 .ARM.exidx     0x0800669c        0x8 /home/saeedbzrgn/st/stm32cubeide_2.0.0/plugins/com.st.stm32cube.ide.mcu.externaltools.gnu-tools-for-stm32.13.3.rel1.linux64_1.0.100.202509120712/tools/bin/../lib/gcc/arm-none-eabi/13.3.1/thumb/v7e-m+fp/hard/libgcc.a(_udivmoddi4.o)
                0x080066a4                        __exidx_end = .
                0x080066a4                        . = ALIGN (0x4)

.preinit_array  0x080066a4        0x0
                0x080066a4                        . = ALIGN (0x4)
                0x080066a4                        PROVIDE (__preinit_array_start = .)
 *(.preinit_array*)
                0x080066a4                        PROVIDE (__preinit_array_end = .)
                0x080066a4                        . = ALIGN (0x4)

.init_array     0x080066a4        0x4
                0x080066a4                        . = ALIGN (0x4)
                0x080066a4                        PROVIDE (__init_array_start = .)
 *(SORT_BY_NAME(.init_array.*))
 *(.init_array*)
 .init_array    0x080066a4        0x4 /home/saeedbzrgn/st/stm32cubeide_2.0.0/plugins/com.st.stm32cube.ide.mcu.externaltools.gnu-tools-for-stm32.13.3.rel1.linux64_1.0.100.202509120712/tools/bin/../lib/gcc/arm-none-eabi/13.3.1/thumb/v7e-m+fp/hard/crtbegin.o
                0x080066a8                        PROVIDE (__init_array_end = .)
                0x080066a8                        . = ALIGN (0x4)

.fini_array     0x080066a8        0x4
                0x080066a8                        . = ALIGN (0x4)
                [!provide]                        PROVIDE (__fini_array_start = .)
 *(SORT_BY_NAME(.fini_array.*))
 *(.fini_array*)
 .fini_array    0x080066a8        0x4 /home/saeedbzrgn/st/stm32cubeide_2.0.0/plugins/com.st.stm32cube.ide.mcu.externaltools.gnu-tools-for-stm32.13.3.rel1.linux64_1.0.100.202509120712/tools/bin/../lib/gcc/arm-none-eabi/13.3.1/thumb/v7e-m+fp/hard/crtbegin.o
                [!provide]                        PROVIDE (__fini_array_end = .)
                0x080066ac                        . = ALIGN (0x4)
                0x080066ac                        _sidata = LOADADDR (.data)

.rel.dyn        0x080066ac        0x0
 .rel.iplt      0x080066ac        0x0 /home/saeedbzrgn/st/stm32cubeide_2.0.0/plugins/com.st.stm32cube.ide.mcu.externaltools.gnu-tools-for-stm32.13.3.rel1.linux64_1.0.100.202509120712/tools/bin/../lib/gcc/arm-none-eabi/13.3.1/thumb/v7e-m+fp/hard/crtbegin.o

.data           0x20000000       0x60 load address 0x080066ac
                0x20000000                        . = ALIGN (0x4)
                0x20000000                        _sdata = .
 *(.data)
 *(.data*)
 .data.SystemCoreClock
                0x20000000        0x4 ./Core/Src/system_stm32f4xx.o
                0x20000000                SystemCoreClock
 .data.uwTickPrio
                0x20000004        0x4 ./Drivers/STM32F4xx_HAL_Driver/Src/stm32f4xx_hal.o
                0x20000004                uwTickPrio
 .data.uwTickFreq
                0x20000008        0x1 ./Drivers/STM32F4xx_HAL_Driver/Src/stm32f4xx_hal.o
                0x20000008                uwTickFreq
 *fill*         0x20000009        0x3 
 .data.uxCriticalNesting
                0x2000000c        0x4 ./Middlewares/Third_Party/FreeRTOS/Source/portable/GCC/ARM_CM4F/port.o
 .data._impure_ptr
                0x20000010        0x4 /home/saeedbzrgn/st/stm32cubeide_2.0.0/plugins/com.st.stm32cube.ide.mcu.externaltools.gnu-tools-for-stm32.13.3.rel1.linux64_1.0.100.202509120712/tools/bin/../lib/gcc/arm-none-eabi/13.3.1/../../../../arm-none-eabi/lib/thumb/v7e-m+fp/hard/libc_nano.a(libc_a-impure.o)
                0x20000010                _impure_ptr
 .data._impure_data
                0x20000014       0x4c /home/saeedbzrgn/st/stm32cubeide_2.0.0/plugins/com.st.stm32cube.ide.mcu.externaltools.gnu-tools-for-stm32.13.3.rel1.linux64_1.0.100.202509120712/tools/bin/../lib/gcc/arm-none-eabi/13.3.1/../../../../arm-none-eabi/lib/thumb/v7e-m+fp/hard/libc_nano.a(libc_a-impure.o)
                0x20000014                _impure_data
 *(.RamFunc)
 *(.RamFunc*)
                0x20000060                        . = ALIGN (0x4)
                0x20000060                        _edata = .
                0x0800670c                        _siccmram = LOADADDR (.ccmram)

.igot.plt       0x20000060        0x0 load address 0x0800670c
 .igot.plt      0x20000060        0x0 /home/saeedbzrgn/st/stm32cubeide_2.0.0/plugins/com.st.stm32cube.ide.mcu.externaltools.gnu-tools-for-stm32.13.3.rel1.linux64_1.0.100.202509120712/tools/bin/../lib/gcc/arm-none-eabi/13.3.1/thumb/v7e-m+fp/hard/crtbegin.o

.ccmram         0x10000000        0x0 load address 0x0800670c
                0x10000000                        . = ALIGN (0x4)
                0x10000000                        _sccmram = .
 *(.ccmram)
 *(.ccmram*)
                0x10000000                        . = ALIGN (0x4)
                0x10000000                        _eccmram = .
                0x10000000                        . = ALIGN (0x4)

.bss            0x20000060     0x5620
                0x20000060                        _sbss = .
                0x20000060                        __bss_start__ = _sbss
 *(.bss)
 .bss           0x20000060       0x1c /home/saeedbzrgn/st/stm32cubeide_2.0.0/plugins/com.st.stm32cube.ide.mcu.externaltools.gnu-tools-for-stm32.13.3.rel1.linux64_1.0.100.202509120712/tools/bin/../lib/gcc/arm-none-eabi/13.3.1/thumb/v7e-m+fp/hard/crtbegin.o
 *(.bss*)
 .bss.xIdleTaskTCBBuffer
                0x2000007c       0xa0 ./Core/Src/freertos.o
 .bss.xIdleStack
                0x2000011c      0x200 ./Core/Src/freertos.o
 .bss.huart5    0x2000031c       0x48 ./Core/Src/main.o
                0x2000031c                huart5
 .bss.huart3    0x20000364       0x48 ./Core/Src/main.o
                0x20000364                huart3
 .bss.huart6    0x200003ac       0x48 ./Core/Src/main.o
                0x200003ac                huart6
 .bss.defaultTaskHandle
                0x200003f4        0x4 ./Core/Src/main.o
                0x200003f4                defaultTaskHandle
 .bss.readPosU3TaskHandle
                0x200003f8        0x4 ./Core/Src/main.o
                0x200003f8                readPosU3TaskHandle
 .bss.readPosU5TaskHandle
                0x200003fc        0x4 ./Core/Src/main.o
                0x200003fc                readPosU5TaskHandle
 .bss.readPosU6TaskHandle
                0x20000400        0x4 ./Core/Src/main.o
                0x20000400                readPosU6TaskHandle
 .bss.testDXL_semaphoreHandle
                0x20000404        0x4 ./Core/Src/main.o
                0x20000404                testDXL_semaphoreHandle
 .bss.readPosRxCmd_SemaphoreHandle
                0x20000408        0x4 ./Core/Src/main.o
                0x20000408                readPosRxCmd_SemaphoreHandle
 .bss.readPosTxCmd_SemaphoreHandle
                0x2000040c        0x4 ./Core/Src/main.o
                0x2000040c                readPosTxCmd_SemaphoreHandle
 .bss.rxByte3   0x20000410        0x1 ./Core/Src/main.o
                0x20000410                rxByte3
 .bss.rxByte5   0x20000411        0x1 ./Core/Src/main.o
                0x20000411                rxByte5
 .bss.rxByte6   0x20000412        0x1 ./Core/Src/main.o
                0x20000412                rxByte6
 *fill*         0x20000413        0x1 
 .bss.ringBuf3  0x20000414       0x33 ./Core/Src/main.o
                0x20000414                ringBuf3
 *fill*         0x20000447        0x1 
 .bss.ringBuf5  0x20000448       0x33 ./Core/Src/main.o
                0x20000448                ringBuf5
 *fill*         0x2000047b        0x1 
 .bss.ringBuf6  0x2000047c       0x33 ./Core/Src/main.o
                0x2000047c                ringBuf6
 *fill*         0x200004af        0x1 
 .bss.rbuf3     0x200004b0        0x4 ./Core/Src/main.o
                0x200004b0                rbuf3
 .bss.rbuf5     0x200004b4        0x4 ./Core/Src/main.o
                0x200004b4                rbuf5
 .bss.rbuf6     0x200004b8        0x4 ./Core/Src/main.o
                0x200004b8                rbuf6
 .bss.pkt3      0x200004bc       0x34 ./Core/Src/main.o
                0x200004bc                pkt3
 .bss.pkt5      0x200004f0       0x34 ./Core/Src/main.o
                0x200004f0                pkt5
 .bss.pkt6      0x20000524       0x34 ./Core/Src/main.o
                0x20000524                pkt6
 .bss.dxlPosition
                0x20000558        0x6 ./Core/Src/main.o
                0x20000558                dxlPosition
 *fill*         0x2000055e        0x2 
 .bss.pkt.0     0x20000560       0x14 ./Core/Src/main.o
 .bss.htim14    0x20000574       0x48 ./Core/Src/stm32f4xx_hal_timebase_tim.o
                0x20000574                htim14
 .bss.__sbrk_heap_end
                0x200005bc        0x4 ./Core/Src/sysmem.o
 .bss.uwTick    0x200005c0        0x4 ./Drivers/STM32F4xx_HAL_Driver/Src/stm32f4xx_hal.o
                0x200005c0                uwTick
 .bss.pxCurrentTCB
                0x200005c4        0x4 ./Middlewares/Third_Party/FreeRTOS/Source/tasks.o
                0x200005c4                pxCurrentTCB
 .bss.pxReadyTasksLists
                0x200005c8       0x8c ./Middlewares/Third_Party/FreeRTOS/Source/tasks.o
 .bss.xDelayedTaskList1
                0x20000654       0x14 ./Middlewares/Third_Party/FreeRTOS/Source/tasks.o
 .bss.xDelayedTaskList2
                0x20000668       0x14 ./Middlewares/Third_Party/FreeRTOS/Source/tasks.o
 .bss.pxDelayedTaskList
                0x2000067c        0x4 ./Middlewares/Third_Party/FreeRTOS/Source/tasks.o
 .bss.pxOverflowDelayedTaskList
                0x20000680        0x4 ./Middlewares/Third_Party/FreeRTOS/Source/tasks.o
 .bss.xPendingReadyList
                0x20000684       0x14 ./Middlewares/Third_Party/FreeRTOS/Source/tasks.o
 .bss.xTasksWaitingTermination
                0x20000698       0x14 ./Middlewares/Third_Party/FreeRTOS/Source/tasks.o
 .bss.uxDeletedTasksWaitingCleanUp
                0x200006ac        0x4 ./Middlewares/Third_Party/FreeRTOS/Source/tasks.o
 .bss.xSuspendedTaskList
                0x200006b0       0x14 ./Middlewares/Third_Party/FreeRTOS/Source/tasks.o
 .bss.uxCurrentNumberOfTasks
                0x200006c4        0x4 ./Middlewares/Third_Party/FreeRTOS/Source/tasks.o
 .bss.xTickCount
                0x200006c8        0x4 ./Middlewares/Third_Party/FreeRTOS/Source/tasks.o
 .bss.uxTopReadyPriority
                0x200006cc        0x4 ./Middlewares/Third_Party/FreeRTOS/Source/tasks.o
 .bss.xSchedulerRunning
                0x200006d0        0x4 ./Middlewares/Third_Party/FreeRTOS/Source/tasks.o
 .bss.xPendedTicks
                0x200006d4        0x4 ./Middlewares/Third_Party/FreeRTOS/Source/tasks.o
 .bss.xYieldPending
                0x200006d8        0x4 ./Middlewares/Third_Party/FreeRTOS/Source/tasks.o
 .bss.xNumOfOverflows
                0x200006dc        0x4 ./Middlewares/Third_Party/FreeRTOS/Source/tasks.o
 .bss.uxTaskNumber
                0x200006e0        0x4 ./Middlewares/Third_Party/FreeRTOS/Source/tasks.o
 .bss.xNextTaskUnblockTime
                0x200006e4        0x4 ./Middlewares/Third_Party/FreeRTOS/Source/tasks.o
 .bss.xIdleTaskHandle
                0x200006e8        0x4 ./Middlewares/Third_Party/FreeRTOS/Source/tasks.o
 .bss.uxSchedulerSuspended
                0x200006ec        0x4 ./Middlewares/Third_Party/FreeRTOS/Source/tasks.o
 .bss.ucMaxSysCallPriority
                0x200006f0        0x1 ./Middlewares/Third_Party/FreeRTOS/Source/portable/GCC/ARM_CM4F/port.o
 *fill*         0x200006f1        0x3 
 .bss.ulMaxPRIGROUPValue
                0x200006f4        0x4 ./Middlewares/Third_Party/FreeRTOS/Source/portable/GCC/ARM_CM4F/port.o
 .bss.ucHeap    0x200006f8     0x4e20 ./Middlewares/Third_Party/FreeRTOS/Source/portable/MemMang/heap_4.o
 .bss.xStart    0x20005518        0x8 ./Middlewares/Third_Party/FreeRTOS/Source/portable/MemMang/heap_4.o
 .bss.pxEnd     0x20005520        0x4 ./Middlewares/Third_Party/FreeRTOS/Source/portable/MemMang/heap_4.o
 .bss.xFreeBytesRemaining
                0x20005524        0x4 ./Middlewares/Third_Party/FreeRTOS/Source/portable/MemMang/heap_4.o
 .bss.xMinimumEverFreeBytesRemaining
                0x20005528        0x4 ./Middlewares/Third_Party/FreeRTOS/Source/portable/MemMang/heap_4.o
 .bss.xNumberOfSuccessfulAllocations
                0x2000552c        0x4 ./Middlewares/Third_Party/FreeRTOS/Source/portable/MemMang/heap_4.o
 .bss.xNumberOfSuccessfulFrees
                0x20005530        0x4 ./Middlewares/Third_Party/FreeRTOS/Source/portable/MemMang/heap_4.o
 .bss.xBlockAllocatedBit
                0x20005534        0x4 ./Middlewares/Third_Party/FreeRTOS/Source/portable/MemMang/heap_4.o
 .bss.__malloc_sbrk_start
                0x20005538        0x4 /home/saeedbzrgn/st/stm32cubeide_2.0.0/plugins/com.st.stm32cube.ide.mcu.externaltools.gnu-tools-for-stm32.13.3.rel1.linux64_1.0.100.202509120712/tools/bin/../lib/gcc/arm-none-eabi/13.3.1/../../../../arm-none-eabi/lib/thumb/v7e-m+fp/hard/libc_nano.a(libc_a-mallocr.o)
                0x20005538                __malloc_sbrk_start
 .bss.__malloc_free_list
                0x2000553c        0x4 /home/saeedbzrgn/st/stm32cubeide_2.0.0/plugins/com.st.stm32cube.ide.mcu.externaltools.gnu-tools-for-stm32.13.3.rel1.linux64_1.0.100.202509120712/tools/bin/../lib/gcc/arm-none-eabi/13.3.1/../../../../arm-none-eabi/lib/thumb/v7e-m+fp/hard/libc_nano.a(libc_a-mallocr.o)
                0x2000553c                __malloc_free_list
 .bss.__sf      0x20005540      0x138 /home/saeedbzrgn/st/stm32cubeide_2.0.0/plugins/com.st.stm32cube.ide.mcu.externaltools.gnu-tools-for-stm32.13.3.rel1.linux64_1.0.100.202509120712/tools/bin/../lib/gcc/arm-none-eabi/13.3.1/../../../../arm-none-eabi/lib/thumb/v7e-m+fp/hard/libc_nano.a(libc_a-findfp.o)
                0x20005540                __sf
 .bss.errno     0x20005678        0x4 /home/saeedbzrgn/st/stm32cubeide_2.0.0/plugins/com.st.stm32cube.ide.mcu.externaltools.gnu-tools-for-stm32.13.3.rel1.linux64_1.0.100.202509120712/tools/bin/../lib/gcc/arm-none-eabi/13.3.1/../../../../arm-none-eabi/lib/thumb/v7e-m+fp/hard/libc_nano.a(libc_a-reent.o)
                0x20005678                errno
 .bss.__lock___malloc_recursive_mutex
                0x2000567c        0x1 /home/saeedbzrgn/st/stm32cubeide_2.0.0/plugins/com.st.stm32cube.ide.mcu.externaltools.gnu-tools-for-stm32.13.3.rel1.linux64_1.0.100.202509120712/tools/bin/../lib/gcc/arm-none-eabi/13.3.1/../../../../arm-none-eabi/lib/thumb/v7e-m+fp/hard/libc_nano.a(libc_a-lock.o)
                0x2000567c                __lock___malloc_recursive_mutex
 *(COMMON)
                0x20005680                        . = ALIGN (0x4)
 *fill*         0x2000567d        0x3 
                0x20005680                        _ebss = .
                0x20005680                        __bss_end__ = _ebss

._user_heap_stack
                0x20005680      0x600
                0x20005680                        . = ALIGN (0x8)
                [!provide]                        PROVIDE (end = .)
                0x20005680                        PROVIDE (_end = .)
                0x20005880                        . = (. + _Min_Heap_Size)
 *fill*         0x20005680      0x200 
                0x20005c80                        . = (. + _Min_Stack_Size)
 *fill*         0x20005880      0x400 
                0x20005c80                        . = ALIGN (0x8)

/DISCARD/
 libc.a(*)
 libm.a(*)
 libgcc.a(*)

.ARM.attributes
                0x00000000       0x30
 *(.ARM.attributes)
 .ARM.attributes
                0x00000000       0x22 /home/saeedbzrgn/st/stm32cubeide_2.0.0/plugins/com.st.stm32cube.ide.mcu.externaltools.gnu-tools-for-stm32.13.3.rel1.linux64_1.0.100.202509120712/tools/bin/../lib/gcc/arm-none-eabi/13.3.1/thumb/v7e-m+fp/hard/crti.o
 .ARM.attributes
                0x00000022       0x34 /home/saeedbzrgn/st/stm32cubeide_2.0.0/plugins/com.st.stm32cube.ide.mcu.externaltools.gnu-tools-for-stm32.13.3.rel1.linux64_1.0.100.202509120712/tools/bin/../lib/gcc/arm-none-eabi/13.3.1/thumb/v7e-m+fp/hard/crtbegin.o
 .ARM.attributes
                0x00000056       0x34 ./Core/Src/freertos.o
 .ARM.attributes
                0x0000008a       0x34 ./Core/Src/main.o
 .ARM.attributes
                0x000000be       0x34 ./Core/Src/stm32f4xx_hal_msp.o
 .ARM.attributes
                0x000000f2       0x34 ./Core/Src/stm32f4xx_hal_timebase_tim.o
 .ARM.attributes
                0x00000126       0x34 ./Core/Src/stm32f4xx_it.o
 .ARM.attributes
                0x0000015a       0x34 ./Core/Src/sysmem.o
 .ARM.attributes
                0x0000018e       0x34 ./Core/Src/system_stm32f4xx.o
 .ARM.attributes
                0x000001c2       0x21 ./Core/Startup/startup_stm32f405rgtx.o
 .ARM.attributes
                0x000001e3       0x34 ./Drivers/STM32F4xx_HAL_Driver/Src/stm32f4xx_hal.o
 .ARM.attributes
                0x00000217       0x34 ./Drivers/STM32F4xx_HAL_Driver/Src/stm32f4xx_hal_cortex.o
 .ARM.attributes
                0x0000024b       0x34 ./Drivers/STM32F4xx_HAL_Driver/Src/stm32f4xx_hal_dma.o
 .ARM.attributes
                0x0000027f       0x34 ./Drivers/STM32F4xx_HAL_Driver/Src/stm32f4xx_hal_gpio.o
 .ARM.attributes
                0x000002b3       0x34 ./Drivers/STM32F4xx_HAL_Driver/Src/stm32f4xx_hal_rcc.o
 .ARM.attributes
                0x000002e7       0x34 ./Drivers/STM32F4xx_HAL_Driver/Src/stm32f4xx_hal_tim.o
 .ARM.attributes
                0x0000031b       0x34 ./Drivers/STM32F4xx_HAL_Driver/Src/stm32f4xx_hal_tim_ex.o
 .ARM.attributes
                0x0000034f       0x34 ./Drivers/STM32F4xx_HAL_Driver/Src/stm32f4xx_hal_uart.o
 .ARM.attributes
                0x00000383       0x34 ./Lib/ringBuffer_STM32/rbuf.o
 .ARM.attributes
                0x000003b7       0x34 ./Middlewares/Third_Party/FreeRTOS/Source/CMSIS_RTOS/cmsis_os.o
 .ARM.attributes
                0x000003eb       0x34 ./Middlewares/Third_Party/FreeRTOS/Source/list.o
 .ARM.attributes
                0x0000041f       0x34 ./Middlewares/Third_Party/FreeRTOS/Source/queue.o
 .ARM.attributes
                0x00000453       0x34 ./Middlewares/Third_Party/FreeRTOS/Source/tasks.o
 .ARM.attributes
                0x00000487       0x34 ./Middlewares/Third_Party/FreeRTOS/Source/portable/GCC/ARM_CM4F/port.o
 .ARM.attributes
                0x000004bb       0x34 ./Middlewares/Third_Party/FreeRTOS/Source/portable/MemMang/heap_4.o
 .ARM.attributes
                0x000004ef       0x34 /home/saeedbzrgn/st/stm32cubeide_2.0.0/plugins/com.st.stm32cube.ide.mcu.externaltools.gnu-tools-for-stm32.13.3.rel1.linux64_1.0.100.202509120712/tools/bin/../lib/gcc/arm-none-eabi/13.3.1/../../../../arm-none-eabi/lib/thumb/v7e-m+fp/hard/libc_nano.a(libc_a-malloc.o)
 .ARM.attributes
                0x00000523       0x34 /home/saeedbzrgn/st/stm32cubeide_2.0.0/plugins/com.st.stm32cube.ide.mcu.externaltools.gnu-tools-for-stm32.13.3.rel1.linux64_1.0.100.202509120712/tools/bin/../lib/gcc/arm-none-eabi/13.3.1/../../../../arm-none-eabi/lib/thumb/v7e-m+fp/hard/libc_nano.a(libc_a-mallocr.o)
 .ARM.attributes
                0x00000557       0x34 /home/saeedbzrgn/st/stm32cubeide_2.0.0/plugins/com.st.stm32cube.ide.mcu.externaltools.gnu-tools-for-stm32.13.3.rel1.linux64_1.0.100.202509120712/tools/bin/../lib/gcc/arm-none-eabi/13.3.1/../../../../arm-none-eabi/lib/thumb/v7e-m+fp/hard/libc_nano.a(libc_a-mlock.o)
 .ARM.attributes
                0x0000058b       0x34 /home/saeedbzrgn/st/stm32cubeide_2.0.0/plugins/com.st.stm32cube.ide.mcu.externaltools.gnu-tools-for-stm32.13.3.rel1.linux64_1.0.100.202509120712/tools/bin/../lib/gcc/arm-none-eabi/13.3.1/../../../../arm-none-eabi/lib/thumb/v7e-m+fp/hard/libc_nano.a(libc_a-findfp.o)
 .ARM.attributes
                0x000005bf       0x34 /home/saeedbzrgn/st/stm32cubeide_2.0.0/plugins/com.st.stm32cube.ide.mcu.externaltools.gnu-tools-for-stm32.13.3.rel1.linux64_1.0.100.202509120712/tools/bin/../lib/gcc/arm-none-eabi/13.3.1/../../../../arm-none-eabi/lib/thumb/v7e-m+fp/hard/libc_nano.a(libc_a-memset.o)
 .ARM.attributes
                0x000005f3       0x34 /home/saeedbzrgn/st/stm32cubeide_2.0.0/plugins/com.st.stm32cube.ide.mcu.externaltools.gnu-tools-for-stm32.13.3.rel1.linux64_1.0.100.202509120712/tools/bin/../lib/gcc/arm-none-eabi/13.3.1/../../../../arm-none-eabi/lib/thumb/v7e-m+fp/hard/libc_nano.a(libc_a-reent.o)
 .ARM.attributes
                0x00000627       0x34 /home/saeedbzrgn/st/stm32cubeide_2.0.0/plugins/com.st.stm32cube.ide.mcu.externaltools.gnu-tools-for-stm32.13.3.rel1.linux64_1.0.100.202509120712/tools/bin/../lib/gcc/arm-none-eabi/13.3.1/../../../../arm-none-eabi/lib/thumb/v7e-m+fp/hard/libc_nano.a(libc_a-impure.o)
 .ARM.attributes
                0x0000065b       0x34 /home/saeedbzrgn/st/stm32cubeide_2.0.0/plugins/com.st.stm32cube.ide.mcu.externaltools.gnu-tools-for-stm32.13.3.rel1.linux64_1.0.100.202509120712/tools/bin/../lib/gcc/arm-none-eabi/13.3.1/../../../../arm-none-eabi/lib/thumb/v7e-m+fp/hard/libc_nano.a(libc_a-sbrkr.o)
 .ARM.attributes
                0x0000068f       0x34 /home/saeedbzrgn/st/stm32cubeide_2.0.0/plugins/com.st.stm32cube.ide.mcu.externaltools.gnu-tools-for-stm32.13.3.rel1.linux64_1.0.100.202509120712/tools/bin/../lib/gcc/arm-none-eabi/13.3.1/../../../../arm-none-eabi/lib/thumb/v7e-m+fp/hard/libc_nano.a(libc_a-errno.o)
 .ARM.attributes
                0x000006c3       0x34 /home/saeedbzrgn/st/stm32cubeide_2.0.0/plugins/com.st.stm32cube.ide.mcu.externaltools.gnu-tools-for-stm32.13.3.rel1.linux64_1.0.100.202509120712/tools/bin/../lib/gcc/arm-none-eabi/13.3.1/../../../../arm-none-eabi/lib/thumb/v7e-m+fp/hard/libc_nano.a(libc_a-init.o)
 .ARM.attributes
                0x000006f7       0x34 /home/saeedbzrgn/st/stm32cubeide_2.0.0/plugins/com.st.stm32cube.ide.mcu.externaltools.gnu-tools-for-stm32.13.3.rel1.linux64_1.0.100.202509120712/tools/bin/../lib/gcc/arm-none-eabi/13.3.1/../../../../arm-none-eabi/lib/thumb/v7e-m+fp/hard/libc_nano.a(libc_a-lock.o)
 .ARM.attributes
                0x0000072b       0x34 /home/saeedbzrgn/st/stm32cubeide_2.0.0/plugins/com.st.stm32cube.ide.mcu.externaltools.gnu-tools-for-stm32.13.3.rel1.linux64_1.0.100.202509120712/tools/bin/../lib/gcc/arm-none-eabi/13.3.1/../../../../arm-none-eabi/lib/thumb/v7e-m+fp/hard/libc_nano.a(libc_a-memcpy-stub.o)
 .ARM.attributes
                0x0000075f       0x34 /home/saeedbzrgn/st/stm32cubeide_2.0.0/plugins/com.st.stm32cube.ide.mcu.externaltools.gnu-tools-for-stm32.13.3.rel1.linux64_1.0.100.202509120712/tools/bin/../lib/gcc/arm-none-eabi/13.3.1/../../../../arm-none-eabi/lib/thumb/v7e-m+fp/hard/libc_nano.a(libc_a-freer.o)
 .ARM.attributes
                0x00000793       0x22 /home/saeedbzrgn/st/stm32cubeide_2.0.0/plugins/com.st.stm32cube.ide.mcu.externaltools.gnu-tools-for-stm32.13.3.rel1.linux64_1.0.100.202509120712/tools/bin/../lib/gcc/arm-none-eabi/13.3.1/thumb/v7e-m+fp/hard/libgcc.a(_aeabi_uldivmod.o)
 .ARM.attributes
                0x000007b5       0x34 /home/saeedbzrgn/st/stm32cubeide_2.0.0/plugins/com.st.stm32cube.ide.mcu.externaltools.gnu-tools-for-stm32.13.3.rel1.linux64_1.0.100.202509120712/tools/bin/../lib/gcc/arm-none-eabi/13.3.1/thumb/v7e-m+fp/hard/libgcc.a(_udivmoddi4.o)
 .ARM.attributes
                0x000007e9       0x22 /home/saeedbzrgn/st/stm32cubeide_2.0.0/plugins/com.st.stm32cube.ide.mcu.externaltools.gnu-tools-for-stm32.13.3.rel1.linux64_1.0.100.202509120712/tools/bin/../lib/gcc/arm-none-eabi/13.3.1/thumb/v7e-m+fp/hard/libgcc.a(_dvmd_tls.o)
 .ARM.attributes
                0x0000080b       0x22 /home/saeedbzrgn/st/stm32cubeide_2.0.0/plugins/com.st.stm32cube.ide.mcu.externaltools.gnu-tools-for-stm32.13.3.rel1.linux64_1.0.100.202509120712/tools/bin/../lib/gcc/arm-none-eabi/13.3.1/thumb/v7e-m+fp/hard/crtn.o
OUTPUT(Read_MultiDXL.elf elf32-littlearm)
LOAD linker stubs
LOAD /home/saeedbzrgn/st/stm32cubeide_2.0.0/plugins/com.st.stm32cube.ide.mcu.externaltools.gnu-tools-for-stm32.13.3.rel1.linux64_1.0.100.202509120712/tools/bin/../lib/gcc/arm-none-eabi/13.3.1/../../../../arm-none-eabi/lib/thumb/v7e-m+fp/hard/libc.a
LOAD /home/saeedbzrgn/st/stm32cubeide_2.0.0/plugins/com.st.stm32cube.ide.mcu.externaltools.gnu-tools-for-stm32.13.3.rel1.linux64_1.0.100.202509120712/tools/bin/../lib/gcc/arm-none-eabi/13.3.1/../../../../arm-none-eabi/lib/thumb/v7e-m+fp/hard/libm.a
LOAD /home/saeedbzrgn/st/stm32cubeide_2.0.0/plugins/com.st.stm32cube.ide.mcu.externaltools.gnu-tools-for-stm32.13.3.rel1.linux64_1.0.100.202509120712/tools/bin/../lib/gcc/arm-none-eabi/13.3.1/thumb/v7e-m+fp/hard/libgcc.a

.debug_info     0x00000000    0x15e1b
 .debug_info    0x00000000      0x919 ./Core/Src/freertos.o
 .debug_info    0x00000919     0x2243 ./Core/Src/main.o
 .debug_info    0x00002b5c      0xbd2 ./Core/Src/stm32f4xx_hal_msp.o
 .debug_info    0x0000372e      0xbdc ./Core/Src/stm32f4xx_hal_timebase_tim.o
 .debug_info    0x0000430a      0x989 ./Core/Src/stm32f4xx_it.o
 .debug_info    0x00004c93      0x168 ./Core/Src/sysmem.o
 .debug_info    0x00004dfb      0x512 ./Core/Src/system_stm32f4xx.o
 .debug_info    0x0000530d       0x30 ./Core/Startup/startup_stm32f405rgtx.o
 .debug_info    0x0000533d      0x932 ./Drivers/STM32F4xx_HAL_Driver/Src/stm32f4xx_hal.o
 .debug_info    0x00005c6f      0xd7a ./Drivers/STM32F4xx_HAL_Driver/Src/stm32f4xx_hal_cortex.o
 .debug_info    0x000069e9      0x8e7 ./Drivers/STM32F4xx_HAL_Driver/Src/stm32f4xx_hal_dma.o
 .debug_info    0x000072d0      0x6c3 ./Drivers/STM32F4xx_HAL_Driver/Src/stm32f4xx_hal_gpio.o
 .debug_info    0x00007993      0x8c3 ./Drivers/STM32F4xx_HAL_Driver/Src/stm32f4xx_hal_rcc.o
 .debug_info    0x00008256     0x299d ./Drivers/STM32F4xx_HAL_Driver/Src/stm32f4xx_hal_tim.o
 .debug_info    0x0000abf3     0x14db ./Drivers/STM32F4xx_HAL_Driver/Src/stm32f4xx_hal_tim_ex.o
 .debug_info    0x0000c0ce     0x2f4f ./Drivers/STM32F4xx_HAL_Driver/Src/stm32f4xx_hal_uart.o
 .debug_info    0x0000f01d      0x44f ./Lib/ringBuffer_STM32/rbuf.o
 .debug_info    0x0000f46c     0x21e2 ./Middlewares/Third_Party/FreeRTOS/Source/CMSIS_RTOS/cmsis_os.o
 .debug_info    0x0001164e      0x2af ./Middlewares/Third_Party/FreeRTOS/Source/list.o
 .debug_info    0x000118fd     0x17cd ./Middlewares/Third_Party/FreeRTOS/Source/queue.o
 .debug_info    0x000130ca     0x239e ./Middlewares/Third_Party/FreeRTOS/Source/tasks.o
 .debug_info    0x00015468      0x4de ./Middlewares/Third_Party/FreeRTOS/Source/portable/GCC/ARM_CM4F/port.o
 .debug_info    0x00015946      0x4d5 ./Middlewares/Third_Party/FreeRTOS/Source/portable/MemMang/heap_4.o

.debug_abbrev   0x00000000     0x32f8
 .debug_abbrev  0x00000000      0x16f ./Core/Src/freertos.o
 .debug_abbrev  0x0000016f      0x392 ./Core/Src/main.o
 .debug_abbrev  0x00000501      0x1cc ./Core/Src/stm32f4xx_hal_msp.o
 .debug_abbrev  0x000006cd      0x1f4 ./Core/Src/stm32f4xx_hal_timebase_tim.o
 .debug_abbrev  0x000008c1      0x189 ./Core/Src/stm32f4xx_it.o
 .debug_abbrev  0x00000a4a       0xbc ./Core/Src/sysmem.o
 .debug_abbrev  0x00000b06      0x11a ./Core/Src/system_stm32f4xx.o
 .debug_abbrev  0x00000c20       0x24 ./Core/Startup/startup_stm32f405rgtx.o
 .debug_abbrev  0x00000c44      0x214 ./Drivers/STM32F4xx_HAL_Driver/Src/stm32f4xx_hal.o
 .debug_abbrev  0x00000e58      0x31d ./Drivers/STM32F4xx_HAL_Driver/Src/stm32f4xx_hal_cortex.o
 .debug_abbrev  0x00001175      0x264 ./Drivers/STM32F4xx_HAL_Driver/Src/stm32f4xx_hal_dma.o
 .debug_abbrev  0x000013d9      0x1d4 ./Drivers/STM32F4xx_HAL_Driver/Src/stm32f4xx_hal_gpio.o
 .debug_abbrev  0x000015ad      0x2b7 ./Drivers/STM32F4xx_HAL_Driver/Src/stm32f4xx_hal_rcc.o
 .debug_abbrev  0x00001864      0x278 ./Drivers/STM32F4xx_HAL_Driver/Src/stm32f4xx_hal_tim.o
 .debug_abbrev  0x00001adc      0x283 ./Drivers/STM32F4xx_HAL_Driver/Src/stm32f4xx_hal_tim_ex.o
 .debug_abbrev  0x00001d5f      0x30e ./Drivers/STM32F4xx_HAL_Driver/Src/stm32f4xx_hal_uart.o
 .debug_abbrev  0x0000206d      0x172 ./Lib/ringBuffer_STM32/rbuf.o
 .debug_abbrev  0x000021df      0x426 ./Middlewares/Third_Party/FreeRTOS/Source/CMSIS_RTOS/cmsis_os.o
 .debug_abbrev  0x00002605       0xf5 ./Middlewares/Third_Party/FreeRTOS/Source/list.o
 .debug_abbrev  0x000026fa      0x3b5 ./Middlewares/Third_Party/FreeRTOS/Source/queue.o
 .debug_abbrev  0x00002aaf      0x3d0 ./Middlewares/Third_Party/FreeRTOS/Source/tasks.o
 .debug_abbrev  0x00002e7f      0x25c ./Middlewares/Third_Party/FreeRTOS/Source/portable/GCC/ARM_CM4F/port.o
 .debug_abbrev  0x000030db      0x21d ./Middlewares/Third_Party/FreeRTOS/Source/portable/MemMang/heap_4.o

.debug_aranges  0x00000000     0x12f0
 .debug_aranges
                0x00000000       0x20 ./Core/Src/freertos.o
 .debug_aranges
                0x00000020       0xa8 ./Core/Src/main.o
 .debug_aranges
                0x000000c8       0x30 ./Core/Src/stm32f4xx_hal_msp.o
 .debug_aranges
                0x000000f8       0x30 ./Core/Src/stm32f4xx_hal_timebase_tim.o
 .debug_aranges
                0x00000128       0x68 ./Core/Src/stm32f4xx_it.o
 .debug_aranges
                0x00000190       0x20 ./Core/Src/sysmem.o
 .debug_aranges
                0x000001b0       0x28 ./Core/Src/system_stm32f4xx.o
 .debug_aranges
                0x000001d8       0x28 ./Core/Startup/startup_stm32f405rgtx.o
 .debug_aranges
                0x00000200       0xf0 ./Drivers/STM32F4xx_HAL_Driver/Src/stm32f4xx_hal.o
 .debug_aranges
                0x000002f0      0x130 ./Drivers/STM32F4xx_HAL_Driver/Src/stm32f4xx_hal_cortex.o
 .debug_aranges
                0x00000420       0x90 ./Drivers/STM32F4xx_HAL_Driver/Src/stm32f4xx_hal_dma.o
 .debug_aranges
                0x000004b0       0x58 ./Drivers/STM32F4xx_HAL_Driver/Src/stm32f4xx_hal_gpio.o
 .debug_aranges
                0x00000508       0x88 ./Drivers/STM32F4xx_HAL_Driver/Src/stm32f4xx_hal_rcc.o
 .debug_aranges
                0x00000590      0x3d0 ./Drivers/STM32F4xx_HAL_Driver/Src/stm32f4xx_hal_tim.o
 .debug_aranges
                0x00000960      0x168 ./Drivers/STM32F4xx_HAL_Driver/Src/stm32f4xx_hal_tim_ex.o
 .debug_aranges
                0x00000ac8      0x208 ./Drivers/STM32F4xx_HAL_Driver/Src/stm32f4xx_hal_uart.o
 .debug_aranges
                0x00000cd0       0x70 ./Lib/ringBuffer_STM32/rbuf.o
 .debug_aranges
                0x00000d40      0x1d8 ./Middlewares/Third_Party/FreeRTOS/Source/CMSIS_RTOS/cmsis_os.o
 .debug_aranges
                0x00000f18       0x40 ./Middlewares/Third_Party/FreeRTOS/Source/list.o
 .debug_aranges
                0x00000f58      0x108 ./Middlewares/Third_Party/FreeRTOS/Source/queue.o
 .debug_aranges
                0x00001060      0x1b8 ./Middlewares/Third_Party/FreeRTOS/Source/tasks.o
 .debug_aranges
                0x00001218       0x80 ./Middlewares/Third_Party/FreeRTOS/Source/portable/GCC/ARM_CM4F/port.o
 .debug_aranges
                0x00001298       0x58 ./Middlewares/Third_Party/FreeRTOS/Source/portable/MemMang/heap_4.o

.debug_rnglists
                0x00000000      0xeb4
 .debug_rnglists
                0x00000000       0x13 ./Core/Src/freertos.o
 .debug_rnglists
                0x00000013       0x81 ./Core/Src/main.o
 .debug_rnglists
                0x00000094       0x21 ./Core/Src/stm32f4xx_hal_msp.o
 .debug_rnglists
                0x000000b5       0x20 ./Core/Src/stm32f4xx_hal_timebase_tim.o
 .debug_rnglists
                0x000000d5       0x49 ./Core/Src/stm32f4xx_it.o
 .debug_rnglists
                0x0000011e       0x13 ./Core/Src/sysmem.o
 .debug_rnglists
                0x00000131       0x1a ./Core/Src/system_stm32f4xx.o
 .debug_rnglists
                0x0000014b       0x19 ./Core/Startup/startup_stm32f405rgtx.o
 .debug_rnglists
                0x00000164       0xaf ./Drivers/STM32F4xx_HAL_Driver/Src/stm32f4xx_hal.o
 .debug_rnglists
                0x00000213       0xe0 ./Drivers/STM32F4xx_HAL_Driver/Src/stm32f4xx_hal_cortex.o
 .debug_rnglists
                0x000002f3       0x70 ./Drivers/STM32F4xx_HAL_Driver/Src/stm32f4xx_hal_dma.o
 .debug_rnglists
                0x00000363       0x3f ./Drivers/STM32F4xx_HAL_Driver/Src/stm32f4xx_hal_gpio.o
 .debug_rnglists
                0x000003a2       0x66 ./Drivers/STM32F4xx_HAL_Driver/Src/stm32f4xx_hal_rcc.o
 .debug_rnglists
                0x00000408      0x31a ./Drivers/STM32F4xx_HAL_Driver/Src/stm32f4xx_hal_tim.o
 .debug_rnglists
                0x00000722      0x125 ./Drivers/STM32F4xx_HAL_Driver/Src/stm32f4xx_hal_tim_ex.o
 .debug_rnglists
                0x00000847      0x1bc ./Drivers/STM32F4xx_HAL_Driver/Src/stm32f4xx_hal_uart.o
 .debug_rnglists
                0x00000a03       0x51 ./Lib/ringBuffer_STM32/rbuf.o
 .debug_rnglists
                0x00000a54      0x16a ./Middlewares/Third_Party/FreeRTOS/Source/CMSIS_RTOS/cmsis_os.o
 .debug_rnglists
                0x00000bbe       0x2b ./Middlewares/Third_Party/FreeRTOS/Source/list.o
 .debug_rnglists
                0x00000be9       0xcd ./Middlewares/Third_Party/FreeRTOS/Source/queue.o
 .debug_rnglists
                0x00000cb6      0x15f ./Middlewares/Third_Party/FreeRTOS/Source/tasks.o
 .debug_rnglists
                0x00000e15       0x5d ./Middlewares/Third_Party/FreeRTOS/Source/portable/GCC/ARM_CM4F/port.o
 .debug_rnglists
                0x00000e72       0x42 ./Middlewares/Third_Party/FreeRTOS/Source/portable/MemMang/heap_4.o

.debug_macro    0x00000000    0x216f9
 .debug_macro   0x00000000      0x2f5 ./Core/Src/freertos.o
 .debug_macro   0x000002f5      0xad8 ./Core/Src/freertos.o
 .debug_macro   0x00000dcd      0x190 ./Core/Src/freertos.o
 .debug_macro   0x00000f5d       0x22 ./Core/Src/freertos.o
 .debug_macro   0x00000f7f       0x8e ./Core/Src/freertos.o
 .debug_macro   0x0000100d       0x51 ./Core/Src/freertos.o
 .debug_macro   0x0000105e      0x103 ./Core/Src/freertos.o
 .debug_macro   0x00001161       0x6a ./Core/Src/freertos.o
 .debug_macro   0x000011cb      0x1df ./Core/Src/freertos.o
 .debug_macro   0x000013aa       0xf1 ./Core/Src/freertos.o
 .debug_macro   0x0000149b      0x15a ./Core/Src/freertos.o
 .debug_macro   0x000015f5       0xde ./Core/Src/freertos.o
 .debug_macro   0x000016d3       0x1c ./Core/Src/freertos.o
 .debug_macro   0x000016ef       0x26 ./Core/Src/freertos.o
 .debug_macro   0x00001715       0x61 ./Core/Src/freertos.o
 .debug_macro   0x00001776       0x2a ./Core/Src/freertos.o
 .debug_macro   0x000017a0       0x43 ./Core/Src/freertos.o
 .debug_macro   0x000017e3       0x34 ./Core/Src/freertos.o
 .debug_macro   0x00001817      0x370 ./Core/Src/freertos.o
 .debug_macro   0x00001b87       0x16 ./Core/Src/freertos.o
 .debug_macro   0x00001b9d       0x4a ./Core/Src/freertos.o
 .debug_macro   0x00001be7       0x34 ./Core/Src/freertos.o
 .debug_macro   0x00001c1b       0x10 ./Core/Src/freertos.o
 .debug_macro   0x00001c2b       0x58 ./Core/Src/freertos.o
 .debug_macro   0x00001c83       0x8e ./Core/Src/freertos.o
 .debug_macro   0x00001d11       0x1c ./Core/Src/freertos.o
 .debug_macro   0x00001d2d      0x185 ./Core/Src/freertos.o
 .debug_macro   0x00001eb2       0x10 ./Core/Src/freertos.o
 .debug_macro   0x00001ec2       0x3c ./Core/Src/freertos.o
 .debug_macro   0x00001efe      0x4fe ./Core/Src/freertos.o
 .debug_macro   0x000023fc       0xb5 ./Core/Src/freertos.o
 .debug_macro   0x000024b1       0xaa ./Core/Src/freertos.o
 .debug_macro   0x0000255b      0x29b ./Core/Src/freertos.o
 .debug_macro   0x000027f6       0x2e ./Core/Src/freertos.o
 .debug_macro   0x00002824       0x2f ./Core/Src/freertos.o
 .debug_macro   0x00002853       0x1c ./Core/Src/freertos.o
 .debug_macro   0x0000286f       0x22 ./Core/Src/freertos.o
 .debug_macro   0x00002891       0xfb ./Core/Src/freertos.o
 .debug_macro   0x0000298c     0x1011 ./Core/Src/freertos.o
 .debug_macro   0x0000399d      0x11f ./Core/Src/freertos.o
 .debug_macro   0x00003abc    0x1427b ./Core/Src/freertos.o
 .debug_macro   0x00017d37       0x6d ./Core/Src/freertos.o
 .debug_macro   0x00017da4     0x3693 ./Core/Src/freertos.o
 .debug_macro   0x0001b437       0x56 ./Core/Src/freertos.o
 .debug_macro   0x0001b48d      0x8bc ./Core/Src/freertos.o
 .debug_macro   0x0001bd49      0x9e9 ./Core/Src/freertos.o
 .debug_macro   0x0001c732      0x115 ./Core/Src/freertos.o
 .debug_macro   0x0001c847      0x130 ./Core/Src/freertos.o
 .debug_macro   0x0001c977       0xa5 ./Core/Src/freertos.o
 .debug_macro   0x0001ca1c      0x174 ./Core/Src/freertos.o
 .debug_macro   0x0001cb90      0x287 ./Core/Src/freertos.o
 .debug_macro   0x0001ce17       0x5f ./Core/Src/freertos.o
 .debug_macro   0x0001ce76      0x236 ./Core/Src/freertos.o
 .debug_macro   0x0001d0ac      0x12c ./Core/Src/freertos.o
 .debug_macro   0x0001d1d8      0x21e ./Core/Src/freertos.o
 .debug_macro   0x0001d3f6       0x2e ./Core/Src/freertos.o
 .debug_macro   0x0001d424      0x127 ./Core/Src/freertos.o
 .debug_macro   0x0001d54b       0x7e ./Core/Src/freertos.o
 .debug_macro   0x0001d5c9       0x89 ./Core/Src/freertos.o
 .debug_macro   0x0001d652      0x8ed ./Core/Src/freertos.o
 .debug_macro   0x0001df3f       0x4d ./Core/Src/freertos.o
 .debug_macro   0x0001df8c      0x2aa ./Core/Src/freertos.o
 .debug_macro   0x0001e236      0x12d ./Core/Src/freertos.o
 .debug_macro   0x0001e363       0x4c ./Core/Src/freertos.o
 .debug_macro   0x0001e3af      0x3c3 ./Core/Src/main.o
 .debug_macro   0x0001e772       0x5c ./Core/Src/main.o
 .debug_macro   0x0001e7ce       0xf1 ./Core/Src/main.o
 .debug_macro   0x0001e8bf       0x91 ./Core/Src/main.o
 .debug_macro   0x0001e950       0x8d ./Core/Src/main.o
 .debug_macro   0x0001e9dd       0x7e ./Core/Src/main.o
 .debug_macro   0x0001ea5b       0x19 ./Core/Src/main.o
 .debug_macro   0x0001ea74       0xf2 ./Core/Src/main.o
 .debug_macro   0x0001eb66       0x16 ./Core/Src/main.o
 .debug_macro   0x0001eb7c       0x20 ./Core/Src/main.o
 .debug_macro   0x0001eb9c       0x22 ./Core/Src/main.o
 .debug_macro   0x0001ebbe       0x16 ./Core/Src/main.o
 .debug_macro   0x0001ebd4       0x16 ./Core/Src/main.o
 .debug_macro   0x0001ebea       0x29 ./Core/Src/main.o
 .debug_macro   0x0001ec13      0x1dd ./Core/Src/stm32f4xx_hal_msp.o
 .debug_macro   0x0001edf0      0x1ce ./Core/Src/stm32f4xx_hal_timebase_tim.o
 .debug_macro   0x0001efbe      0x1e7 ./Core/Src/stm32f4xx_it.o
 .debug_macro   0x0001f1a5      0x112 ./Core/Src/sysmem.o
 .debug_macro   0x0001f2b7      0x23c ./Core/Src/sysmem.o
 .debug_macro   0x0001f4f3      0x1ce ./Core/Src/system_stm32f4xx.o
 .debug_macro   0x0001f6c1      0x22e ./Drivers/STM32F4xx_HAL_Driver/Src/stm32f4xx_hal.o
 .debug_macro   0x0001f8ef      0x1ce ./Drivers/STM32F4xx_HAL_Driver/Src/stm32f4xx_hal_cortex.o
 .debug_macro   0x0001fabd      0x1d4 ./Drivers/STM32F4xx_HAL_Driver/Src/stm32f4xx_hal_dma.o
 .debug_macro   0x0001fc91      0x1d4 ./Drivers/STM32F4xx_HAL_Driver/Src/stm32f4xx_hal_gpio.o
 .debug_macro   0x0001fe65      0x1f2 ./Drivers/STM32F4xx_HAL_Driver/Src/stm32f4xx_hal_rcc.o
 .debug_macro   0x00020057      0x1cf ./Drivers/STM32F4xx_HAL_Driver/Src/stm32f4xx_hal_tim.o
 .debug_macro   0x00020226      0x1ce ./Drivers/STM32F4xx_HAL_Driver/Src/stm32f4xx_hal_tim_ex.o
 .debug_macro   0x000203f4      0x1cf ./Drivers/STM32F4xx_HAL_Driver/Src/stm32f4xx_hal_uart.o
 .debug_macro   0x000205c3      0x177 ./Lib/ringBuffer_STM32/rbuf.o
 .debug_macro   0x0002073a      0x11c ./Lib/ringBuffer_STM32/rbuf.o
 .debug_macro   0x00020856       0x9b ./Lib/ringBuffer_STM32/rbuf.o
 .debug_macro   0x000208f1      0x210 ./Middlewares/Third_Party/FreeRTOS/Source/CMSIS_RTOS/cmsis_os.o
 .debug_macro   0x00020b01       0x10 ./Middlewares/Third_Party/FreeRTOS/Source/CMSIS_RTOS/cmsis_os.o
 .debug_macro   0x00020b11       0x16 ./Middlewares/Third_Party/FreeRTOS/Source/CMSIS_RTOS/cmsis_os.o
 .debug_macro   0x00020b27       0xe9 ./Middlewares/Third_Party/FreeRTOS/Source/CMSIS_RTOS/cmsis_os.o
 .debug_macro   0x00020c10      0x199 ./Middlewares/Third_Party/FreeRTOS/Source/list.o
 .debug_macro   0x00020da9      0x228 ./Middlewares/Third_Party/FreeRTOS/Source/queue.o
 .debug_macro   0x00020fd1       0x87 ./Middlewares/Third_Party/FreeRTOS/Source/queue.o
 .debug_macro   0x00021058      0x28b ./Middlewares/Third_Party/FreeRTOS/Source/tasks.o
 .debug_macro   0x000212e3       0x10 ./Middlewares/Third_Party/FreeRTOS/Source/tasks.o
 .debug_macro   0x000212f3      0x246 ./Middlewares/Third_Party/FreeRTOS/Source/portable/GCC/ARM_CM4F/port.o
 .debug_macro   0x00021539      0x1c0 ./Middlewares/Third_Party/FreeRTOS/Source/portable/MemMang/heap_4.o

.debug_line     0x00000000    0x14e16
 .debug_line    0x00000000      0x8f5 ./Core/Src/freertos.o
 .debug_line    0x000008f5      0xf1c ./Core/Src/main.o
 .debug_line    0x00001811      0x78b ./Core/Src/stm32f4xx_hal_msp.o
 .debug_line    0x00001f9c      0x73d ./Core/Src/stm32f4xx_hal_timebase_tim.o
 .debug_line    0x000026d9      0x790 ./Core/Src/stm32f4xx_it.o
 .debug_line    0x00002e69      0x4fe ./Core/Src/sysmem.o
 .debug_line    0x00003367      0x735 ./Core/Src/system_stm32f4xx.o
 .debug_line    0x00003a9c       0x7a ./Core/Startup/startup_stm32f405rgtx.o
 .debug_line    0x00003b16      0x9b1 ./Drivers/STM32F4xx_HAL_Driver/Src/stm32f4xx_hal.o
 .debug_line    0x000044c7      0xc81 ./Drivers/STM32F4xx_HAL_Driver/Src/stm32f4xx_hal_cortex.o
 .debug_line    0x00005148      0xf1d ./Drivers/STM32F4xx_HAL_Driver/Src/stm32f4xx_hal_dma.o
 .debug_line    0x00006065      0xb09 ./Drivers/STM32F4xx_HAL_Driver/Src/stm32f4xx_hal_gpio.o
 .debug_line    0x00006b6e      0xdc0 ./Drivers/STM32F4xx_HAL_Driver/Src/stm32f4xx_hal_rcc.o
 .debug_line    0x0000792e     0x3726 ./Drivers/STM32F4xx_HAL_Driver/Src/stm32f4xx_hal_tim.o
 .debug_line    0x0000b054     0x1911 ./Drivers/STM32F4xx_HAL_Driver/Src/stm32f4xx_hal_tim_ex.o
 .debug_line    0x0000c965     0x24f9 ./Drivers/STM32F4xx_HAL_Driver/Src/stm32f4xx_hal_uart.o
 .debug_line    0x0000ee5e      0x78a ./Lib/ringBuffer_STM32/rbuf.o
 .debug_line    0x0000f5e8     0x1281 ./Middlewares/Third_Party/FreeRTOS/Source/CMSIS_RTOS/cmsis_os.o
 .debug_line    0x00010869      0x70d ./Middlewares/Third_Party/FreeRTOS/Source/list.o
 .debug_line    0x00010f76     0x1451 ./Middlewares/Third_Party/FreeRTOS/Source/queue.o
 .debug_line    0x000123c7     0x186a ./Middlewares/Third_Party/FreeRTOS/Source/tasks.o
 .debug_line    0x00013c31      0x8c1 ./Middlewares/Third_Party/FreeRTOS/Source/portable/GCC/ARM_CM4F/port.o
 .debug_line    0x000144f2      0x924 ./Middlewares/Third_Party/FreeRTOS/Source/portable/MemMang/heap_4.o

.debug_str      0x00000000    0xc99f4
 .debug_str     0x00000000    0xc99f4 ./Core/Src/freertos.o
                              0xc0679 (size before relaxing)
 .debug_str     0x000c99f4        0x0 ./Core/Src/main.o
                              0xc3c7c (size before relaxing)
 .debug_str     0x000c99f4        0x0 ./Core/Src/stm32f4xx_hal_msp.o
                              0xb9de6 (size before relaxing)
 .debug_str     0x000c99f4        0x0 ./Core/Src/stm32f4xx_hal_timebase_tim.o
                              0xb9e0d (size before relaxing)
 .debug_str     0x000c99f4        0x0 ./Core/Src/stm32f4xx_it.o
                              0xb9af1 (size before relaxing)
 .debug_str     0x000c99f4        0x0 ./Core/Src/sysmem.o
                               0x77ac (size before relaxing)
 .debug_str     0x000c99f4        0x0 ./Core/Src/system_stm32f4xx.o
                              0xb9336 (size before relaxing)
 .debug_str     0x000c99f4        0x0 ./Core/Startup/startup_stm32f405rgtx.o
                                 0xae (size before relaxing)
 .debug_str     0x000c99f4        0x0 ./Drivers/STM32F4xx_HAL_Driver/Src/stm32f4xx_hal.o
                              0xb9e99 (size before relaxing)
 .debug_str     0x000c99f4        0x0 ./Drivers/STM32F4xx_HAL_Driver/Src/stm32f4xx_hal_cortex.o
                              0xb9c15 (size before relaxing)
 .debug_str     0x000c99f4        0x0 ./Drivers/STM32F4xx_HAL_Driver/Src/stm32f4xx_hal_dma.o
                              0xb9750 (size before relaxing)
 .debug_str     0x000c99f4        0x0 ./Drivers/STM32F4xx_HAL_Driver/Src/stm32f4xx_hal_gpio.o
                              0xb94b1 (size before relaxing)
 .debug_str     0x000c99f4        0x0 ./Drivers/STM32F4xx_HAL_Driver/Src/stm32f4xx_hal_rcc.o
                              0xb976a (size before relaxing)
 .debug_str     0x000c99f4        0x0 ./Drivers/STM32F4xx_HAL_Driver/Src/stm32f4xx_hal_tim.o
                              0xba6c0 (size before relaxing)
 .debug_str     0x000c99f4        0x0 ./Drivers/STM32F4xx_HAL_Driver/Src/stm32f4xx_hal_tim_ex.o
                              0xb9ecc (size before relaxing)
 .debug_str     0x000c99f4        0x0 ./Drivers/STM32F4xx_HAL_Driver/Src/stm32f4xx_hal_uart.o
                              0xb9d4b (size before relaxing)
 .debug_str     0x000c99f4        0x0 ./Lib/ringBuffer_STM32/rbuf.o
                               0x7586 (size before relaxing)
 .debug_str     0x000c99f4        0x0 ./Middlewares/Third_Party/FreeRTOS/Source/CMSIS_RTOS/cmsis_os.o
                               0xeebe (size before relaxing)
 .debug_str     0x000c99f4        0x0 ./Middlewares/Third_Party/FreeRTOS/Source/list.o
                               0xac75 (size before relaxing)
 .debug_str     0x000c99f4        0x0 ./Middlewares/Third_Party/FreeRTOS/Source/queue.o
                               0xc608 (size before relaxing)
 .debug_str     0x000c99f4        0x0 ./Middlewares/Third_Party/FreeRTOS/Source/tasks.o
                               0xd32f (size before relaxing)
 .debug_str     0x000c99f4        0x0 ./Middlewares/Third_Party/FreeRTOS/Source/portable/GCC/ARM_CM4F/port.o
                               0xb9af (size before relaxing)
 .debug_str     0x000c99f4        0x0 ./Middlewares/Third_Party/FreeRTOS/Source/portable/MemMang/heap_4.o
                               0xb5b7 (size before relaxing)

.comment        0x00000000       0x43
 .comment       0x00000000       0x43 ./Core/Src/freertos.o
                                 0x44 (size before relaxing)
 .comment       0x00000043        0x0 ./Core/Src/main.o
                                 0x44 (size before relaxing)
 .comment       0x00000043        0x0 ./Core/Src/stm32f4xx_hal_msp.o
                                 0x44 (size before relaxing)
 .comment       0x00000043        0x0 ./Core/Src/stm32f4xx_hal_timebase_tim.o
                                 0x44 (size before relaxing)
 .comment       0x00000043        0x0 ./Core/Src/stm32f4xx_it.o
                                 0x44 (size before relaxing)
 .comment       0x00000043        0x0 ./Core/Src/sysmem.o
                                 0x44 (size before relaxing)
 .comment       0x00000043        0x0 ./Core/Src/system_stm32f4xx.o
                                 0x44 (size before relaxing)
 .comment       0x00000043        0x0 ./Drivers/STM32F4xx_HAL_Driver/Src/stm32f4xx_hal.o
                                 0x44 (size before relaxing)
 .comment       0x00000043        0x0 ./Drivers/STM32F4xx_HAL_Driver/Src/stm32f4xx_hal_cortex.o
                                 0x44 (size before relaxing)
 .comment       0x00000043        0x0 ./Drivers/STM32F4xx_HAL_Driver/Src/stm32f4xx_hal_dma.o
                                 0x44 (size before relaxing)
 .comment       0x00000043        0x0 ./Drivers/STM32F4xx_HAL_Driver/Src/stm32f4xx_hal_gpio.o
                                 0x44 (size before relaxing)
 .comment       0x00000043        0x0 ./Drivers/STM32F4xx_HAL_Driver/Src/stm32f4xx_hal_rcc.o
                                 0x44 (size before relaxing)
 .comment       0x00000043        0x0 ./Drivers/STM32F4xx_HAL_Driver/Src/stm32f4xx_hal_tim.o
                                 0x44 (size before relaxing)
 .comment       0x00000043        0x0 ./Drivers/STM32F4xx_HAL_Driver/Src/stm32f4xx_hal_tim_ex.o
                                 0x44 (size before relaxing)
 .comment       0x00000043        0x0 ./Drivers/STM32F4xx_HAL_Driver/Src/stm32f4xx_hal_uart.o
                                 0x44 (size before relaxing)
 .comment       0x00000043        0x0 ./Lib/ringBuffer_STM32/rbuf.o
                                 0x44 (size before relaxing)
 .comment       0x00000043        0x0 ./Middlewares/Third_Party/FreeRTOS/Source/CMSIS_RTOS/cmsis_os.o
                                 0x44 (size before relaxing)
 .comment       0x00000043        0x0 ./Middlewares/Third_Party/FreeRTOS/Source/list.o
                                 0x44 (size before relaxing)
 .comment       0x00000043        0x0 ./Middlewares/Third_Party/FreeRTOS/Source/queue.o
                                 0x44 (size before relaxing)
 .comment       0x00000043        0x0 ./Middlewares/Third_Party/FreeRTOS/Source/tasks.o
                                 0x44 (size before relaxing)
 .comment       0x00000043        0x0 ./Middlewares/Third_Party/FreeRTOS/Source/portable/GCC/ARM_CM4F/port.o
                                 0x44 (size before relaxing)
 .comment       0x00000043        0x0 ./Middlewares/Third_Party/FreeRTOS/Source/portable/MemMang/heap_4.o
                                 0x44 (size before relaxing)

.debug_frame    0x00000000     0x5210
 .debug_frame   0x00000000       0x38 ./Core/Src/freertos.o
 .debug_frame   0x00000038      0x26c ./Core/Src/main.o
 .debug_frame   0x000002a4       0x7c ./Core/Src/stm32f4xx_hal_msp.o
 .debug_frame   0x00000320       0x74 ./Core/Src/stm32f4xx_hal_timebase_tim.o
 .debug_frame   0x00000394      0x118 ./Core/Src/stm32f4xx_it.o
 .debug_frame   0x000004ac       0x34 ./Core/Src/sysmem.o
 .debug_frame   0x000004e0       0x58 ./Core/Src/system_stm32f4xx.o
 .debug_frame   0x00000538      0x374 ./Drivers/STM32F4xx_HAL_Driver/Src/stm32f4xx_hal.o
 .debug_frame   0x000008ac      0x508 ./Drivers/STM32F4xx_HAL_Driver/Src/stm32f4xx_hal_cortex.o